[INFO] [UHD] linux; GNU C++ version 15.2.0; Boost_109000; UHD_4.9.0.1-1ubuntu1
[INFO] [B200] Detected Device: B205mini
[INFO] [B200] Operating over USB 3.
[INFO] [B200] Initialize CODEC control...
[INFO] [B200] Initialize Radio control...
[INFO] [B200] Performing register loopback test... 
[INFO] [B200] Register loopback test passed
[INFO] [B200] Setting master clock rate selection to 'automatic'.
[INFO] [B200] Asking for clock rate 16.000000 MHz... 
[INFO] [B200] Actually got clock rate 16.000000 MHz.
OURS: UserFreqs(center=912035600.0, f0=-2400.0, f1=2400.0)
THEIRS: UserFreqs(center=912064400.0, f0=-2400.0, f1=2400.0)
RX GAIN: 40
TX GAIN: 40
SAMPLE RATE: 240000.0 (fs/2 == 120000.0)
SYMBOL RATE: 2400
FREQ SEP: 4800
BANDWIDTH: 9600
CUTOFF: 5000.0
[INFO] [B200] Asking for clock rate 61.440000 MHz... 
[INFO] [B200] Actually got clock rate 61.440000 MHz.
[RX] Starting
RECEIVE FRAME EXP DATA: b'0100110001101111011100100110010101101101001000000110100101110000011100110111010101101101001000000110010001101111011011000110111101110010001000000111001101101001011101000010000001100001011011010110010101110100001011000010000001011111010111110101111100111111' (debug is True)
BUFFER THRESHOLD: 100000 (CONTROL: 100000)
EXP3E: Stateful Symbol Timing - Stateful M&M (interpolate)
[MM] Starting Values: samples_per_symbol=100.0000 interp=16 gain_mu=0.1750 gain_omega=0.0077 omega_relative_limit=0.0050
[MM] mu=0.0000 omega=100.0000 (nominal=100.0000, clip=±0.50%) residual_len=0
You have 5 seconds to start the other user!
[MM] mu=0.9279 omega=100.0026 (nominal=100.0000, clip=±0.50%) residual_len=4
[MM] mu=0.1210 omega=100.0707 (nominal=100.0000, clip=±0.50%) residual_len=0
[MM] mu=0.8800 omega=100.1450 (nominal=100.0000, clip=±0.50%) residual_len=1
[MM] mu=0.1447 omega=100.1989 (nominal=100.0000, clip=±0.50%) residual_len=0
[MM] mu=0.4576 omega=100.1980 (nominal=100.0000, clip=±0.50%) residual_len=0
[MM] mu=0.9782 omega=100.1982 (nominal=100.0000, clip=±0.50%) residual_len=0
[MM] mu=0.6518 omega=100.1017 (nominal=100.0000, clip=±0.50%) residual_len=0
[MM] mu=0.2543 omega=100.1599 (nominal=100.0000, clip=±0.50%) residual_len=0
[MM] mu=0.7586 omega=100.1168 (nominal=100.0000, clip=±0.50%) residual_len=0
[MM] mu=0.0579 omega=100.0527 (nominal=100.0000, clip=±0.50%) residual_len=0
[MM] mu=0.8533 omega=100.1632 (nominal=100.0000, clip=±0.50%) residual_len=4
[TX] Sending - Lorem ipsum dolor sit amet, ___?
[MM] mu=0.3161 omega=100.1991 (nominal=100.0000, clip=±0.50%) residual_len=2
[MM] mu=0.3779 omega=100.2794 (nominal=100.0000, clip=±0.50%) residual_len=0
[MM] mu=0.6149 omega=100.1845 (nominal=100.0000, clip=±0.50%) residual_len=0
[MM] mu=0.4822 omega=100.1901 (nominal=100.0000, clip=±0.50%) residual_len=0
[MM] mu=0.6445 omega=100.2252 (nominal=100.0000, clip=±0.50%) residual_len=9
[TX] Sending - Lorem ipsum dolor sit amet, ___?
[MM] mu=0.0965 omega=100.2302 (nominal=100.0000, clip=±0.50%) residual_len=2
[MM] mu=0.3772 omega=100.2715 (nominal=100.0000, clip=±0.50%) residual_len=0
[MM] mu=0.1641 omega=100.2854 (nominal=100.0000, clip=±0.50%) residual_len=0
[MM] mu=0.9007 omega=100.2738 (nominal=100.0000, clip=±0.50%) residual_len=15
[MM] mu=0.9031 omega=100.2461 (nominal=100.0000, clip=±0.50%) residual_len=0
[TX] Sending - Lorem ipsum dolor sit amet, ___?
[MM] mu=0.0141 omega=100.3146 (nominal=100.0000, clip=±0.50%) residual_len=1
[MM] mu=0.9406 omega=100.3142 (nominal=100.0000, clip=±0.50%) residual_len=0
[MM] mu=0.8791 omega=100.3353 (nominal=100.0000, clip=±0.50%) residual_len=0
[MM] mu=0.3352 omega=100.3134 (nominal=100.0000, clip=±0.50%) residual_len=0
[MM] mu=0.3610 omega=100.2564 (nominal=100.0000, clip=±0.50%) residual_len=0
[TX] Sending - Lorem ipsum dolor sit amet, ___?
[MM] mu=0.1455 omega=100.2099 (nominal=100.0000, clip=±0.50%) residual_len=0
[MM] mu=0.4337 omega=100.2878 (nominal=100.0000, clip=±0.50%) residual_len=0
[MM] mu=0.2313 omega=100.2737 (nominal=100.0000, clip=±0.50%) residual_len=0
[RX] SYNCWORD BER: 0.0
[MM] mu=0.8158 omega=100.2714 (nominal=100.0000, clip=±0.50%) residual_len=0
[RX] DATA BER: 0.0390625
[RX] Dropping failed checksum
[TX] Sending - Lorem ipsum dolor sit amet, ___?
[MM] mu=0.8052 omega=100.2731 (nominal=100.0000, clip=±0.50%) residual_len=0
[MM] mu=0.4981 omega=100.2289 (nominal=100.0000, clip=±0.50%) residual_len=0
[MM] mu=0.0808 omega=100.2321 (nominal=100.0000, clip=±0.50%) residual_len=0
[MM] mu=0.1672 omega=100.2116 (nominal=100.0000, clip=±0.50%) residual_len=0
[RX] SYNCWORD BER: 0.0
[MM] mu=0.6056 omega=100.2551 (nominal=100.0000, clip=±0.50%) residual_len=0
[RX] DATA BER: 0.0
[RX] Dropping failed checksum
[TX] Sending - Lorem ipsum dolor sit amet, ___?
[MM] mu=0.7329 omega=100.2083 (nominal=100.0000, clip=±0.50%) residual_len=0
[MM] mu=0.8043 omega=100.1642 (nominal=100.0000, clip=±0.50%) residual_len=0
[MM] mu=0.6465 omega=100.1575 (nominal=100.0000, clip=±0.50%) residual_len=0
[MM] mu=0.9278 omega=100.1540 (nominal=100.0000, clip=±0.50%) residual_len=0
[RX] SYNCWORD BER: 0.5
[RX] SYNCWORD BER: 0.5
[RX] SYNCWORD BER: 0.5625
[RX] SYNCWORD BER: 0.46875
[RX] SYNCWORD BER: 0.5
[MM] mu=0.0479 omega=100.1582 (nominal=100.0000, clip=±0.50%) residual_len=0
[TX] Sending - Lorem ipsum dolor sit amet, ___?
[MM] mu=0.3322 omega=100.1604 (nominal=100.0000, clip=±0.50%) residual_len=0
[MM] mu=0.1012 omega=100.1509 (nominal=100.0000, clip=±0.50%) residual_len=0
[MM] mu=0.5338 omega=100.1917 (nominal=100.0000, clip=±0.50%) residual_len=0
[RX] SYNCWORD BER: 0.0
[MM] mu=0.2182 omega=100.1693 (nominal=100.0000, clip=±0.50%) residual_len=0
[RX] DATA BER: 0.0
[RX] Dropping failed checksum
[TX] Sending - Lorem ipsum dolor sit amet, ___?
[MM] mu=0.8440 omega=100.1355 (nominal=100.0000, clip=±0.50%) residual_len=0
[MM] mu=0.5226 omega=100.1518 (nominal=100.0000, clip=±0.50%) residual_len=0
[MM] mu=0.6044 omega=100.0989 (nominal=100.0000, clip=±0.50%) residual_len=0
[MM] mu=0.8670 omega=100.0914 (nominal=100.0000, clip=±0.50%) residual_len=1
[MM] mu=0.8276 omega=100.0902 (nominal=100.0000, clip=±0.50%) residual_len=9
[TX] Sending - Lorem ipsum dolor sit amet, ___?
[MM] mu=0.1508 omega=100.1207 (nominal=100.0000, clip=±0.50%) residual_len=0
[MM] mu=0.6247 omega=100.1591 (nominal=100.0000, clip=±0.50%) residual_len=0
[MM] mu=0.4556 omega=100.1618 (nominal=100.0000, clip=±0.50%) residual_len=0
[MM] mu=0.9284 omega=100.1465 (nominal=100.0000, clip=±0.50%) residual_len=0
[RX] SYNCWORD BER: 0.0
[MM] mu=0.9983 omega=100.1791 (nominal=100.0000, clip=±0.50%) residual_len=0
[RX] DATA BER: 0.0

[RX] Received: Lorem ipsum dolor sit amet, ___?

[TX] Sending - Lorem ipsum dolor sit amet, ___?
[MM] mu=0.8653 omega=100.1140 (nominal=100.0000, clip=±0.50%) residual_len=0
[MM] mu=0.8121 omega=100.1199 (nominal=100.0000, clip=±0.50%) residual_len=0
[MM] mu=0.9986 omega=100.1573 (nominal=100.0000, clip=±0.50%) residual_len=0
[MM] mu=0.9342 omega=100.1365 (nominal=100.0000, clip=±0.50%) residual_len=0
[RX] SYNCWORD BER: 0.03125
[RX] SYNCWORD BER: 0.625
[RX] SYNCWORD BER: 0.4375
[RX] SYNCWORD BER: 0.59375
[RX] SYNCWORD BER: 0.53125
[RX] SYNCWORD BER: 0.46875
[TX] Sending - Lorem ipsum dolor sit amet, ___?
[MM] mu=0.5485 omega=100.0670 (nominal=100.0000, clip=±0.50%) residual_len=0
[MM] mu=0.4642 omega=99.9942 (nominal=100.0000, clip=±0.50%) residual_len=0
[MM] mu=0.6113 omega=99.9931 (nominal=100.0000, clip=±0.50%) residual_len=12
[MM] mu=0.9716 omega=99.9902 (nominal=100.0000, clip=±0.50%) residual_len=0
[RX] SYNCWORD BER: 0.0
[MM] mu=0.5969 omega=99.9811 (nominal=100.0000, clip=±0.50%) residual_len=1
[RX] DATA BER: 0.0
[RX] Dropping failed checksum
[TX] Sending - Lorem ipsum dolor sit amet, ___?
[MM] mu=0.7135 omega=99.9331 (nominal=100.0000, clip=±0.50%) residual_len=0
[MM] mu=0.9267 omega=99.8917 (nominal=100.0000, clip=±0.50%) residual_len=0
[MM] mu=0.6479 omega=99.8841 (nominal=100.0000, clip=±0.50%) residual_len=0
[MM] mu=0.3388 omega=99.8653 (nominal=100.0000, clip=±0.50%) residual_len=0
[RX] SYNCWORD BER: 0.0
[MM] mu=0.3094 omega=99.8769 (nominal=100.0000, clip=±0.50%) residual_len=0
[RX] DATA BER: 0.10546875
[RX] Dropping failed checksum
[TX] Sending - Lorem ipsum dolor sit amet, ___?
[MM] mu=0.9346 omega=99.8682 (nominal=100.0000, clip=±0.50%) residual_len=0
[MM] mu=0.5010 omega=99.8657 (nominal=100.0000, clip=±0.50%) residual_len=0
[MM] mu=0.6504 omega=99.8549 (nominal=100.0000, clip=±0.50%) residual_len=0
[MM] mu=0.2567 omega=99.8461 (nominal=100.0000, clip=±0.50%) residual_len=0
[RX] SYNCWORD BER: 0.0
[RX] DATA BER: 0.0
[RX] Dropping failed checksum
[MM] mu=0.0983 omega=99.8813 (nominal=100.0000, clip=±0.50%) residual_len=12
[TX] Sending - Lorem ipsum dolor sit amet, ___?
[MM] mu=0.4843 omega=99.9050 (nominal=100.0000, clip=±0.50%) residual_len=0
[MM] mu=0.8953 omega=99.9623 (nominal=100.0000, clip=±0.50%) residual_len=0
[MM] mu=0.5612 omega=100.0095 (nominal=100.0000, clip=±0.50%) residual_len=13
[RX] SYNCWORD BER: 0.0
[MM] mu=0.5361 omega=99.9642 (nominal=100.0000, clip=±0.50%) residual_len=15
[RX] DATA BER: 0.0

[RX] Received: Lorem ipsum dolor sit amet, ___?

[TX] Sending - Lorem ipsum dolor sit amet, ___?
[MM] mu=0.7816 omega=99.9758 (nominal=100.0000, clip=±0.50%) residual_len=0
[MM] mu=0.4996 omega=99.8993 (nominal=100.0000, clip=±0.50%) residual_len=0
[MM] mu=0.3137 omega=99.8919 (nominal=100.0000, clip=±0.50%) residual_len=7
[MM] mu=0.9074 omega=99.8752 (nominal=100.0000, clip=±0.50%) residual_len=0
[RX] SYNCWORD BER: 0.0
[MM] mu=0.5365 omega=99.8594 (nominal=100.0000, clip=±0.50%) residual_len=0
[RX] DATA BER: 0.05078125
[RX] Dropping failed checksum
[TX] Sending - Lorem ipsum dolor sit amet, ___?
[MM] mu=0.1488 omega=99.8902 (nominal=100.0000, clip=±0.50%) residual_len=0
[MM] mu=0.0754 omega=99.8657 (nominal=100.0000, clip=±0.50%) residual_len=0
[MM] mu=0.0388 omega=99.8495 (nominal=100.0000, clip=±0.50%) residual_len=0
[MM] mu=0.4757 omega=99.8489 (nominal=100.0000, clip=±0.50%) residual_len=0
[RX] SYNCWORD BER: 0.0
[MM] mu=0.1736 omega=99.8875 (nominal=100.0000, clip=±0.50%) residual_len=0
[RX] DATA BER: 0.0
[RX] Dropping failed checksum
[TX] Sending - Lorem ipsum dolor sit amet, ___?
[MM] mu=0.1055 omega=99.7707 (nominal=100.0000, clip=±0.50%) residual_len=0
[MM] mu=0.4406 omega=99.7477 (nominal=100.0000, clip=±0.50%) residual_len=0
[MM] mu=0.1228 omega=99.8185 (nominal=100.0000, clip=±0.50%) residual_len=9
[RX] SYNCWORD BER: 0.5
[RX] SYNCWORD BER: 0.5
[RX] SYNCWORD BER: 0.5
[RX] SYNCWORD BER: 0.5
[RX] SYNCWORD BER: 0.5
[MM] mu=0.7303 omega=99.7788 (nominal=100.0000, clip=±0.50%) residual_len=14
[TX] Sending - Lorem ipsum dolor sit amet, ___?
[MM] mu=0.1904 omega=99.7268 (nominal=100.0000, clip=±0.50%) residual_len=0
[MM] mu=0.2589 omega=99.7769 (nominal=100.0000, clip=±0.50%) residual_len=0
[MM] mu=0.0342 omega=99.7632 (nominal=100.0000, clip=±0.50%) residual_len=0
[MM] mu=0.3060 omega=99.7026 (nominal=100.0000, clip=±0.50%) residual_len=0
[RX] SYNCWORD BER: 0.5625
[RX] SYNCWORD BER: 0.0
[MM] mu=0.1647 omega=99.7099 (nominal=100.0000, clip=±0.50%) residual_len=5
[RX] DATA BER: 0.265625
[RX] Dropping failed checksum
[TX] Sending - Lorem ipsum dolor sit amet, ___?
[MM] mu=0.6698 omega=99.6227 (nominal=100.0000, clip=±0.50%) residual_len=0
[MM] mu=0.7059 omega=99.6285 (nominal=100.0000, clip=±0.50%) residual_len=0
[MM] mu=0.5279 omega=99.6303 (nominal=100.0000, clip=±0.50%) residual_len=0
[MM] mu=0.8858 omega=99.6356 (nominal=100.0000, clip=±0.50%) residual_len=0
[RX] SYNCWORD BER: 0.0
[MM] mu=0.6514 omega=99.6272 (nominal=100.0000, clip=±0.50%) residual_len=0
[RX] DATA BER: 0.25
[RX] Dropping failed checksum
[TX] Sending - Lorem ipsum dolor sit amet, ___?
[MM] mu=0.8723 omega=99.6855 (nominal=100.0000, clip=±0.50%) residual_len=0
[MM] mu=0.4568 omega=99.6119 (nominal=100.0000, clip=±0.50%) residual_len=0
[MM] mu=0.7648 omega=99.6636 (nominal=100.0000, clip=±0.50%) residual_len=0
[MM] mu=0.5008 omega=99.6682 (nominal=100.0000, clip=±0.50%) residual_len=0
[RX] SYNCWORD BER: 0.0
[RX] DATA BER: 0.21875
[RX] Dropping failed checksum
[MM] mu=0.8346 omega=99.6865 (nominal=100.0000, clip=±0.50%) residual_len=0
[TX] Sending - Lorem ipsum dolor sit amet, ___?
[MM] mu=0.6155 omega=99.6476 (nominal=100.0000, clip=±0.50%) residual_len=0
[MM] mu=0.8122 omega=99.5838 (nominal=100.0000, clip=±0.50%) residual_len=0
[MM] mu=0.8429 omega=99.5815 (nominal=100.0000, clip=±0.50%) residual_len=13
[RX] SYNCWORD BER: 0.0
[MM] mu=0.9580 omega=99.5811 (nominal=100.0000, clip=±0.50%) residual_len=0
[RX] DATA BER: 0.3203125
[RX] Dropping failed checksum
[TX] Sending - Lorem ipsum dolor sit amet, ___?
[MM] mu=0.0873 omega=99.5257 (nominal=100.0000, clip=±0.50%) residual_len=0
[MM] mu=0.1415 omega=99.6408 (nominal=100.0000, clip=±0.50%) residual_len=0
[MM] mu=0.1940 omega=99.6182 (nominal=100.0000, clip=±0.50%) residual_len=0
[MM] mu=0.7202 omega=99.6248 (nominal=100.0000, clip=±0.50%) residual_len=0
[RX] SYNCWORD BER: 0.0
[MM] mu=0.7020 omega=99.5903 (nominal=100.0000, clip=±0.50%) residual_len=6
[RX] DATA BER: 0.25390625
[RX] Dropping failed checksum
[TX] Sending - Lorem ipsum dolor sit amet, ___?
[MM] mu=0.2315 omega=99.5228 (nominal=100.0000, clip=±0.50%) residual_len=0
[MM] mu=0.2515 omega=99.5382 (nominal=100.0000, clip=±0.50%) residual_len=0
[MM] mu=0.7976 omega=99.5240 (nominal=100.0000, clip=±0.50%) residual_len=0
[MM] mu=0.8041 omega=99.5013 (nominal=100.0000, clip=±0.50%) residual_len=0
[RX] SYNCWORD BER: 0.03125
[RX] SYNCWORD BER: 0.5625
[RX] SYNCWORD BER: 0.46875
[RX] SYNCWORD BER: 0.5625
[RX] SYNCWORD BER: 0.5
[MM] mu=0.0680 omega=99.5153 (nominal=100.0000, clip=±0.50%) residual_len=1
[TX] Sending - Lorem ipsum dolor sit amet, ___?
[MM] mu=0.0568 omega=99.5222 (nominal=100.0000, clip=±0.50%) residual_len=0
[MM] mu=0.2407 omega=99.5150 (nominal=100.0000, clip=±0.50%) residual_len=4
[MM] mu=0.6812 omega=99.5276 (nominal=100.0000, clip=±0.50%) residual_len=0
[RX] SYNCWORD BER: 0.0
[MM] mu=0.7300 omega=99.5357 (nominal=100.0000, clip=±0.50%) residual_len=0
[RX] DATA BER: 0.3515625
[RX] Dropping failed checksum
[TX] Sending - Lorem ipsum dolor sit amet, ___?
[MM] mu=0.7550 omega=99.5032 (nominal=100.0000, clip=±0.50%) residual_len=5
[MM] mu=0.1683 omega=99.5772 (nominal=100.0000, clip=±0.50%) residual_len=0
[MM] mu=0.2828 omega=99.6197 (nominal=100.0000, clip=±0.50%) residual_len=12
[MM] mu=0.7182 omega=99.6265 (nominal=100.0000, clip=±0.50%) residual_len=0
[RX] SYNCWORD BER: 0.3125
[MM] mu=0.7364 omega=99.6140 (nominal=100.0000, clip=±0.50%) residual_len=0
[TX] Sending - Lorem ipsum dolor sit amet, ___?
[MM] mu=0.2749 omega=99.6046 (nominal=100.0000, clip=±0.50%) residual_len=0
[MM] mu=0.3017 omega=99.6106 (nominal=100.0000, clip=±0.50%) residual_len=2
[MM] mu=0.2576 omega=99.6792 (nominal=100.0000, clip=±0.50%) residual_len=0
[MM] mu=0.4708 omega=99.6485 (nominal=100.0000, clip=±0.50%) residual_len=0
[RX] SYNCWORD BER: 0.1875
[RX] SYNCWORD BER: 0.5625
[MM] mu=0.5540 omega=99.6497 (nominal=100.0000, clip=±0.50%) residual_len=0
[TX] Sending - Lorem ipsum dolor sit amet, ___?
[MM] mu=0.8951 omega=99.7144 (nominal=100.0000, clip=±0.50%) residual_len=7
[MM] mu=0.4215 omega=99.7498 (nominal=100.0000, clip=±0.50%) residual_len=0
[MM] mu=0.9093 omega=99.7781 (nominal=100.0000, clip=±0.50%) residual_len=0
[MM] mu=0.1891 omega=99.7763 (nominal=100.0000, clip=±0.50%) residual_len=0
[RX] SYNCWORD BER: 0.03125
[RX] SYNCWORD BER: 0.5625
[RX] SYNCWORD BER: 0.53125
[RX] SYNCWORD BER: 0.46875
[RX] SYNCWORD BER: 0.53125
[MM] mu=0.1129 omega=99.7996 (nominal=100.0000, clip=±0.50%) residual_len=15
[TX] Sending - Lorem ipsum dolor sit amet, ___?
[MM] mu=0.2952 omega=99.7722 (nominal=100.0000, clip=±0.50%) residual_len=0
[MM] mu=0.4702 omega=99.7964 (nominal=100.0000, clip=±0.50%) residual_len=0
[MM] mu=0.0010 omega=99.7816 (nominal=100.0000, clip=±0.50%) residual_len=0
[MM] mu=0.0641 omega=99.7665 (nominal=100.0000, clip=±0.50%) residual_len=0
[TX] Sending - Lorem ipsum dolor sit amet, ___?
[MM] mu=0.6242 omega=99.8041 (nominal=100.0000, clip=±0.50%) residual_len=0
[MM] mu=0.7838 omega=99.8052 (nominal=100.0000, clip=±0.50%) residual_len=0
[MM] mu=0.4822 omega=99.8648 (nominal=100.0000, clip=±0.50%) residual_len=0
[MM] mu=0.6284 omega=99.8182 (nominal=100.0000, clip=±0.50%) residual_len=0
[RX] SYNCWORD BER: 0.5
[RX] SYNCWORD BER: 0.46875
[RX] SYNCWORD BER: 0.53125
[RX] SYNCWORD BER: 0.46875
[RX] SYNCWORD BER: 0.5
[RX] SYNCWORD BER: 0.5
[MM] mu=0.4728 omega=99.8264 (nominal=100.0000, clip=±0.50%) residual_len=0
[TX] Sending - Lorem ipsum dolor sit amet, ___?
[MM] mu=0.1257 omega=99.7714 (nominal=100.0000, clip=±0.50%) residual_len=0
[MM] mu=0.4583 omega=99.7938 (nominal=100.0000, clip=±0.50%) residual_len=0
[MM] mu=0.7911 omega=99.7741 (nominal=100.0000, clip=±0.50%) residual_len=0
[MM] mu=0.8535 omega=99.7451 (nominal=100.0000, clip=±0.50%) residual_len=0
[RX] SYNCWORD BER: 0.03125
[RX] SYNCWORD BER: 0.5625
[RX] SYNCWORD BER: 0.5
[RX] SYNCWORD BER: 0.53125
[MM] mu=0.1472 omega=99.7394 (nominal=100.0000, clip=±0.50%) residual_len=0
[TX] Sending - Lorem ipsum dolor sit amet, ___?
[MM] mu=0.7261 omega=99.6979 (nominal=100.0000, clip=±0.50%) residual_len=0
[MM] mu=0.2653 omega=99.6928 (nominal=100.0000, clip=±0.50%) residual_len=0
[MM] mu=0.4996 omega=99.6745 (nominal=100.0000, clip=±0.50%) residual_len=0
[MM] mu=0.9678 omega=99.6226 (nominal=100.0000, clip=±0.50%) residual_len=0
[TX] Sending - Lorem ipsum dolor sit amet, ___?
[MM] mu=0.0003 omega=99.7034 (nominal=100.0000, clip=±0.50%) residual_len=0
[MM] mu=0.9888 omega=99.6258 (nominal=100.0000, clip=±0.50%) residual_len=0
[MM] mu=0.3023 omega=99.6977 (nominal=100.0000, clip=±0.50%) residual_len=0
[MM] mu=0.2089 omega=99.6994 (nominal=100.0000, clip=±0.50%) residual_len=4
[RX] SYNCWORD BER: 0.0
[MM] mu=0.1578 omega=99.7194 (nominal=100.0000, clip=±0.50%) residual_len=2
[RX] DATA BER: 0.1484375
[RX] Dropping failed checksum
[TX] Sending - Lorem ipsum dolor sit amet, ___?
[MM] mu=0.7340 omega=99.7241 (nominal=100.0000, clip=±0.50%) residual_len=0
[MM] mu=0.2471 omega=99.6734 (nominal=100.0000, clip=±0.50%) residual_len=0
[MM] mu=0.5753 omega=99.6025 (nominal=100.0000, clip=±0.50%) residual_len=0
[MM] mu=0.4435 omega=99.6039 (nominal=100.0000, clip=±0.50%) residual_len=0
[RX] SYNCWORD BER: 0.0
[MM] mu=0.2521 omega=99.6579 (nominal=100.0000, clip=±0.50%) residual_len=0
[RX] DATA BER: 0.2265625
[RX] Dropping failed checksum
[TX] Sending - Lorem ipsum dolor sit amet, ___?
[MM] mu=0.4846 omega=99.6919 (nominal=100.0000, clip=±0.50%) residual_len=0
[MM] mu=0.5182 omega=99.7160 (nominal=100.0000, clip=±0.50%) residual_len=0
[MM] mu=0.3909 omega=99.7070 (nominal=100.0000, clip=±0.50%) residual_len=0
[RX] SYNCWORD BER: 0.0
[MM] mu=0.0515 omega=99.6876 (nominal=100.0000, clip=±0.50%) residual_len=13
[RX] DATA BER: 0.203125
[RX] Dropping failed checksum
[TX] Sending - Lorem ipsum dolor sit amet, ___?
[MM] mu=0.6374 omega=99.5995 (nominal=100.0000, clip=±0.50%) residual_len=0
[MM] mu=0.7559 omega=99.6806 (nominal=100.0000, clip=±0.50%) residual_len=0
[MM] mu=0.4970 omega=99.7320 (nominal=100.0000, clip=±0.50%) residual_len=0
[MM] mu=0.1882 omega=99.7047 (nominal=100.0000, clip=±0.50%) residual_len=0
[RX] SYNCWORD BER: 0.0
[MM] mu=0.6523 omega=99.6791 (nominal=100.0000, clip=±0.50%) residual_len=0
[RX] DATA BER: 0.20703125
[RX] Dropping failed checksum
[TX] Sending - Lorem ipsum dolor sit amet, ___?
[MM] mu=0.7905 omega=99.7031 (nominal=100.0000, clip=±0.50%) residual_len=0
[MM] mu=0.5373 omega=99.7268 (nominal=100.0000, clip=±0.50%) residual_len=0
[MM] mu=0.5960 omega=99.7339 (nominal=100.0000, clip=±0.50%) residual_len=0
[MM] mu=0.8901 omega=99.6779 (nominal=100.0000, clip=±0.50%) residual_len=12
[RX] SYNCWORD BER: 0.0
[MM] mu=0.7454 omega=99.6127 (nominal=100.0000, clip=±0.50%) residual_len=0
[RX] DATA BER: 0.2734375
[RX] Dropping failed checksum
[TX] Sending - Lorem ipsum dolor sit amet, ___?
[MM] mu=0.7419 omega=99.6232 (nominal=100.0000, clip=±0.50%) residual_len=0
[MM] mu=0.4592 omega=99.6960 (nominal=100.0000, clip=±0.50%) residual_len=0
[MM] mu=0.1064 omega=99.6637 (nominal=100.0000, clip=±0.50%) residual_len=0
[MM] mu=0.7585 omega=99.6232 (nominal=100.0000, clip=±0.50%) residual_len=0
[MM] mu=0.8750 omega=99.6495 (nominal=100.0000, clip=±0.50%) residual_len=0
[TX] Sending - Lorem ipsum dolor sit amet, ___?
[MM] mu=0.6485 omega=99.6289 (nominal=100.0000, clip=±0.50%) residual_len=0
[MM] mu=0.8064 omega=99.6114 (nominal=100.0000, clip=±0.50%) residual_len=0
[MM] mu=0.0869 omega=99.5856 (nominal=100.0000, clip=±0.50%) residual_len=14
[RX] SYNCWORD BER: 0.0
[MM] mu=0.5073 omega=99.5256 (nominal=100.0000, clip=±0.50%) residual_len=0
[RX] DATA BER: 0.30078125
[RX] Dropping failed checksum
[TX] Sending - Lorem ipsum dolor sit amet, ___?
[MM] mu=0.4798 omega=99.5191 (nominal=100.0000, clip=±0.50%) residual_len=0
[MM] mu=0.8279 omega=99.5035 (nominal=100.0000, clip=±0.50%) residual_len=8
[MM] mu=0.2723 omega=99.5580 (nominal=100.0000, clip=±0.50%) residual_len=0
[MM] mu=0.4663 omega=99.5563 (nominal=100.0000, clip=±0.50%) residual_len=0
[RX] SYNCWORD BER: 0.3125
[MM] mu=0.2302 omega=99.5248 (nominal=100.0000, clip=±0.50%) residual_len=0
[TX] Sending - Lorem ipsum dolor sit amet, ___?
[MM] mu=0.7594 omega=99.5466 (nominal=100.0000, clip=±0.50%) residual_len=0
[MM] mu=0.6141 omega=99.5170 (nominal=100.0000, clip=±0.50%) residual_len=0
[MM] mu=0.4411 omega=99.5262 (nominal=100.0000, clip=±0.50%) residual_len=0
[MM] mu=0.8259 omega=99.5208 (nominal=100.0000, clip=±0.50%) residual_len=0
[RX] SYNCWORD BER: 0.0
[RX] DATA BER: 0.30859375
[RX] Dropping failed checksum
[MM] mu=0.3766 omega=99.5101 (nominal=100.0000, clip=±0.50%) residual_len=7
[TX] Sending - Lorem ipsum dolor sit amet, ___?
[MM] mu=0.0526 omega=99.5311 (nominal=100.0000, clip=±0.50%) residual_len=4
[MM] mu=0.8766 omega=99.5997 (nominal=100.0000, clip=±0.50%) residual_len=0
[MM] mu=0.1153 omega=99.5966 (nominal=100.0000, clip=±0.50%) residual_len=15
[RX] SYNCWORD BER: 0.5
[RX] SYNCWORD BER: 0.5
[RX] SYNCWORD BER: 0.46875
[RX] SYNCWORD BER: 0.59375
[RX] SYNCWORD BER: 0.03125
[MM] mu=0.0230 omega=99.5777 (nominal=100.0000, clip=±0.50%) residual_len=0
[TX] Sending - Lorem ipsum dolor sit amet, ___?
[MM] mu=0.4611 omega=99.5861 (nominal=100.0000, clip=±0.50%) residual_len=0
[MM] mu=0.1249 omega=99.5539 (nominal=100.0000, clip=±0.50%) residual_len=0
[MM] mu=0.0839 omega=99.5638 (nominal=100.0000, clip=±0.50%) residual_len=0
[MM] mu=0.3143 omega=99.5256 (nominal=100.0000, clip=±0.50%) residual_len=0
[RX] SYNCWORD BER: 0.53125
[RX] SYNCWORD BER: 0.0625
[RX] SYNCWORD BER: 0.59375
[MM] mu=0.6493 omega=99.5018 (nominal=100.0000, clip=±0.50%) residual_len=2
[TX] Sending - Lorem ipsum dolor sit amet, ___?
[MM] mu=0.6781 omega=99.5000 (nominal=100.0000, clip=±0.50%) residual_len=13
[MM] mu=0.8010 omega=99.5294 (nominal=100.0000, clip=±0.50%) residual_len=2
[MM] mu=0.9629 omega=99.5000 (nominal=100.0000, clip=±0.50%) residual_len=9
[MM] mu=0.2192 omega=99.5200 (nominal=100.0000, clip=±0.50%) residual_len=0
[RX] SYNCWORD BER: 0.0
[MM] mu=0.4191 omega=99.5668 (nominal=100.0000, clip=±0.50%) residual_len=0
[RX] DATA BER: 0.30078125
[RX] Dropping failed checksum
[TX] Sending - Lorem ipsum dolor sit amet, ___?
[MM] mu=0.9381 omega=99.5497 (nominal=100.0000, clip=±0.50%) residual_len=0
[MM] mu=0.7559 omega=99.5857 (nominal=100.0000, clip=±0.50%) residual_len=0
[MM] mu=0.2818 omega=99.5657 (nominal=100.0000, clip=±0.50%) residual_len=0
[MM] mu=0.6915 omega=99.5506 (nominal=100.0000, clip=±0.50%) residual_len=0
[MM] mu=0.5820 omega=99.5042 (nominal=100.0000, clip=±0.50%) residual_len=0
[TX] Sending - Lorem ipsum dolor sit amet, ___?
[MM] mu=0.1087 omega=99.5485 (nominal=100.0000, clip=±0.50%) residual_len=0
[MM] mu=0.5559 omega=99.5250 (nominal=100.0000, clip=±0.50%) residual_len=0
[MM] mu=0.5824 omega=99.5545 (nominal=100.0000, clip=±0.50%) residual_len=0
[RX] SYNCWORD BER: 0.0
[MM] mu=0.2135 omega=99.5847 (nominal=100.0000, clip=±0.50%) residual_len=0
[RX] DATA BER: 0.30078125
[RX] Dropping failed checksum
[TX] Sending - Lorem ipsum dolor sit amet, ___?
[MM] mu=0.1217 omega=99.5729 (nominal=100.0000, clip=±0.50%) residual_len=0
[MM] mu=0.8469 omega=99.5045 (nominal=100.0000, clip=±0.50%) residual_len=0
[MM] mu=0.0847 omega=99.5000 (nominal=100.0000, clip=±0.50%) residual_len=11
[MM] mu=0.7131 omega=99.5008 (nominal=100.0000, clip=±0.50%) residual_len=0
[RX] SYNCWORD BER: 0.0
[MM] mu=0.8946 omega=99.5024 (nominal=100.0000, clip=±0.50%) residual_len=12
[RX] DATA BER: 0.30078125
[RX] Dropping failed checksum
[TX] Sending - Lorem ipsum dolor sit amet, ___?
[MM] mu=0.5049 omega=99.5016 (nominal=100.0000, clip=±0.50%) residual_len=0
[MM] mu=0.4699 omega=99.5072 (nominal=100.0000, clip=±0.50%) residual_len=9
[MM] mu=0.7818 omega=99.5525 (nominal=100.0000, clip=±0.50%) residual_len=0
[MM] mu=0.1141 omega=99.5204 (nominal=100.0000, clip=±0.50%) residual_len=0
[RX] SYNCWORD BER: 0.0
[RX] DATA BER: 0.328125
[RX] Dropping failed checksum
[MM] mu=0.7012 omega=99.5441 (nominal=100.0000, clip=±0.50%) residual_len=0
[TX] Sending - Lorem ipsum dolor sit amet, ___?
[MM] mu=0.3277 omega=99.6106 (nominal=100.0000, clip=±0.50%) residual_len=0
[MM] mu=0.8773 omega=99.5891 (nominal=100.0000, clip=±0.50%) residual_len=6
[MM] mu=0.5206 omega=99.6171 (nominal=100.0000, clip=±0.50%) residual_len=5
[RX] SYNCWORD BER: 0.53125
[RX] SYNCWORD BER: 0.5
[RX] SYNCWORD BER: 0.5625
[RX] SYNCWORD BER: 0.0
[MM] mu=0.0732 omega=99.6283 (nominal=100.0000, clip=±0.50%) residual_len=6
[TX] Sending - Lorem ipsum dolor sit amet, ___?
[MM] mu=0.0166 omega=99.6174 (nominal=100.0000, clip=±0.50%) residual_len=0
[MM] mu=0.7057 omega=99.6310 (nominal=100.0000, clip=±0.50%) residual_len=0
[MM] mu=0.3611 omega=99.5985 (nominal=100.0000, clip=±0.50%) residual_len=6
[MM] mu=0.2143 omega=99.5850 (nominal=100.0000, clip=±0.50%) residual_len=0
[RX] SYNCWORD BER: 0.0
[MM] mu=0.7821 omega=99.6113 (nominal=100.0000, clip=±0.50%) residual_len=16
[RX] DATA BER: 0.28125
[RX] Dropping failed checksum
[TX] Sending - Lorem ipsum dolor sit amet, ___?
[MM] mu=0.1132 omega=99.6004 (nominal=100.0000, clip=±0.50%) residual_len=0
[MM] mu=0.9029 omega=99.6120 (nominal=100.0000, clip=±0.50%) residual_len=11
[MM] mu=0.1025 omega=99.6587 (nominal=100.0000, clip=±0.50%) residual_len=0
[MM] mu=0.1739 omega=99.6601 (nominal=100.0000, clip=±0.50%) residual_len=0
[RX] SYNCWORD BER: 0.5625
[RX] SYNCWORD BER: 0.0
[MM] mu=0.2074 omega=99.7023 (nominal=100.0000, clip=±0.50%) residual_len=0
[RX] DATA BER: 0.20703125
[RX] Dropping failed checksum
[TX] Sending - Lorem ipsum dolor sit amet, ___?
[MM] mu=0.5804 omega=99.6887 (nominal=100.0000, clip=±0.50%) residual_len=15
[MM] mu=0.6078 omega=99.7114 (nominal=100.0000, clip=±0.50%) residual_len=0
[MM] mu=0.6417 omega=99.7291 (nominal=100.0000, clip=±0.50%) residual_len=0
[RX] SYNCWORD BER: 0.0
[MM] mu=0.4734 omega=99.7373 (nominal=100.0000, clip=±0.50%) residual_len=0
[RX] DATA BER: 0.234375
[RX] Dropping failed checksum
[TX] Sending - Lorem ipsum dolor sit amet, ___?
[MM] mu=0.6312 omega=99.7573 (nominal=100.0000, clip=±0.50%) residual_len=0
[MM] mu=0.9656 omega=99.7694 (nominal=100.0000, clip=±0.50%) residual_len=0
[MM] mu=0.6427 omega=99.6941 (nominal=100.0000, clip=±0.50%) residual_len=0
[MM] mu=0.2968 omega=99.6589 (nominal=100.0000, clip=±0.50%) residual_len=0
[MM] mu=0.2531 omega=99.6470 (nominal=100.0000, clip=±0.50%) residual_len=0
[TX] Sending - Lorem ipsum dolor sit amet, ___?
[MM] mu=0.2257 omega=99.6937 (nominal=100.0000, clip=±0.50%) residual_len=0
[MM] mu=0.2277 omega=99.7558 (nominal=100.0000, clip=±0.50%) residual_len=0
[MM] mu=0.7210 omega=99.7331 (nominal=100.0000, clip=±0.50%) residual_len=0
[MM] mu=0.3938 omega=99.7098 (nominal=100.0000, clip=±0.50%) residual_len=0
[RX] SYNCWORD BER: 0.0
[MM] mu=0.8207 omega=99.7117 (nominal=100.0000, clip=±0.50%) residual_len=5
[RX] DATA BER: 0.21484375
[RX] Dropping failed checksum
[TX] Sending - Lorem ipsum dolor sit amet, ___?
[MM] mu=0.5624 omega=99.6772 (nominal=100.0000, clip=±0.50%) residual_len=0
[MM] mu=0.8740 omega=99.5695 (nominal=100.0000, clip=±0.50%) residual_len=0
[MM] mu=0.5457 omega=99.5874 (nominal=100.0000, clip=±0.50%) residual_len=0
[MM] mu=0.9114 omega=99.5638 (nominal=100.0000, clip=±0.50%) residual_len=0
[MM] mu=0.1097 omega=99.5584 (nominal=100.0000, clip=±0.50%) residual_len=0
[TX] Sending - Lorem ipsum dolor sit amet, ___?
[MM] mu=0.7793 omega=99.5958 (nominal=100.0000, clip=±0.50%) residual_len=0
[MM] mu=0.8288 omega=99.5742 (nominal=100.0000, clip=±0.50%) residual_len=0
[MM] mu=0.1360 omega=99.5818 (nominal=100.0000, clip=±0.50%) residual_len=0
[MM] mu=0.5247 omega=99.5167 (nominal=100.0000, clip=±0.50%) residual_len=0
[TX] Sending - Lorem ipsum dolor sit amet, ___?
[MM] mu=0.1358 omega=99.5101 (nominal=100.0000, clip=±0.50%) residual_len=0
[MM] mu=0.6574 omega=99.5368 (nominal=100.0000, clip=±0.50%) residual_len=0
[MM] mu=0.3436 omega=99.5576 (nominal=100.0000, clip=±0.50%) residual_len=0
[MM] mu=0.4810 omega=99.5618 (nominal=100.0000, clip=±0.50%) residual_len=0
[RX] SYNCWORD BER: 0.59375
[RX] SYNCWORD BER: 0.53125
[RX] SYNCWORD BER: 0.4375
[RX] SYNCWORD BER: 0.53125
[MM] mu=0.8378 omega=99.5106 (nominal=100.0000, clip=±0.50%) residual_len=0
[TX] Sending - Lorem ipsum dolor sit amet, ___?
[MM] mu=0.0941 omega=99.5010 (nominal=100.0000, clip=±0.50%) residual_len=8
[MM] mu=0.2993 omega=99.5111 (nominal=100.0000, clip=±0.50%) residual_len=0
[MM] mu=0.6798 omega=99.5200 (nominal=100.0000, clip=±0.50%) residual_len=6
[MM] mu=0.7543 omega=99.5107 (nominal=100.0000, clip=±0.50%) residual_len=2
[RX] SYNCWORD BER: 0.46875
[RX] SYNCWORD BER: 0.5625
[RX] SYNCWORD BER: 0.46875
[RX] SYNCWORD BER: 0.4375
[RX] SYNCWORD BER: 0.21875
[MM] mu=0.1759 omega=99.5531 (nominal=100.0000, clip=±0.50%) residual_len=0
[TX] Sending - Lorem ipsum dolor sit amet, ___?
[MM] mu=0.6394 omega=99.5794 (nominal=100.0000, clip=±0.50%) residual_len=0
[MM] mu=0.0860 omega=99.6302 (nominal=100.0000, clip=±0.50%) residual_len=14
[MM] mu=0.3814 omega=99.6259 (nominal=100.0000, clip=±0.50%) residual_len=0
[MM] mu=0.4977 omega=99.6054 (nominal=100.0000, clip=±0.50%) residual_len=0
[TX] Sending - Lorem ipsum dolor sit amet, ___?
[MM] mu=0.9794 omega=99.6160 (nominal=100.0000, clip=±0.50%) residual_len=0
[MM] mu=0.0970 omega=99.6205 (nominal=100.0000, clip=±0.50%) residual_len=0
[MM] mu=0.0306 omega=99.5716 (nominal=100.0000, clip=±0.50%) residual_len=7
[MM] mu=0.8848 omega=99.5945 (nominal=100.0000, clip=±0.50%) residual_len=0
[RX] SYNCWORD BER: 0.0
[MM] mu=0.8812 omega=99.5888 (nominal=100.0000, clip=±0.50%) residual_len=0
[RX] DATA BER: 0.30859375
[RX] Dropping failed checksum
[TX] Sending - Lorem ipsum dolor sit amet, ___?
[MM] mu=0.2289 omega=99.6742 (nominal=100.0000, clip=±0.50%) residual_len=0
[MM] mu=0.2495 omega=99.6879 (nominal=100.0000, clip=±0.50%) residual_len=12
[MM] mu=0.8940 omega=99.6641 (nominal=100.0000, clip=±0.50%) residual_len=0
[MM] mu=0.0399 omega=99.6517 (nominal=100.0000, clip=±0.50%) residual_len=0
[MM] mu=0.0499 omega=99.6080 (nominal=100.0000, clip=±0.50%) residual_len=0
[TX] Sending - Lorem ipsum dolor sit amet, ___?
[MM] mu=0.9437 omega=99.5862 (nominal=100.0000, clip=±0.50%) residual_len=0
[MM] mu=0.9287 omega=99.5765 (nominal=100.0000, clip=±0.50%) residual_len=9
[MM] mu=0.0499 omega=99.6331 (nominal=100.0000, clip=±0.50%) residual_len=0
[MM] mu=0.4342 omega=99.6259 (nominal=100.0000, clip=±0.50%) residual_len=0
[RX] SYNCWORD BER: 0.15625
[MM] mu=0.9798 omega=99.5698 (nominal=100.0000, clip=±0.50%) residual_len=0
[TX] Sending - Lorem ipsum dolor sit amet, ___?
[MM] mu=0.9823 omega=99.5305 (nominal=100.0000, clip=±0.50%) residual_len=0
[MM] mu=0.1020 omega=99.5919 (nominal=100.0000, clip=±0.50%) residual_len=0
[MM] mu=0.1455 omega=99.5887 (nominal=100.0000, clip=±0.50%) residual_len=0
[RX] SYNCWORD BER: 0.53125
[RX] SYNCWORD BER: 0.46875
[RX] SYNCWORD BER: 0.5625
[RX] SYNCWORD BER: 0.03125
[MM] mu=0.5295 omega=99.5796 (nominal=100.0000, clip=±0.50%) residual_len=0
[TX] Sending - Lorem ipsum dolor sit amet, ___?
[MM] mu=0.5287 omega=99.5942 (nominal=100.0000, clip=±0.50%) residual_len=0
[MM] mu=0.0574 omega=99.5614 (nominal=100.0000, clip=±0.50%) residual_len=0
[MM] mu=0.2372 omega=99.6260 (nominal=100.0000, clip=±0.50%) residual_len=0
[MM] mu=0.2847 omega=99.6074 (nominal=100.0000, clip=±0.50%) residual_len=0
[MM] mu=0.5248 omega=99.6253 (nominal=100.0000, clip=±0.50%) residual_len=0
[TX] Sending - Lorem ipsum dolor sit amet, ___?
[MM] mu=0.2592 omega=99.5417 (nominal=100.0000, clip=±0.50%) residual_len=0
[MM] mu=0.7968 omega=99.5797 (nominal=100.0000, clip=±0.50%) residual_len=0
[MM] mu=0.0505 omega=99.5788 (nominal=100.0000, clip=±0.50%) residual_len=0
[MM] mu=0.8687 omega=99.5552 (nominal=100.0000, clip=±0.50%) residual_len=0
[RX] SYNCWORD BER: 0.0
[RX] DATA BER: 0.3203125
[RX] Dropping failed checksum
[MM] mu=0.6354 omega=99.5302 (nominal=100.0000, clip=±0.50%) residual_len=0
[TX] Sending - Lorem ipsum dolor sit amet, ___?
[MM] mu=0.7878 omega=99.5516 (nominal=100.0000, clip=±0.50%) residual_len=0
[MM] mu=0.7492 omega=99.5753 (nominal=100.0000, clip=±0.50%) residual_len=0
[MM] mu=0.6119 omega=99.5895 (nominal=100.0000, clip=±0.50%) residual_len=0
[MM] mu=0.3515 omega=99.5103 (nominal=100.0000, clip=±0.50%) residual_len=0
[TX] Sending - Lorem ipsum dolor sit amet, ___?
[MM] mu=0.7814 omega=99.5461 (nominal=100.0000, clip=±0.50%) residual_len=0
[MM] mu=0.3973 omega=99.5269 (nominal=100.0000, clip=±0.50%) residual_len=0
[MM] mu=0.8621 omega=99.5099 (nominal=100.0000, clip=±0.50%) residual_len=7
[MM] mu=0.2068 omega=99.5020 (nominal=100.0000, clip=±0.50%) residual_len=16
[RX] SYNCWORD BER: 0.0
[MM] mu=0.0442 omega=99.5236 (nominal=100.0000, clip=±0.50%) residual_len=16
[RX] DATA BER: 0.33984375
[RX] Dropping failed checksum
[TX] Sending - Lorem ipsum dolor sit amet, ___?
[MM] mu=0.5460 omega=99.5377 (nominal=100.0000, clip=±0.50%) residual_len=5
[MM] mu=0.3076 omega=99.6089 (nominal=100.0000, clip=±0.50%) residual_len=0
[MM] mu=0.3400 omega=99.6277 (nominal=100.0000, clip=±0.50%) residual_len=0
[MM] mu=0.3938 omega=99.6206 (nominal=100.0000, clip=±0.50%) residual_len=0
[RX] SYNCWORD BER: 0.0
[MM] mu=0.2483 omega=99.6628 (nominal=100.0000, clip=±0.50%) residual_len=0
[RX] DATA BER: 0.28125
[RX] Dropping failed checksum
[TX] Sending - Lorem ipsum dolor sit amet, ___?
[MM] mu=0.6779 omega=99.6550 (nominal=100.0000, clip=±0.50%) residual_len=0
[MM] mu=0.6937 omega=99.5715 (nominal=100.0000, clip=±0.50%) residual_len=14
[MM] mu=0.0636 omega=99.5444 (nominal=100.0000, clip=±0.50%) residual_len=0
[MM] mu=0.6883 omega=99.5401 (nominal=100.0000, clip=±0.50%) residual_len=0
[TX] Sending - Lorem ipsum dolor sit amet, ___?
[MM] mu=0.7211 omega=99.5536 (nominal=100.0000, clip=±0.50%) residual_len=0
[MM] mu=0.6446 omega=99.5624 (nominal=100.0000, clip=±0.50%) residual_len=0
[MM] mu=0.5281 omega=99.5561 (nominal=100.0000, clip=±0.50%) residual_len=0
[MM] mu=0.8779 omega=99.5909 (nominal=100.0000, clip=±0.50%) residual_len=0
[MM] mu=0.1142 omega=99.5894 (nominal=100.0000, clip=±0.50%) residual_len=0
[TX] Sending - Lorem ipsum dolor sit amet, ___?
[MM] mu=0.7370 omega=99.5716 (nominal=100.0000, clip=±0.50%) residual_len=0
[MM] mu=0.8290 omega=99.5341 (nominal=100.0000, clip=±0.50%) residual_len=0
[MM] mu=0.4222 omega=99.5378 (nominal=100.0000, clip=±0.50%) residual_len=0
[MM] mu=0.7134 omega=99.5455 (nominal=100.0000, clip=±0.50%) residual_len=0
[RX] SYNCWORD BER: 0.0
[MM] mu=0.9495 omega=99.5052 (nominal=100.0000, clip=±0.50%) residual_len=0
[RX] DATA BER: 0.328125
[RX] Dropping failed checksum
[TX] Sending - Lorem ipsum dolor sit amet, ___?
[MM] mu=0.7178 omega=99.5027 (nominal=100.0000, clip=±0.50%) residual_len=3
[MM] mu=0.2083 omega=99.5476 (nominal=100.0000, clip=±0.50%) residual_len=0
[MM] mu=0.3715 omega=99.5429 (nominal=100.0000, clip=±0.50%) residual_len=0
[MM] mu=0.9081 omega=99.5217 (nominal=100.0000, clip=±0.50%) residual_len=0
[MM] mu=0.6800 omega=99.5210 (nominal=100.0000, clip=±0.50%) residual_len=0
[TX] Sending - Lorem ipsum dolor sit amet, ___?
[MM] mu=0.4364 omega=99.5443 (nominal=100.0000, clip=±0.50%) residual_len=0
[MM] mu=0.5664 omega=99.5952 (nominal=100.0000, clip=±0.50%) residual_len=0
[MM] mu=0.0612 omega=99.5776 (nominal=100.0000, clip=±0.50%) residual_len=0
[MM] mu=0.5807 omega=99.5721 (nominal=100.0000, clip=±0.50%) residual_len=0
[TX] Sending - Lorem ipsum dolor sit amet, ___?
[MM] mu=0.3523 omega=99.5006 (nominal=100.0000, clip=±0.50%) residual_len=0
[MM] mu=0.4544 omega=99.5161 (nominal=100.0000, clip=±0.50%) residual_len=1
[MM] mu=0.2220 omega=99.5308 (nominal=100.0000, clip=±0.50%) residual_len=0
[MM] mu=0.5573 omega=99.5384 (nominal=100.0000, clip=±0.50%) residual_len=0
[RX] SYNCWORD BER: 0.0
[MM] mu=0.3542 omega=99.5144 (nominal=100.0000, clip=±0.50%) residual_len=0
[RX] DATA BER: 0.2890625
[RX] Dropping failed checksum
[TX] Sending - Lorem ipsum dolor sit amet, ___?
[MM] mu=0.3781 omega=99.5518 (nominal=100.0000, clip=±0.50%) residual_len=0
[MM] mu=0.3800 omega=99.5955 (nominal=100.0000, clip=±0.50%) residual_len=0
[MM] mu=0.3804 omega=99.5841 (nominal=100.0000, clip=±0.50%) residual_len=0
[MM] mu=0.4769 omega=99.5607 (nominal=100.0000, clip=±0.50%) residual_len=0
[MM] mu=0.7530 omega=99.5255 (nominal=100.0000, clip=±0.50%) residual_len=0
[TX] Sending - Lorem ipsum dolor sit amet, ___?
[MM] mu=0.1153 omega=99.5451 (nominal=100.0000, clip=±0.50%) residual_len=0
[MM] mu=0.4003 omega=99.5295 (nominal=100.0000, clip=±0.50%) residual_len=0
[MM] mu=0.5523 omega=99.5985 (nominal=100.0000, clip=±0.50%) residual_len=0
[RX] SYNCWORD BER: 0.0
[MM] mu=0.8423 omega=99.6588 (nominal=100.0000, clip=±0.50%) residual_len=12
[RX] DATA BER: 0.375
[RX] Dropping failed checksum
[TX] Sending - Lorem ipsum dolor sit amet, ___?
[MM] mu=0.4753 omega=99.6379 (nominal=100.0000, clip=±0.50%) residual_len=0
[MM] mu=0.7906 omega=99.6276 (nominal=100.0000, clip=±0.50%) residual_len=1
[MM] mu=0.8542 omega=99.6491 (nominal=100.0000, clip=±0.50%) residual_len=0
[MM] mu=0.8218 omega=99.6041 (nominal=100.0000, clip=±0.50%) residual_len=0
[RX] SYNCWORD BER: 0.0
[MM] mu=0.4740 omega=99.6049 (nominal=100.0000, clip=±0.50%) residual_len=8
[RX] DATA BER: 0.2578125
[RX] Dropping failed checksum
[TX] Sending - Lorem ipsum dolor sit amet, ___?
[MM] mu=0.3723 omega=99.6383 (nominal=100.0000, clip=±0.50%) residual_len=0
[MM] mu=0.8784 omega=99.6347 (nominal=100.0000, clip=±0.50%) residual_len=0
[MM] mu=0.5857 omega=99.6114 (nominal=100.0000, clip=±0.50%) residual_len=0
[MM] mu=0.9011 omega=99.6068 (nominal=100.0000, clip=±0.50%) residual_len=0
[RX] SYNCWORD BER: 0.0
[MM] mu=0.3231 omega=99.5595 (nominal=100.0000, clip=±0.50%) residual_len=0
[RX] DATA BER: 0.296875
[RX] Dropping failed checksum
[TX] Sending - Lorem ipsum dolor sit amet, ___?
[MM] mu=0.8277 omega=99.5215 (nominal=100.0000, clip=±0.50%) residual_len=0
[MM] mu=0.3057 omega=99.5563 (nominal=100.0000, clip=±0.50%) residual_len=0
[MM] mu=0.4878 omega=99.5827 (nominal=100.0000, clip=±0.50%) residual_len=0
[MM] mu=0.3510 omega=99.5804 (nominal=100.0000, clip=±0.50%) residual_len=0
[MM] mu=0.4397 omega=99.5826 (nominal=100.0000, clip=±0.50%) residual_len=0
[TX] Sending - Lorem ipsum dolor sit amet, ___?
[MM] mu=0.7966 omega=99.5134 (nominal=100.0000, clip=±0.50%) residual_len=0
[MM] mu=0.9135 omega=99.5353 (nominal=100.0000, clip=±0.50%) residual_len=4
[MM] mu=0.0851 omega=99.5102 (nominal=100.0000, clip=±0.50%) residual_len=0
[RX] SYNCWORD BER: 0.0
[MM] mu=0.7912 omega=99.5105 (nominal=100.0000, clip=±0.50%) residual_len=8
[RX] DATA BER: 0.3515625
[RX] Dropping failed checksum
[TX] Sending - Lorem ipsum dolor sit amet, ___?
[MM] mu=0.4706 omega=99.5236 (nominal=100.0000, clip=±0.50%) residual_len=9
[MM] mu=0.2316 omega=99.5315 (nominal=100.0000, clip=±0.50%) residual_len=0
[MM] mu=0.9262 omega=99.5325 (nominal=100.0000, clip=±0.50%) residual_len=0
[MM] mu=0.2018 omega=99.5203 (nominal=100.0000, clip=±0.50%) residual_len=0
[RX] SYNCWORD BER: 0.0
[MM] mu=0.6077 omega=99.5063 (nominal=100.0000, clip=±0.50%) residual_len=1
[RX] DATA BER: 0.34765625
[RX] Dropping failed checksum
[TX] Sending - Lorem ipsum dolor sit amet, ___?
[MM] mu=0.9110 omega=99.5653 (nominal=100.0000, clip=±0.50%) residual_len=0
[MM] mu=0.0592 omega=99.5916 (nominal=100.0000, clip=±0.50%) residual_len=10
[MM] mu=0.8415 omega=99.5943 (nominal=100.0000, clip=±0.50%) residual_len=0
[MM] mu=0.9965 omega=99.5737 (nominal=100.0000, clip=±0.50%) residual_len=0
[RX] SYNCWORD BER: 0.0
[RX] DATA BER: 0.30078125
[RX] Dropping failed checksum
[MM] mu=0.8050 omega=99.6475 (nominal=100.0000, clip=±0.50%) residual_len=2
[TX] Sending - Lorem ipsum dolor sit amet, ___?
[MM] mu=0.8922 omega=99.5920 (nominal=100.0000, clip=±0.50%) residual_len=5
[MM] mu=0.1651 omega=99.5484 (nominal=100.0000, clip=±0.50%) residual_len=0
[MM] mu=0.4205 omega=99.5443 (nominal=100.0000, clip=±0.50%) residual_len=0
[MM] mu=0.9056 omega=99.5895 (nominal=100.0000, clip=±0.50%) residual_len=0
[TX] Sending - Lorem ipsum dolor sit amet, ___?
[MM] mu=0.8502 omega=99.5708 (nominal=100.0000, clip=±0.50%) residual_len=15
[MM] mu=0.0629 omega=99.5368 (nominal=100.0000, clip=±0.50%) residual_len=0
[MM] mu=0.8081 omega=99.5640 (nominal=100.0000, clip=±0.50%) residual_len=0
[MM] mu=0.0873 omega=99.6011 (nominal=100.0000, clip=±0.50%) residual_len=9
[RX] SYNCWORD BER: 0.59375
[MM] mu=0.8136 omega=99.5953 (nominal=100.0000, clip=±0.50%) residual_len=15
[TX] Sending - Lorem ipsum dolor sit amet, ___?
[MM] mu=0.7674 omega=99.5808 (nominal=100.0000, clip=±0.50%) residual_len=0
[MM] mu=0.6250 omega=99.7022 (nominal=100.0000, clip=±0.50%) residual_len=0
[MM] mu=0.9453 omega=99.6884 (nominal=100.0000, clip=±0.50%) residual_len=0
[MM] mu=0.5669 omega=99.6602 (nominal=100.0000, clip=±0.50%) residual_len=0
[RX] SYNCWORD BER: 0.0
[MM] mu=0.1537 omega=99.6707 (nominal=100.0000, clip=±0.50%) residual_len=0
[RX] DATA BER: 0.26953125
[RX] Dropping failed checksum
[TX] Sending - Lorem ipsum dolor sit amet, ___?
[MM] mu=0.6476 omega=99.6430 (nominal=100.0000, clip=±0.50%) residual_len=0
[MM] mu=0.5446 omega=99.6589 (nominal=100.0000, clip=±0.50%) residual_len=0
[MM] mu=0.4525 omega=99.7305 (nominal=100.0000, clip=±0.50%) residual_len=0
[RX] SYNCWORD BER: 0.0
[MM] mu=0.0891 omega=99.7250 (nominal=100.0000, clip=±0.50%) residual_len=0
[RX] DATA BER: 0.37109375
[RX] Dropping failed checksum
[TX] Sending - Lorem ipsum dolor sit amet, ___?
[MM] mu=0.9711 omega=99.7432 (nominal=100.0000, clip=±0.50%) residual_len=0
[MM] mu=0.0603 omega=99.6703 (nominal=100.0000, clip=±0.50%) residual_len=0
[MM] mu=0.8371 omega=99.6299 (nominal=100.0000, clip=±0.50%) residual_len=0
[MM] mu=0.6899 omega=99.6486 (nominal=100.0000, clip=±0.50%) residual_len=0
[RX] SYNCWORD BER: 0.0
[MM] mu=0.3258 omega=99.6319 (nominal=100.0000, clip=±0.50%) residual_len=0
[RX] DATA BER: 0.28125
[RX] Dropping failed checksum
[TX] Sending - Lorem ipsum dolor sit amet, ___?
[MM] mu=0.0034 omega=99.6309 (nominal=100.0000, clip=±0.50%) residual_len=0
[MM] mu=0.2049 omega=99.6359 (nominal=100.0000, clip=±0.50%) residual_len=0
[MM] mu=0.1110 omega=99.6372 (nominal=100.0000, clip=±0.50%) residual_len=0
[MM] mu=0.1978 omega=99.6211 (nominal=100.0000, clip=±0.50%) residual_len=0
[MM] mu=0.5344 omega=99.5880 (nominal=100.0000, clip=±0.50%) residual_len=3
[TX] Sending - Lorem ipsum dolor sit amet, ___?
[MM] mu=0.2767 omega=99.6063 (nominal=100.0000, clip=±0.50%) residual_len=0
[MM] mu=0.4327 omega=99.5933 (nominal=100.0000, clip=±0.50%) residual_len=12
[MM] mu=0.3289 omega=99.5501 (nominal=100.0000, clip=±0.50%) residual_len=0
[MM] mu=0.5119 omega=99.5416 (nominal=100.0000, clip=±0.50%) residual_len=0
[MM] mu=0.1487 omega=99.5017 (nominal=100.0000, clip=±0.50%) residual_len=0
[TX] Sending - Lorem ipsum dolor sit amet, ___?
[MM] mu=0.6871 omega=99.5974 (nominal=100.0000, clip=±0.50%) residual_len=0
[MM] mu=0.4353 omega=99.6223 (nominal=100.0000, clip=±0.50%) residual_len=0
[MM] mu=0.6967 omega=99.5835 (nominal=100.0000, clip=±0.50%) residual_len=0
[MM] mu=0.9188 omega=99.6127 (nominal=100.0000, clip=±0.50%) residual_len=0
[TX] Sending - Lorem ipsum dolor sit amet, ___?
[MM] mu=0.1019 omega=99.5854 (nominal=100.0000, clip=±0.50%) residual_len=0
[MM] mu=0.7396 omega=99.6102 (nominal=100.0000, clip=±0.50%) residual_len=0
[MM] mu=0.1140 omega=99.6240 (nominal=100.0000, clip=±0.50%) residual_len=0
[MM] mu=0.6135 omega=99.6237 (nominal=100.0000, clip=±0.50%) residual_len=0
[MM] mu=0.1323 omega=99.6218 (nominal=100.0000, clip=±0.50%) residual_len=0
[TX] Sending - Lorem ipsum dolor sit amet, ___?
[MM] mu=0.7835 omega=99.6408 (nominal=100.0000, clip=±0.50%) residual_len=0
[MM] mu=0.5306 omega=99.6529 (nominal=100.0000, clip=±0.50%) residual_len=0
[MM] mu=0.3449 omega=99.6378 (nominal=100.0000, clip=±0.50%) residual_len=0
[MM] mu=0.3668 omega=99.6456 (nominal=100.0000, clip=±0.50%) residual_len=0
[RX] SYNCWORD BER: 0.0
[RX] DATA BER: 0.1953125
[RX] Dropping failed checksum
[MM] mu=0.0155 omega=99.6323 (nominal=100.0000, clip=±0.50%) residual_len=0
[TX] Sending - Lorem ipsum dolor sit amet, ___?
[MM] mu=0.3006 omega=99.7698 (nominal=100.0000, clip=±0.50%) residual_len=0
[MM] mu=0.0169 omega=99.7371 (nominal=100.0000, clip=±0.50%) residual_len=0
[MM] mu=0.2697 omega=99.7007 (nominal=100.0000, clip=±0.50%) residual_len=0
[RX] SYNCWORD BER: 0.375
[MM] mu=0.0596 omega=99.6885 (nominal=100.0000, clip=±0.50%) residual_len=0
[TX] Sending - Lorem ipsum dolor sit amet, ___?
[MM] mu=0.4997 omega=99.6621 (nominal=100.0000, clip=±0.50%) residual_len=0
[MM] mu=0.8236 omega=99.6370 (nominal=100.0000, clip=±0.50%) residual_len=0
[MM] mu=0.2659 omega=99.6493 (nominal=100.0000, clip=±0.50%) residual_len=0
[MM] mu=0.9738 omega=99.6616 (nominal=100.0000, clip=±0.50%) residual_len=0
[MM] mu=0.8842 omega=99.6954 (nominal=100.0000, clip=±0.50%) residual_len=0
[TX] Sending - Lorem ipsum dolor sit amet, ___?
[MM] mu=0.3840 omega=99.6802 (nominal=100.0000, clip=±0.50%) residual_len=11
[MM] mu=0.8400 omega=99.6207 (nominal=100.0000, clip=±0.50%) residual_len=0
[MM] mu=0.0672 omega=99.6527 (nominal=100.0000, clip=±0.50%) residual_len=0
[MM] mu=0.8824 omega=99.6753 (nominal=100.0000, clip=±0.50%) residual_len=0
[MM] mu=0.2173 omega=99.6928 (nominal=100.0000, clip=±0.50%) residual_len=0
[TX] Sending - Lorem ipsum dolor sit amet, ___?
[MM] mu=0.4166 omega=99.6435 (nominal=100.0000, clip=±0.50%) residual_len=0
[MM] mu=0.3121 omega=99.6081 (nominal=100.0000, clip=±0.50%) residual_len=0
[MM] mu=0.5827 omega=99.5658 (nominal=100.0000, clip=±0.50%) residual_len=0
[MM] mu=0.5752 omega=99.5559 (nominal=100.0000, clip=±0.50%) residual_len=0
[RX] SYNCWORD BER: 0.09375
[RX] SYNCWORD BER: 0.59375
[RX] SYNCWORD BER: 0.53125
[RX] SYNCWORD BER: 0.40625
[RX] SYNCWORD BER: 0.53125
[TX] Sending - Lorem ipsum dolor sit amet, ___?[MM] mu=0.6550 omega=99.6225 (nominal=100.0000, clip=±0.50%) residual_len=0

[MM] mu=0.0248 omega=99.6083 (nominal=100.0000, clip=±0.50%) residual_len=0
[MM] mu=0.3592 omega=99.5225 (nominal=100.0000, clip=±0.50%) residual_len=0
[MM] mu=0.5773 omega=99.5116 (nominal=100.0000, clip=±0.50%) residual_len=0
[RX] SYNCWORD BER: 0.0
[MM] mu=0.7860 omega=99.5059 (nominal=100.0000, clip=±0.50%) residual_len=5
[RX] DATA BER: 0.30078125
[RX] Dropping failed checksum
[TX] Sending - Lorem ipsum dolor sit amet, ___?
[MM] mu=0.4992 omega=99.6013 (nominal=100.0000, clip=±0.50%) residual_len=0
[MM] mu=0.4469 omega=99.6518 (nominal=100.0000, clip=±0.50%) residual_len=0
[MM] mu=0.5795 omega=99.6424 (nominal=100.0000, clip=±0.50%) residual_len=0
[MM] mu=0.4739 omega=99.6408 (nominal=100.0000, clip=±0.50%) residual_len=0
[RX] SYNCWORD BER: 0.5625
[RX] SYNCWORD BER: 0.0
[MM] mu=0.4178 omega=99.6524 (nominal=100.0000, clip=±0.50%) residual_len=0
[RX] DATA BER: 0.19921875
[RX] Dropping failed checksum
[TX] Sending - Lorem ipsum dolor sit amet, ___?
[MM] mu=0.1829 omega=99.7146 (nominal=100.0000, clip=±0.50%) residual_len=0
[MM] mu=0.4270 omega=99.7013 (nominal=100.0000, clip=±0.50%) residual_len=0
[MM] mu=0.1326 omega=99.7132 (nominal=100.0000, clip=±0.50%) residual_len=0
[MM] mu=0.7102 omega=99.6774 (nominal=100.0000, clip=±0.50%) residual_len=11
[RX] SYNCWORD BER: 0.0
[RX] DATA BER: 0.1953125
[RX] Dropping failed checksum
[MM] mu=0.2874 omega=99.6347 (nominal=100.0000, clip=±0.50%) residual_len=0
[TX] Sending - Lorem ipsum dolor sit amet, ___?
[MM] mu=0.9470 omega=99.6171 (nominal=100.0000, clip=±0.50%) residual_len=0
[MM] mu=0.5924 omega=99.5766 (nominal=100.0000, clip=±0.50%) residual_len=0
[MM] mu=0.1308 omega=99.5746 (nominal=100.0000, clip=±0.50%) residual_len=0
[RX] SYNCWORD BER: 0.0
[MM] mu=0.3659 omega=99.5327 (nominal=100.0000, clip=±0.50%) residual_len=0
[RX] DATA BER: 0.3984375
[RX] Dropping failed checksum
[TX] Sending - Lorem ipsum dolor sit amet, ___?
[MM] mu=0.5613 omega=99.5459 (nominal=100.0000, clip=±0.50%) residual_len=0
[MM] mu=0.3634 omega=99.5119 (nominal=100.0000, clip=±0.50%) residual_len=0
[MM] mu=0.7652 omega=99.5316 (nominal=100.0000, clip=±0.50%) residual_len=0
[MM] mu=0.2997 omega=99.5272 (nominal=100.0000, clip=±0.50%) residual_len=0
[MM] mu=0.1461 omega=99.5173 (nominal=100.0000, clip=±0.50%) residual_len=2
[TX] Sending - Lorem ipsum dolor sit amet, ___?
[MM] mu=0.6659 omega=99.5982 (nominal=100.0000, clip=±0.50%) residual_len=0
[MM] mu=0.1192 omega=99.5456 (nominal=100.0000, clip=±0.50%) residual_len=0
[MM] mu=0.4586 omega=99.6049 (nominal=100.0000, clip=±0.50%) residual_len=0
[MM] mu=0.8131 omega=99.6010 (nominal=100.0000, clip=±0.50%) residual_len=7
[MM] mu=0.2107 omega=99.6786 (nominal=100.0000, clip=±0.50%) residual_len=0
[TX] Sending - Lorem ipsum dolor sit amet, ___?
[MM] mu=0.5273 omega=99.7113 (nominal=100.0000, clip=±0.50%) residual_len=0
[MM] mu=0.7917 omega=99.7628 (nominal=100.0000, clip=±0.50%) residual_len=0
[MM] mu=0.5218 omega=99.7582 (nominal=100.0000, clip=±0.50%) residual_len=0
[RX] SYNCWORD BER: 0.5625
[RX] SYNCWORD BER: 0.0
[MM] mu=0.1953 omega=99.7499 (nominal=100.0000, clip=±0.50%) residual_len=0
[RX] DATA BER: 0.36328125
[RX] Dropping failed checksum
[TX] Sending - Lorem ipsum dolor sit amet, ___?
[MM] mu=0.2781 omega=99.7528 (nominal=100.0000, clip=±0.50%) residual_len=0
[MM] mu=0.2407 omega=99.7138 (nominal=100.0000, clip=±0.50%) residual_len=0
[MM] mu=0.3179 omega=99.7490 (nominal=100.0000, clip=±0.50%) residual_len=0
[MM] mu=0.1071 omega=99.7351 (nominal=100.0000, clip=±0.50%) residual_len=0
[RX] SYNCWORD BER: 0.0
[MM] mu=0.0975 omega=99.7730 (nominal=100.0000, clip=±0.50%) residual_len=0
[RX] DATA BER: 0.21875
[RX] Dropping failed checksum
[TX] Sending - Lorem ipsum dolor sit amet, ___?
[MM] mu=0.4192 omega=99.8284 (nominal=100.0000, clip=±0.50%) residual_len=12
[MM] mu=0.3234 omega=99.9002 (nominal=100.0000, clip=±0.50%) residual_len=0
[MM] mu=0.8401 omega=99.8601 (nominal=100.0000, clip=±0.50%) residual_len=0
[MM] mu=0.3864 omega=99.8199 (nominal=100.0000, clip=±0.50%) residual_len=0
[RX] SYNCWORD BER: 0.0
[MM] mu=0.7615 omega=99.8253 (nominal=100.0000, clip=±0.50%) residual_len=0
[RX] DATA BER: 0.0625
[RX] Dropping failed checksum
[TX] Sending - Lorem ipsum dolor sit amet, ___?
[MM] mu=0.1977 omega=99.8023 (nominal=100.0000, clip=±0.50%) residual_len=0
[MM] mu=0.4314 omega=99.7750 (nominal=100.0000, clip=±0.50%) residual_len=0
[MM] mu=0.8533 omega=99.8038 (nominal=100.0000, clip=±0.50%) residual_len=0
[MM] mu=0.1068 omega=99.7913 (nominal=100.0000, clip=±0.50%) residual_len=10
[MM] mu=0.0981 omega=99.7678 (nominal=100.0000, clip=±0.50%) residual_len=0
[TX] Sending - Lorem ipsum dolor sit amet, ___?
[MM] mu=0.9700 omega=99.8901 (nominal=100.0000, clip=±0.50%) residual_len=0
[MM] mu=0.6402 omega=99.8929 (nominal=100.0000, clip=±0.50%) residual_len=13
[MM] mu=0.3063 omega=99.8930 (nominal=100.0000, clip=±0.50%) residual_len=0
[RX] SYNCWORD BER: 0.0
[MM] mu=0.9945 omega=99.9111 (nominal=100.0000, clip=±0.50%) residual_len=9
[RX] DATA BER: 0.0
[RX] Dropping failed checksum
[TX] Sending - Lorem ipsum dolor sit amet, ___?
[MM] mu=0.3745 omega=99.9520 (nominal=100.0000, clip=±0.50%) residual_len=0
[MM] mu=0.4081 omega=99.9441 (nominal=100.0000, clip=±0.50%) residual_len=0
[MM] mu=0.9927 omega=99.9875 (nominal=100.0000, clip=±0.50%) residual_len=0
[MM] mu=0.2566 omega=99.9745 (nominal=100.0000, clip=±0.50%) residual_len=0
[RX] SYNCWORD BER: 0.0
[MM] mu=0.6969 omega=99.9800 (nominal=100.0000, clip=±0.50%) residual_len=0
[RX] DATA BER: 0.0
[RX] Dropping failed checksum
[TX] Sending - Lorem ipsum dolor sit amet, ___?
[MM] mu=0.8344 omega=99.9624 (nominal=100.0000, clip=±0.50%) residual_len=0
[MM] mu=0.5330 omega=99.9420 (nominal=100.0000, clip=±0.50%) residual_len=0
[MM] mu=0.3107 omega=99.9851 (nominal=100.0000, clip=±0.50%) residual_len=0
[MM] mu=0.5380 omega=99.9700 (nominal=100.0000, clip=±0.50%) residual_len=0
[RX] SYNCWORD BER: 0.59375
[RX] SYNCWORD BER: 0.4375
[RX] SYNCWORD BER: 0.5625
[RX] SYNCWORD BER: 0.5
[RX] SYNCWORD BER: 0.46875
[RX] SYNCWORD BER: 0.625
[MM] mu=0.4947 omega=99.9516 (nominal=100.0000, clip=±0.50%) residual_len=0
[TX] Sending - Lorem ipsum dolor sit amet, ___?
[MM] mu=0.2986 omega=99.9798 (nominal=100.0000, clip=±0.50%) residual_len=0
[MM] mu=0.9324 omega=100.0553 (nominal=100.0000, clip=±0.50%) residual_len=0
[MM] mu=0.8406 omega=100.0523 (nominal=100.0000, clip=±0.50%) residual_len=0
[MM] mu=0.4029 omega=100.0180 (nominal=100.0000, clip=±0.50%) residual_len=0
[TX] Sending - Lorem ipsum dolor sit amet, ___?
[MM] mu=0.9272 omega=100.0031 (nominal=100.0000, clip=±0.50%) residual_len=0
[MM] mu=0.7922 omega=100.0240 (nominal=100.0000, clip=±0.50%) residual_len=0
[MM] mu=0.8226 omega=100.0189 (nominal=100.0000, clip=±0.50%) residual_len=0
[MM] mu=0.1172 omega=99.9812 (nominal=100.0000, clip=±0.50%) residual_len=1
[RX] SYNCWORD BER: 0.0
[MM] mu=0.9703 omega=100.0254 (nominal=100.0000, clip=±0.50%) residual_len=10
[RX] DATA BER: 0.0

[RX] Received: Lorem ipsum dolor sit amet, ___?

[TX] Sending - Lorem ipsum dolor sit amet, ___?
[MM] mu=0.1332 omega=100.0084 (nominal=100.0000, clip=±0.50%) residual_len=0
[MM] mu=0.8137 omega=100.0125 (nominal=100.0000, clip=±0.50%) residual_len=0
[MM] mu=0.2302 omega=99.9952 (nominal=100.0000, clip=±0.50%) residual_len=0
[MM] mu=0.2912 omega=99.9543 (nominal=100.0000, clip=±0.50%) residual_len=0
[RX] SYNCWORD BER: 0.0
[MM] mu=0.7111 omega=100.0178 (nominal=100.0000, clip=±0.50%) residual_len=0
[RX] DATA BER: 0.0
[RX] Dropping failed checksum
[TX] Sending - Lorem ipsum dolor sit amet, ___?
[MM] mu=0.2879 omega=99.9688 (nominal=100.0000, clip=±0.50%) residual_len=13
[MM] mu=0.6920 omega=99.9720 (nominal=100.0000, clip=±0.50%) residual_len=0
[MM] mu=0.9005 omega=99.9603 (nominal=100.0000, clip=±0.50%) residual_len=0
[MM] mu=0.4930 omega=99.9711 (nominal=100.0000, clip=±0.50%) residual_len=0
[RX] SYNCWORD BER: 0.125
[RX] SYNCWORD BER: 0.5625
[RX] SYNCWORD BER: 0.40625
[RX] SYNCWORD BER: 0.5
[RX] SYNCWORD BER: 0.375
[RX] SYNCWORD BER: 0.5
[MM] mu=0.7421 omega=100.0588 (nominal=100.0000, clip=±0.50%) residual_len=0
[TX] Sending - Lorem ipsum dolor sit amet, ___?
[MM] mu=0.8333 omega=100.0215 (nominal=100.0000, clip=±0.50%) residual_len=0
[MM] mu=0.8053 omega=100.0812 (nominal=100.0000, clip=±0.50%) residual_len=0
[MM] mu=0.9550 omega=100.0576 (nominal=100.0000, clip=±0.50%) residual_len=0
[RX] SYNCWORD BER: 0.0
[MM] mu=0.1591 omega=100.0864 (nominal=100.0000, clip=±0.50%) residual_len=0
[RX] DATA BER: 0.0

[RX] Received: Lorem ipsum dolor sit amet, ___?

[TX] Sending - Lorem ipsum dolor sit amet, ___?
[MM] mu=0.6673 omega=100.0487 (nominal=100.0000, clip=±0.50%) residual_len=0
[MM] mu=0.9341 omega=100.0037 (nominal=100.0000, clip=±0.50%) residual_len=0
[MM] mu=0.3968 omega=99.9032 (nominal=100.0000, clip=±0.50%) residual_len=0
[MM] mu=0.5516 omega=99.9314 (nominal=100.0000, clip=±0.50%) residual_len=0
[RX] SYNCWORD BER: 0.0
[MM] mu=0.3363 omega=99.9231 (nominal=100.0000, clip=±0.50%) residual_len=0
[RX] DATA BER: 0.0
[RX] Dropping failed checksum
[TX] Sending - Lorem ipsum dolor sit amet, ___?
[MM] mu=0.5837 omega=99.9464 (nominal=100.0000, clip=±0.50%) residual_len=0
[MM] mu=0.1871 omega=99.9817 (nominal=100.0000, clip=±0.50%) residual_len=16
[MM] mu=0.5525 omega=99.9901 (nominal=100.0000, clip=±0.50%) residual_len=0
[MM] mu=0.6366 omega=99.9436 (nominal=100.0000, clip=±0.50%) residual_len=0
[RX] SYNCWORD BER: 0.0
[RX] DATA BER: 0.0
[RX] Dropping failed checksum
[MM] mu=0.0622 omega=99.9800 (nominal=100.0000, clip=±0.50%) residual_len=0
[TX] Sending - Lorem ipsum dolor sit amet, ___?
[MM] mu=0.5877 omega=99.9772 (nominal=100.0000, clip=±0.50%) residual_len=0
[MM] mu=0.2756 omega=99.9721 (nominal=100.0000, clip=±0.50%) residual_len=0
[MM] mu=0.8694 omega=99.9421 (nominal=100.0000, clip=±0.50%) residual_len=0
[RX] SYNCWORD BER: 0.25
[RX] SYNCWORD BER: 0.59375
[MM] mu=0.7997 omega=99.8688 (nominal=100.0000, clip=±0.50%) residual_len=0
[TX] Sending - Lorem ipsum dolor sit amet, ___?
[MM] mu=0.1559 omega=99.9057 (nominal=100.0000, clip=±0.50%) residual_len=10
[MM] mu=0.5918 omega=99.9414 (nominal=100.0000, clip=±0.50%) residual_len=0
[MM] mu=0.4105 omega=99.9261 (nominal=100.0000, clip=±0.50%) residual_len=0
[MM] mu=0.8177 omega=99.9512 (nominal=100.0000, clip=±0.50%) residual_len=0
[RX] SYNCWORD BER: 0.0
[MM] mu=0.7907 omega=99.9534 (nominal=100.0000, clip=±0.50%) residual_len=0
[RX] DATA BER: 0.0
[RX] Dropping failed checksum
[TX] Sending - Lorem ipsum dolor sit amet, ___?
[MM] mu=0.6307 omega=99.9296 (nominal=100.0000, clip=±0.50%) residual_len=0
[MM] mu=0.9029 omega=99.9348 (nominal=100.0000, clip=±0.50%) residual_len=0
[MM] mu=0.0762 omega=99.9279 (nominal=100.0000, clip=±0.50%) residual_len=0
[MM] mu=0.0921 omega=99.9440 (nominal=100.0000, clip=±0.50%) residual_len=0
[RX] SYNCWORD BER: 0.0
[MM] mu=0.5041 omega=99.8771 (nominal=100.0000, clip=±0.50%) residual_len=0
[RX] DATA BER: 0.0
[RX] Dropping failed checksum
[TX] Sending - Lorem ipsum dolor sit amet, ___?
[MM] mu=0.0409 omega=99.8945 (nominal=100.0000, clip=±0.50%) residual_len=0
[MM] mu=0.2413 omega=99.8790 (nominal=100.0000, clip=±0.50%) residual_len=0
[MM] mu=0.3574 omega=99.8646 (nominal=100.0000, clip=±0.50%) residual_len=0
[RX] SYNCWORD BER: 0.0
[MM] mu=0.9446 omega=99.8490 (nominal=100.0000, clip=±0.50%) residual_len=0
[RX] DATA BER: 0.22265625
[RX] Dropping failed checksum
[TX] Sending - Lorem ipsum dolor sit amet, ___?
[MM] mu=0.3718 omega=99.8386 (nominal=100.0000, clip=±0.50%) residual_len=0
[MM] mu=0.2524 omega=99.8235 (nominal=100.0000, clip=±0.50%) residual_len=0
[MM] mu=0.3019 omega=99.8355 (nominal=100.0000, clip=±0.50%) residual_len=0
[MM] mu=0.4307 omega=99.8375 (nominal=100.0000, clip=±0.50%) residual_len=0
[MM] mu=0.2175 omega=99.8648 (nominal=100.0000, clip=±0.50%) residual_len=0
[TX] Sending - Lorem ipsum dolor sit amet, ___?
[MM] mu=0.7718 omega=99.8874 (nominal=100.0000, clip=±0.50%) residual_len=15
[MM] mu=0.4538 omega=99.8098 (nominal=100.0000, clip=±0.50%) residual_len=0
[MM] mu=0.0926 omega=99.8818 (nominal=100.0000, clip=±0.50%) residual_len=0
[MM] mu=0.4346 omega=99.8671 (nominal=100.0000, clip=±0.50%) residual_len=0
[RX] SYNCWORD BER: 0.0
[MM] mu=0.9996 omega=99.8489 (nominal=100.0000, clip=±0.50%) residual_len=0
[RX] DATA BER: 0.05859375
[RX] Dropping failed checksum
[TX] Sending - Lorem ipsum dolor sit amet, ___?
[MM] mu=0.5935 omega=99.9114 (nominal=100.0000, clip=±0.50%) residual_len=0
[MM] mu=0.8480 omega=99.8610 (nominal=100.0000, clip=±0.50%) residual_len=16
[MM] mu=0.7765 omega=99.8943 (nominal=100.0000, clip=±0.50%) residual_len=0
[MM] mu=0.7121 omega=99.8699 (nominal=100.0000, clip=±0.50%) residual_len=0
[MM] mu=0.3085 omega=99.8348 (nominal=100.0000, clip=±0.50%) residual_len=0
[TX] Sending - Lorem ipsum dolor sit amet, ___?
[MM] mu=0.7994 omega=99.8888 (nominal=100.0000, clip=±0.50%) residual_len=0
[MM] mu=0.2752 omega=99.8757 (nominal=100.0000, clip=±0.50%) residual_len=0
[MM] mu=0.0401 omega=99.9056 (nominal=100.0000, clip=±0.50%) residual_len=6
[MM] mu=0.0028 omega=99.9143 (nominal=100.0000, clip=±0.50%) residual_len=1
[TX] Sending - Lorem ipsum dolor sit amet, ___?
[MM] mu=0.8189 omega=99.9220 (nominal=100.0000, clip=±0.50%) residual_len=0
[MM] mu=0.8524 omega=99.9290 (nominal=100.0000, clip=±0.50%) residual_len=0
[MM] mu=0.9654 omega=99.9315 (nominal=100.0000, clip=±0.50%) residual_len=0
[MM] mu=0.9786 omega=99.9531 (nominal=100.0000, clip=±0.50%) residual_len=0
[RX] SYNCWORD BER: 0.0
[MM] mu=0.4722 omega=99.9966 (nominal=100.0000, clip=±0.50%) residual_len=0
[RX] DATA BER: 0.0
[RX] Dropping failed checksum
[TX] Sending - Lorem ipsum dolor sit amet, ___?
[MM] mu=0.4267 omega=99.9476 (nominal=100.0000, clip=±0.50%) residual_len=0
[MM] mu=0.5450 omega=99.9857 (nominal=100.0000, clip=±0.50%) residual_len=0
[MM] mu=0.0255 omega=100.0394 (nominal=100.0000, clip=±0.50%) residual_len=0
[MM] mu=0.8074 omega=100.0288 (nominal=100.0000, clip=±0.50%) residual_len=0
[RX] SYNCWORD BER: 0.0
[RX] DATA BER: 0.0

[RX] Received: Lorem ipsum dolor sit amet, ___?

[MM] mu=0.6418 omega=100.0341 (nominal=100.0000, clip=±0.50%) residual_len=0
[TX] Sending - Lorem ipsum dolor sit amet, ___?
[MM] mu=0.5197 omega=99.9501 (nominal=100.0000, clip=±0.50%) residual_len=1
[MM] mu=0.6822 omega=99.9324 (nominal=100.0000, clip=±0.50%) residual_len=0
[MM] mu=0.2543 omega=99.8555 (nominal=100.0000, clip=±0.50%) residual_len=13
[RX] SYNCWORD BER: 0.0
[MM] mu=0.9805 omega=99.8069 (nominal=100.0000, clip=±0.50%) residual_len=0
[RX] DATA BER: 0.0
[RX] Dropping failed checksum
[TX] Sending - Lorem ipsum dolor sit amet, ___?
[MM] mu=0.1516 omega=99.8357 (nominal=100.0000, clip=±0.50%) residual_len=0
[MM] mu=0.9684 omega=99.8800 (nominal=100.0000, clip=±0.50%) residual_len=0
[MM] mu=0.2939 omega=99.8690 (nominal=100.0000, clip=±0.50%) residual_len=0
[MM] mu=0.6846 omega=99.8224 (nominal=100.0000, clip=±0.50%) residual_len=0
[RX] SYNCWORD BER: 0.0
[MM] mu=0.9268 omega=99.7621 (nominal=100.0000, clip=±0.50%) residual_len=16
[RX] DATA BER: 0.15234375
[RX] Dropping failed checksum
[TX] Sending - Lorem ipsum dolor sit amet, ___?
[MM] mu=0.1907 omega=99.7684 (nominal=100.0000, clip=±0.50%) residual_len=0
[MM] mu=0.4896 omega=99.7737 (nominal=100.0000, clip=±0.50%) residual_len=0
[MM] mu=0.6965 omega=99.8329 (nominal=100.0000, clip=±0.50%) residual_len=0
[MM] mu=0.4218 omega=99.8203 (nominal=100.0000, clip=±0.50%) residual_len=0
[MM] mu=0.3911 omega=99.8193 (nominal=100.0000, clip=±0.50%) residual_len=0
[TX] Sending - Lorem ipsum dolor sit amet, ___?
[MM] mu=0.3465 omega=99.8478 (nominal=100.0000, clip=±0.50%) residual_len=0
[MM] mu=0.8878 omega=99.8897 (nominal=100.0000, clip=±0.50%) residual_len=0
[MM] mu=0.6321 omega=99.9228 (nominal=100.0000, clip=±0.50%) residual_len=0
[MM] mu=0.9025 omega=99.9190 (nominal=100.0000, clip=±0.50%) residual_len=0
[RX] SYNCWORD BER: 0.03125
[RX] SYNCWORD BER: 0.5625
[RX] SYNCWORD BER: 0.4375
[RX] SYNCWORD BER: 0.53125
[RX] SYNCWORD BER: 0.46875
[RX] SYNCWORD BER: 0.53125
[MM] mu=0.9682 omega=99.9633 (nominal=100.0000, clip=±0.50%) residual_len=0
[TX] Sending - Lorem ipsum dolor sit amet, ___?
[MM] mu=0.9328 omega=99.9565 (nominal=100.0000, clip=±0.50%) residual_len=0
[MM] mu=0.4326 omega=99.9173 (nominal=100.0000, clip=±0.50%) residual_len=0
[MM] mu=0.8218 omega=99.9082 (nominal=100.0000, clip=±0.50%) residual_len=0
[RX] SYNCWORD BER: 0.0
[MM] mu=0.6011 omega=99.8528 (nominal=100.0000, clip=±0.50%) residual_len=3
[RX] DATA BER: 0.0
[RX] Dropping failed checksum
[TX] Sending - Lorem ipsum dolor sit amet, ___?
[MM] mu=0.9766 omega=99.8743 (nominal=100.0000, clip=±0.50%) residual_len=0
[MM] mu=0.6259 omega=99.9275 (nominal=100.0000, clip=±0.50%) residual_len=0
[MM] mu=0.8155 omega=99.9575 (nominal=100.0000, clip=±0.50%) residual_len=0
[MM] mu=0.9959 omega=99.9878 (nominal=100.0000, clip=±0.50%) residual_len=0
[RX] SYNCWORD BER: 0.0
[MM] mu=0.0841 omega=99.9914 (nominal=100.0000, clip=±0.50%) residual_len=4
[RX] DATA BER: 0.0
[RX] Dropping failed checksum
[TX] Sending - Lorem ipsum dolor sit amet, ___?
[MM] mu=0.3639 omega=99.9959 (nominal=100.0000, clip=±0.50%) residual_len=0
[MM] mu=0.4743 omega=99.9433 (nominal=100.0000, clip=±0.50%) residual_len=0
[MM] mu=0.5498 omega=99.9182 (nominal=100.0000, clip=±0.50%) residual_len=0
[MM] mu=0.7985 omega=99.9198 (nominal=100.0000, clip=±0.50%) residual_len=0
[RX] SYNCWORD BER: 0.28125
[MM] mu=0.3714 omega=99.8919 (nominal=100.0000, clip=±0.50%) residual_len=0
[TX] Sending - Lorem ipsum dolor sit amet, ___?
[MM] mu=0.8284 omega=99.8764 (nominal=100.0000, clip=±0.50%) residual_len=0
[MM] mu=0.6493 omega=99.9056 (nominal=100.0000, clip=±0.50%) residual_len=0
[MM] mu=0.3737 omega=99.8777 (nominal=100.0000, clip=±0.50%) residual_len=9
[RX] SYNCWORD BER: 0.0
[MM] mu=0.1651 omega=99.8856 (nominal=100.0000, clip=±0.50%) residual_len=0
[RX] DATA BER: 0.0
[RX] Dropping failed checksum
[TX] Sending - Lorem ipsum dolor sit amet, ___?
[MM] mu=0.2663 omega=99.9003 (nominal=100.0000, clip=±0.50%) residual_len=6
[MM] mu=0.5260 omega=99.8699 (nominal=100.0000, clip=±0.50%) residual_len=0
[MM] mu=0.9153 omega=99.8798 (nominal=100.0000, clip=±0.50%) residual_len=0
[MM] mu=0.4769 omega=99.8431 (nominal=100.0000, clip=±0.50%) residual_len=0
[RX] SYNCWORD BER: 0.0
[MM] mu=0.2110 omega=99.7955 (nominal=100.0000, clip=±0.50%) residual_len=0
[RX] DATA BER: 0.0234375
[RX] Dropping failed checksum
[TX] Sending - Lorem ipsum dolor sit amet, ___?
[MM] mu=0.7554 omega=99.8304 (nominal=100.0000, clip=±0.50%) residual_len=0
[MM] mu=0.5767 omega=99.8018 (nominal=100.0000, clip=±0.50%) residual_len=0
[MM] mu=0.0579 omega=99.8039 (nominal=100.0000, clip=±0.50%) residual_len=0
[MM] mu=0.6023 omega=99.7869 (nominal=100.0000, clip=±0.50%) residual_len=14
[MM] mu=0.2374 omega=99.8264 (nominal=100.0000, clip=±0.50%) residual_len=3
[TX] Sending - Lorem ipsum dolor sit amet, ___?
[MM] mu=0.9231 omega=99.8169 (nominal=100.0000, clip=±0.50%) residual_len=0
[MM] mu=0.2221 omega=99.8496 (nominal=100.0000, clip=±0.50%) residual_len=0
[MM] mu=0.2568 omega=99.8137 (nominal=100.0000, clip=±0.50%) residual_len=0
[RX] SYNCWORD BER: 0.53125
[RX] SYNCWORD BER: 0.46875
[RX] SYNCWORD BER: 0.5625
[RX] SYNCWORD BER: 0.0
[MM] mu=0.8345 omega=99.8034 (nominal=100.0000, clip=±0.50%) residual_len=0
[RX] DATA BER: 0.2265625
[RX] Dropping failed checksum
[TX] Sending - Lorem ipsum dolor sit amet, ___?
[MM] mu=0.4739 omega=99.7803 (nominal=100.0000, clip=±0.50%) residual_len=1
[MM] mu=0.1493 omega=99.7830 (nominal=100.0000, clip=±0.50%) residual_len=0
[MM] mu=0.8295 omega=99.7896 (nominal=100.0000, clip=±0.50%) residual_len=0
[MM] mu=0.4314 omega=99.7513 (nominal=100.0000, clip=±0.50%) residual_len=0
[MM] mu=0.6171 omega=99.8210 (nominal=100.0000, clip=±0.50%) residual_len=0
[TX] Sending - Lorem ipsum dolor sit amet, ___?
[MM] mu=0.9867 omega=99.8087 (nominal=100.0000, clip=±0.50%) residual_len=0
[MM] mu=0.5562 omega=99.8360 (nominal=100.0000, clip=±0.50%) residual_len=9
[MM] mu=0.3980 omega=99.7417 (nominal=100.0000, clip=±0.50%) residual_len=0
[MM] mu=0.0552 omega=99.7001 (nominal=100.0000, clip=±0.50%) residual_len=0
[MM] mu=0.9502 omega=99.6975 (nominal=100.0000, clip=±0.50%) residual_len=9
[TX] Sending - Lorem ipsum dolor sit amet, ___?
[MM] mu=0.8266 omega=99.6336 (nominal=100.0000, clip=±0.50%) residual_len=0
[MM] mu=0.3929 omega=99.7007 (nominal=100.0000, clip=±0.50%) residual_len=0
[MM] mu=0.8807 omega=99.6906 (nominal=100.0000, clip=±0.50%) residual_len=0
[MM] mu=0.4675 omega=99.6747 (nominal=100.0000, clip=±0.50%) residual_len=0
[MM] mu=0.3387 omega=99.6899 (nominal=100.0000, clip=±0.50%) residual_len=0
[TX] Sending - Lorem ipsum dolor sit amet, ___?
[MM] mu=0.3141 omega=99.6918 (nominal=100.0000, clip=±0.50%) residual_len=14
[MM] mu=0.0355 omega=99.6071 (nominal=100.0000, clip=±0.50%) residual_len=0
[MM] mu=0.5533 omega=99.5495 (nominal=100.0000, clip=±0.50%) residual_len=0
[MM] mu=0.8801 omega=99.5018 (nominal=100.0000, clip=±0.50%) residual_len=0
[TX] Sending - Lorem ipsum dolor sit amet, ___?
[MM] mu=0.0173 omega=99.5325 (nominal=100.0000, clip=±0.50%) residual_len=2
[MM] mu=0.2075 omega=99.5830 (nominal=100.0000, clip=±0.50%) residual_len=0
[MM] mu=0.8957 omega=99.6150 (nominal=100.0000, clip=±0.50%) residual_len=0
[MM] mu=0.5970 omega=99.6329 (nominal=100.0000, clip=±0.50%) residual_len=0
[RX] SYNCWORD BER: 0.0
[MM] mu=0.4331 omega=99.5365 (nominal=100.0000, clip=±0.50%) residual_len=0
[RX] DATA BER: 0.2421875
[RX] Dropping failed checksum
[TX] Sending - Lorem ipsum dolor sit amet, ___?
[MM] mu=0.9399 omega=99.5189 (nominal=100.0000, clip=±0.50%) residual_len=0
[MM] mu=0.9456 omega=99.5420 (nominal=100.0000, clip=±0.50%) residual_len=0
[MM] mu=0.8563 omega=99.5573 (nominal=100.0000, clip=±0.50%) residual_len=0
[MM] mu=0.0674 omega=99.5272 (nominal=100.0000, clip=±0.50%) residual_len=0
[RX] SYNCWORD BER: 0.0
[RX] DATA BER: 0.296875
[RX] Dropping failed checksum
[MM] mu=0.8156 omega=99.6224 (nominal=100.0000, clip=±0.50%) residual_len=0
[TX] Sending - Lorem ipsum dolor sit amet, ___?
[MM] mu=0.2763 omega=99.6137 (nominal=100.0000, clip=±0.50%) residual_len=4
[MM] mu=0.1668 omega=99.5504 (nominal=100.0000, clip=±0.50%) residual_len=0
[MM] mu=0.9446 omega=99.5465 (nominal=100.0000, clip=±0.50%) residual_len=0
[RX] SYNCWORD BER: 0.0
[MM] mu=0.7204 omega=99.5539 (nominal=100.0000, clip=±0.50%) residual_len=0
[RX] DATA BER: 0.359375
[RX] Dropping failed checksum
[TX] Sending - Lorem ipsum dolor sit amet, ___?
[MM] mu=0.3691 omega=99.5152 (nominal=100.0000, clip=±0.50%) residual_len=0
[MM] mu=0.7282 omega=99.5208 (nominal=100.0000, clip=±0.50%) residual_len=0
[MM] mu=0.1743 omega=99.5449 (nominal=100.0000, clip=±0.50%) residual_len=0
[MM] mu=0.3250 omega=99.5041 (nominal=100.0000, clip=±0.50%) residual_len=0
[RX] SYNCWORD BER: 0.4375
[RX] SYNCWORD BER: 0.5
[RX] SYNCWORD BER: 0.46875
[RX] SYNCWORD BER: 0.09375
[MM] mu=0.9895 omega=99.5304 (nominal=100.0000, clip=±0.50%) residual_len=8
[TX] Sending - Lorem ipsum dolor sit amet, ___?
[MM] mu=0.6693 omega=99.5546 (nominal=100.0000, clip=±0.50%) residual_len=0
[MM] mu=0.5704 omega=99.5259 (nominal=100.0000, clip=±0.50%) residual_len=0
[MM] mu=0.0543 omega=99.5370 (nominal=100.0000, clip=±0.50%) residual_len=0
[MM] mu=0.6563 omega=99.5009 (nominal=100.0000, clip=±0.50%) residual_len=11
[MM] mu=0.2243 omega=99.5122 (nominal=100.0000, clip=±0.50%) residual_len=15
[TX] Sending - Lorem ipsum dolor sit amet, ___?
[MM] mu=0.9630 omega=99.5793 (nominal=100.0000, clip=±0.50%) residual_len=0
[MM] mu=0.9899 omega=99.5685 (nominal=100.0000, clip=±0.50%) residual_len=0
[MM] mu=0.1483 omega=99.5745 (nominal=100.0000, clip=±0.50%) residual_len=0
[MM] mu=0.0879 omega=99.5697 (nominal=100.0000, clip=±0.50%) residual_len=0
[TX] Sending - Lorem ipsum dolor sit amet, ___?
[MM] mu=0.4071 omega=99.6242 (nominal=100.0000, clip=±0.50%) residual_len=5
[MM] mu=0.2715 omega=99.5951 (nominal=100.0000, clip=±0.50%) residual_len=13
[MM] mu=0.2738 omega=99.5233 (nominal=100.0000, clip=±0.50%) residual_len=0
[MM] mu=0.6605 omega=99.5012 (nominal=100.0000, clip=±0.50%) residual_len=5
[MM] mu=0.6240 omega=99.5162 (nominal=100.0000, clip=±0.50%) residual_len=8
[TX] Sending - Lorem ipsum dolor sit amet, ___?
[MM] mu=0.5001 omega=99.5277 (nominal=100.0000, clip=±0.50%) residual_len=0
[MM] mu=0.2891 omega=99.5352 (nominal=100.0000, clip=±0.50%) residual_len=0
[MM] mu=0.0232 omega=99.5576 (nominal=100.0000, clip=±0.50%) residual_len=0
[MM] mu=0.6086 omega=99.5607 (nominal=100.0000, clip=±0.50%) residual_len=0
[RX] SYNCWORD BER: 0.46875
[RX] SYNCWORD BER: 0.5
[RX] SYNCWORD BER: 0.46875
[RX] SYNCWORD BER: 0.4375
[RX] SYNCWORD BER: 0.46875
[RX] SYNCWORD BER: 0.5
[MM] mu=0.9812 omega=99.5482 (nominal=100.0000, clip=±0.50%) residual_len=0
[TX] Sending - Lorem ipsum dolor sit amet, ___?
[MM] mu=0.9396 omega=99.5624 (nominal=100.0000, clip=±0.50%) residual_len=0
[MM] mu=0.0060 omega=99.5729 (nominal=100.0000, clip=±0.50%) residual_len=0
[MM] mu=0.8838 omega=99.5589 (nominal=100.0000, clip=±0.50%) residual_len=0
[MM] mu=0.5791 omega=99.5433 (nominal=100.0000, clip=±0.50%) residual_len=0
[RX] SYNCWORD BER: 0.0
[RX] DATA BER: 0.30078125
[RX] Dropping failed checksum
[MM] mu=0.6920 omega=99.5844 (nominal=100.0000, clip=±0.50%) residual_len=0
[TX] Sending - Lorem ipsum dolor sit amet, ___?
[MM] mu=0.2986 omega=99.5634 (nominal=100.0000, clip=±0.50%) residual_len=0
[MM] mu=0.7365 omega=99.5401 (nominal=100.0000, clip=±0.50%) residual_len=0
[MM] mu=0.5868 omega=99.5205 (nominal=100.0000, clip=±0.50%) residual_len=0
[MM] mu=0.2508 omega=99.5088 (nominal=100.0000, clip=±0.50%) residual_len=4

