[INFO] [UHD] linux; GNU C++ version 15.2.0; Boost_109000; UHD_4.9.0.1-1ubuntu1
[INFO] [B200] Detected Device: B206mini
[INFO] [B200] Operating over USB 3.
[INFO] [B200] Initialize CODEC control...
[INFO] [B200] Initialize Radio control...
[INFO] [B200] Performing register loopback test... 
[INFO] [B200] Register loopback test passed
[INFO] [B200] Setting master clock rate selection to 'automatic'.
[INFO] [B200] Asking for clock rate 16.000000 MHz... 
[INFO] [B200] Actually got clock rate 16.000000 MHz.
OURS: UserFreqs(center=912064400.0, f0=-2400.0, f1=2400.0)
THEIRS: UserFreqs(center=912035600.0, f0=-2400.0, f1=2400.0)
RX GAIN: 40
TX GAIN: 40
SAMPLE RATE: 240000.0 (fs/2 == 120000.0)
SYMBOL RATE: 2400
FREQ SEP: 4800
BANDWIDTH: 9600
CUTOFF: 5000.0
[INFO] [B200] Asking for clock rate 61.440000 MHz... 
[INFO] [B200] Actually got clock rate 61.440000 MHz.
[RX] Starting
RECEIVE FRAME EXP DATA: b'0100110001101111011100100110010101101101001000000110100101110000011100110111010101101101001000000110010001101111011011000110111101110010001000000111001101101001011101000010000001100001011011010110010101110100001011000010000001011111010111110101111100111111' (debug is True)
BUFFER THRESHOLD: 100000 (CONTROL: 100000)
EXP3B: Stateful Symbol Timing - Original M&M no interpolation)
You have 5 seconds to start the other user!
[RC MM] Starting Values: samples_per_symbol=100.0000 interp=None loop_react=0.3000
[RC MM] mu=0.8268 omega=None
[RC MM] Starting Values: samples_per_symbol=100.0000 interp=None loop_react=0.3000
[RC MM] mu=0.2293 omega=None
[RC MM] Starting Values: samples_per_symbol=100.0000 interp=None loop_react=0.3000
[RC MM] mu=0.9234 omega=None
[RC MM] Starting Values: samples_per_symbol=100.0000 interp=None loop_react=0.3000
[RC MM] mu=0.4945 omega=None
[RC MM] Starting Values: samples_per_symbol=100.0000 interp=None loop_react=0.3000
[RC MM] mu=0.7151 omega=None
[RC MM] Starting Values: samples_per_symbol=100.0000 interp=None loop_react=0.3000
[RC MM] mu=0.6320 omega=None
[RC MM] Starting Values: samples_per_symbol=100.0000 interp=None loop_react=0.3000
[RC MM] mu=0.6888 omega=None
[RC MM] Starting Values: samples_per_symbol=100.0000 interp=None loop_react=0.3000
[RC MM] mu=0.6075 omega=None
[RC MM] Starting Values: samples_per_symbol=100.0000 interp=None loop_react=0.3000
[RC MM] mu=0.7079 omega=None
[RC MM] Starting Values: samples_per_symbol=100.0000 interp=None loop_react=0.3000
[RC MM] mu=0.9592 omega=None
[RC MM] Starting Values: samples_per_symbol=100.0000 interp=None loop_react=0.3000
[RC MM] mu=0.6276 omega=None
[RC MM] Starting Values: samples_per_symbol=100.0000 interp=None loop_react=0.3000
[RC MM] mu=0.6925 omega=None
[RC MM] Starting Values: samples_per_symbol=100.0000 interp=None loop_react=0.3000
[RC MM] mu=0.8581 omega=None
[RC MM] Starting Values: samples_per_symbol=100.0000 interp=None loop_react=0.3000
[RC MM] mu=0.0725 omega=None
[RX] SYNCWORD BER: 0.0
[RC MM] Starting Values: samples_per_symbol=100.0000 interp=None loop_react=0.3000
[RC MM] mu=0.5015 omega=None
[RX] DATA BER: 0.0

[RX] Received: Lorem ipsum dolor sit amet, ___?

[RC MM] Starting Values: samples_per_symbol=100.0000 interp=None loop_react=0.3000
[RC MM] mu=0.3219 omega=None
[TX] Sending - Lorem ipsum dolor sit amet, ___?
[RC MM] Starting Values: samples_per_symbol=100.0000 interp=None loop_react=0.3000
[RC MM] mu=0.7371 omega=None
[RC MM] Starting Values: samples_per_symbol=100.0000 interp=None loop_react=0.3000
[RC MM] mu=0.5349 omega=None
[RC MM] Starting Values: samples_per_symbol=100.0000 interp=None loop_react=0.3000
[RC MM] mu=0.1002 omega=None
[RX] SYNCWORD BER: 0.0
[RC MM] Starting Values: samples_per_symbol=100.0000 interp=None loop_react=0.3000
[RC MM] mu=0.2801 omega=None
[RX] DATA BER: 0.0

[RX] Received: Lorem ipsum dolor sit amet, ___?

[TX] Sending - Lorem ipsum dolor sit amet, ___?
[RC MM] Starting Values: samples_per_symbol=100.0000 interp=None loop_react=0.3000
[RC MM] mu=0.7869 omega=None
[RC MM] Starting Values: samples_per_symbol=100.0000 interp=None loop_react=0.3000
[RC MM] mu=0.5009 omega=None
[RC MM] Starting Values: samples_per_symbol=100.0000 interp=None loop_react=0.3000
[RC MM] mu=0.7880 omega=None
[RC MM] Starting Values: samples_per_symbol=100.0000 interp=None loop_react=0.3000
[RC MM] mu=0.5712 omega=None
[RX] SYNCWORD BER: 0.0
[RC MM] Starting Values: samples_per_symbol=100.0000 interp=None loop_react=0.3000
[RC MM] mu=0.6214 omega=None
[RX] DATA BER: 0.0

[RX] Received: Lorem ipsum dolor sit amet, ___?

[TX] Sending - Lorem ipsum dolor sit amet, ___?
[RC MM] Starting Values: samples_per_symbol=100.0000 interp=None loop_react=0.3000
[RC MM] mu=0.4692 omega=None
[RC MM] Starting Values: samples_per_symbol=100.0000 interp=None loop_react=0.3000
[RC MM] mu=0.8243 omega=None
[RC MM] Starting Values: samples_per_symbol=100.0000 interp=None loop_react=0.3000
[RC MM] mu=0.4367 omega=None
[RC MM] Starting Values: samples_per_symbol=100.0000 interp=None loop_react=0.3000
[RC MM] mu=0.1074 omega=None
[RX] SYNCWORD BER: 0.0
[RX] DATA BER: 0.0

[RX] Received: Lorem ipsum dolor sit amet, ___?

[RC MM] Starting Values: samples_per_symbol=100.0000 interp=None loop_react=0.3000
[RC MM] mu=0.0166 omega=None
[TX] Sending - Lorem ipsum dolor sit amet, ___?
[RC MM] Starting Values: samples_per_symbol=100.0000 interp=None loop_react=0.3000
[RC MM] mu=0.7603 omega=None
[RC MM] Starting Values: samples_per_symbol=100.0000 interp=None loop_react=0.3000
[RC MM] mu=0.2599 omega=None
[RC MM] Starting Values: samples_per_symbol=100.0000 interp=None loop_react=0.3000
[RC MM] mu=0.3917 omega=None
[RX] SYNCWORD BER: 0.0
[RC MM] Starting Values: samples_per_symbol=100.0000 interp=None loop_react=0.3000
[RC MM] mu=0.1038 omega=None
[RX] DATA BER: 0.0

[RX] Received: Lorem ipsum dolor sit amet, ___?

[TX] Sending - Lorem ipsum dolor sit amet, ___?
[RC MM] Starting Values: samples_per_symbol=100.0000 interp=None loop_react=0.3000
[RC MM] mu=0.8572 omega=None
[RC MM] Starting Values: samples_per_symbol=100.0000 interp=None loop_react=0.3000
[RC MM] mu=0.6371 omega=None
[RC MM] Starting Values: samples_per_symbol=100.0000 interp=None loop_react=0.3000
[RC MM] mu=0.5479 omega=None
[RC MM] Starting Values: samples_per_symbol=100.0000 interp=None loop_react=0.3000
[RC MM] mu=0.7522 omega=None
[RX] SYNCWORD BER: 0.0
[RC MM] Starting Values: samples_per_symbol=100.0000 interp=None loop_react=0.3000
[RC MM] mu=0.4256 omega=None
[RX] DATA BER: 0.0

[RX] Received: Lorem ipsum dolor sit amet, ___?

[TX] Sending - Lorem ipsum dolor sit amet, ___?
[RC MM] Starting Values: samples_per_symbol=100.0000 interp=None loop_react=0.3000
[RC MM] mu=0.8996 omega=None
[RC MM] Starting Values: samples_per_symbol=100.0000 interp=None loop_react=0.3000
[RC MM] mu=0.0075 omega=None
[RC MM] Starting Values: samples_per_symbol=100.0000 interp=None loop_react=0.3000
[RC MM] mu=0.6787 omega=None
[RC MM] Starting Values: samples_per_symbol=100.0000 interp=None loop_react=0.3000
[RC MM] mu=0.2570 omega=None
[RX] SYNCWORD BER: 0.0
[RX] DATA BER: 0.0

[RX] Received: Lorem ipsum dolor sit amet, ___?

[RC MM] Starting Values: samples_per_symbol=100.0000 interp=None loop_react=0.3000
[RC MM] mu=0.8447 omega=None
[TX] Sending - Lorem ipsum dolor sit amet, ___?
[RC MM] Starting Values: samples_per_symbol=100.0000 interp=None loop_react=0.3000
[RC MM] mu=0.9540 omega=None
[RC MM] Starting Values: samples_per_symbol=100.0000 interp=None loop_react=0.3000
[RC MM] mu=0.9584 omega=None
[RC MM] Starting Values: samples_per_symbol=100.0000 interp=None loop_react=0.3000
[RC MM] mu=0.6824 omega=None
[RX] SYNCWORD BER: 0.0
[RC MM] Starting Values: samples_per_symbol=100.0000 interp=None loop_react=0.3000
[RC MM] mu=0.3486 omega=None
[RX] DATA BER: 0.0

[RX] Received: Lorem ipsum dolor sit amet, ___?

[RC MM] Starting Values: samples_per_symbol=100.0000 interp=None loop_react=0.3000
[RC MM] mu=0.0527 omega=None
[TX] Sending - Lorem ipsum dolor sit amet, ___?
[RC MM] Starting Values: samples_per_symbol=100.0000 interp=None loop_react=0.3000
[RC MM] mu=0.1621 omega=None
[RC MM] Starting Values: samples_per_symbol=100.0000 interp=None loop_react=0.3000
[RC MM] mu=0.7012 omega=None
[RC MM] Starting Values: samples_per_symbol=100.0000 interp=None loop_react=0.3000
[RC MM] mu=0.7113 omega=None
[RX] SYNCWORD BER: 0.0
[RC MM] Starting Values: samples_per_symbol=100.0000 interp=None loop_react=0.3000
[RC MM] mu=0.6488 omega=None
[RX] DATA BER: 0.0

[RX] Received: Lorem ipsum dolor sit amet, ___?

[TX] Sending - Lorem ipsum dolor sit amet, ___?
[RC MM] Starting Values: samples_per_symbol=100.0000 interp=None loop_react=0.3000
[RC MM] mu=0.9506 omega=None
[RC MM] Starting Values: samples_per_symbol=100.0000 interp=None loop_react=0.3000
[RC MM] mu=0.6469 omega=None
[RC MM] Starting Values: samples_per_symbol=100.0000 interp=None loop_react=0.3000
[RC MM] mu=0.2044 omega=None
[RC MM] Starting Values: samples_per_symbol=100.0000 interp=None loop_react=0.3000
[RC MM] mu=0.4922 omega=None
[RX] SYNCWORD BER: 0.0
[RC MM] Starting Values: samples_per_symbol=100.0000 interp=None loop_react=0.3000
[RC MM] mu=0.0918 omega=None
[RX] DATA BER: 0.0

[RX] Received: Lorem ipsum dolor sit amet, ___?

[TX] Sending - Lorem ipsum dolor sit amet, ___?
[RC MM] Starting Values: samples_per_symbol=100.0000 interp=None loop_react=0.3000
[RC MM] mu=0.9637 omega=None
[RC MM] Starting Values: samples_per_symbol=100.0000 interp=None loop_react=0.3000
[RC MM] mu=0.7061 omega=None
[RC MM] Starting Values: samples_per_symbol=100.0000 interp=None loop_react=0.3000
[RC MM] mu=0.6137 omega=None
[RC MM] Starting Values: samples_per_symbol=100.0000 interp=None loop_react=0.3000
[RC MM] mu=0.5724 omega=None
[RX] SYNCWORD BER: 0.0
[RX] DATA BER: 0.0

[RX] Received: Lorem ipsum dolor sit amet, ___?

[RC MM] Starting Values: samples_per_symbol=100.0000 interp=None loop_react=0.3000
[RC MM] mu=0.2728 omega=None
[TX] Sending - Lorem ipsum dolor sit amet, ___?
[RC MM] Starting Values: samples_per_symbol=100.0000 interp=None loop_react=0.3000
[RC MM] mu=0.1258 omega=None
[RC MM] Starting Values: samples_per_symbol=100.0000 interp=None loop_react=0.3000
[RC MM] mu=0.6967 omega=None
[RC MM] Starting Values: samples_per_symbol=100.0000 interp=None loop_react=0.3000
[RC MM] mu=0.2763 omega=None
[RX] SYNCWORD BER: 0.21875
[RX] SYNCWORD BER: 0.53125
[RX] SYNCWORD BER: 0.34375
[RX] SYNCWORD BER: 0.5
[RX] SYNCWORD BER: 0.4375
[RX] SYNCWORD BER: 0.5
[RX] SYNCWORD BER: 0.53125
[RC MM] Starting Values: samples_per_symbol=100.0000 interp=None loop_react=0.3000
[RC MM] mu=0.7223 omega=None
[TX] Sending - Lorem ipsum dolor sit amet, ___?
[RC MM] Starting Values: samples_per_symbol=100.0000 interp=None loop_react=0.3000
[RC MM] mu=0.8381 omega=None
[RC MM] Starting Values: samples_per_symbol=100.0000 interp=None loop_react=0.3000
[RC MM] mu=0.6035 omega=None
[RC MM] Starting Values: samples_per_symbol=100.0000 interp=None loop_react=0.3000
[RC MM] mu=0.7490 omega=None
[RC MM] Starting Values: samples_per_symbol=100.0000 interp=None loop_react=0.3000
[RC MM] mu=0.7112 omega=None
[RX] SYNCWORD BER: 0.0
[RC MM] Starting Values: samples_per_symbol=100.0000 interp=None loop_react=0.3000
[RC MM] mu=0.8505 omega=None
[RX] DATA BER: 0.0

[RX] Received: Lorem ipsum dolor sit amet, ___?

[TX] Sending - Lorem ipsum dolor sit amet, ___?
[RC MM] Starting Values: samples_per_symbol=100.0000 interp=None loop_react=0.3000
[RC MM] mu=0.1535 omega=None
[RC MM] Starting Values: samples_per_symbol=100.0000 interp=None loop_react=0.3000
[RC MM] mu=0.5438 omega=None
[RC MM] Starting Values: samples_per_symbol=100.0000 interp=None loop_react=0.3000
[RC MM] mu=0.0374 omega=None
[RC MM] Starting Values: samples_per_symbol=100.0000 interp=None loop_react=0.3000
[RC MM] mu=0.1293 omega=None
[RX] SYNCWORD BER: 0.0
[RX] DATA BER: 0.0

[RX] Received: Lorem ipsum dolor sit amet, ___?

[RC MM] Starting Values: samples_per_symbol=100.0000 interp=None loop_react=0.3000
[RC MM] mu=0.1475 omega=None
[TX] Sending - Lorem ipsum dolor sit amet, ___?
[RC MM] Starting Values: samples_per_symbol=100.0000 interp=None loop_react=0.3000
[RC MM] mu=0.7771 omega=None
[RC MM] Starting Values: samples_per_symbol=100.0000 interp=None loop_react=0.3000
[RC MM] mu=0.5852 omega=None
[RC MM] Starting Values: samples_per_symbol=100.0000 interp=None loop_react=0.3000
[RC MM] mu=0.2960 omega=None
[RX] SYNCWORD BER: 0.0
[RC MM] Starting Values: samples_per_symbol=100.0000 interp=None loop_react=0.3000
[RC MM] mu=0.7716 omega=None
[RX] DATA BER: 0.0

[RX] Received: Lorem ipsum dolor sit amet, ___?

[RC MM] Starting Values: samples_per_symbol=100.0000 interp=None loop_react=0.3000
[TX] Sending - Lorem ipsum dolor sit amet, ___?
[RC MM] mu=0.2361 omega=None
[RC MM] Starting Values: samples_per_symbol=100.0000 interp=None loop_react=0.3000
[RC MM] mu=0.7555 omega=None
[RC MM] Starting Values: samples_per_symbol=100.0000 interp=None loop_react=0.3000
[RC MM] mu=0.3363 omega=None
[RC MM] Starting Values: samples_per_symbol=100.0000 interp=None loop_react=0.3000
[RC MM] mu=0.3916 omega=None
[RX] SYNCWORD BER: 0.0
[RC MM] Starting Values: samples_per_symbol=100.0000 interp=None loop_react=0.3000
[RC MM] mu=0.1941 omega=None
[RX] DATA BER: 0.0

[RX] Received: Lorem ipsum dolor sit amet, ___?

[TX] Sending - Lorem ipsum dolor sit amet, ___?
[RC MM] Starting Values: samples_per_symbol=100.0000 interp=None loop_react=0.3000
[RC MM] mu=0.3394 omega=None
[RC MM] Starting Values: samples_per_symbol=100.0000 interp=None loop_react=0.3000
[RC MM] mu=0.7803 omega=None
[RC MM] Starting Values: samples_per_symbol=100.0000 interp=None loop_react=0.3000
[RC MM] mu=0.5706 omega=None
[RC MM] Starting Values: samples_per_symbol=100.0000 interp=None loop_react=0.3000
[RC MM] mu=0.2517 omega=None
[RX] SYNCWORD BER: 0.0
[RC MM] Starting Values: samples_per_symbol=100.0000 interp=None loop_react=0.3000
[RC MM] mu=0.4783 omega=None
[RX] DATA BER: 0.0

[RX] Received: Lorem ipsum dolor sit amet, ___?

[TX] Sending - Lorem ipsum dolor sit amet, ___?
[RC MM] Starting Values: samples_per_symbol=100.0000 interp=None loop_react=0.3000
[RC MM] mu=0.8183 omega=None
[RC MM] Starting Values: samples_per_symbol=100.0000 interp=None loop_react=0.3000
[RC MM] mu=0.2539 omega=None
[RC MM] Starting Values: samples_per_symbol=100.0000 interp=None loop_react=0.3000
[RC MM] mu=0.2044 omega=None
[RX] SYNCWORD BER: 0.0
[RC MM] Starting Values: samples_per_symbol=100.0000 interp=None loop_react=0.3000
[RC MM] mu=0.7220 omega=None
[RX] DATA BER: 0.0

[RX] Received: Lorem ipsum dolor sit amet, ___?

[RC MM] Starting Values: samples_per_symbol=100.0000 interp=None loop_react=0.3000
[RC MM] mu=0.6728 omega=None
[TX] Sending - Lorem ipsum dolor sit amet, ___?
[RC MM] Starting Values: samples_per_symbol=100.0000 interp=None loop_react=0.3000
[RC MM] mu=0.9461 omega=None
[RC MM] Starting Values: samples_per_symbol=100.0000 interp=None loop_react=0.3000
[RC MM] mu=0.2002 omega=None
[RC MM] Starting Values: samples_per_symbol=100.0000 interp=None loop_react=0.3000
[RC MM] mu=0.1014 omega=None
[RX] SYNCWORD BER: 0.0
[RC MM] Starting Values: samples_per_symbol=100.0000 interp=None loop_react=0.3000
[RC MM] mu=0.2602 omega=None
[RX] DATA BER: 0.0

[RX] Received: Lorem ipsum dolor sit amet, ___?

[TX] Sending - Lorem ipsum dolor sit amet, ___?
[RC MM] Starting Values: samples_per_symbol=100.0000 interp=None loop_react=0.3000
[RC MM] mu=0.6544 omega=None
[RC MM] Starting Values: samples_per_symbol=100.0000 interp=None loop_react=0.3000
[RC MM] mu=0.3375 omega=None
[RC MM] Starting Values: samples_per_symbol=100.0000 interp=None loop_react=0.3000
[RC MM] mu=0.9604 omega=None
[RC MM] Starting Values: samples_per_symbol=100.0000 interp=None loop_react=0.3000
[RC MM] mu=0.7908 omega=None
[RX] SYNCWORD BER: 0.0
[RC MM] Starting Values: samples_per_symbol=100.0000 interp=None loop_react=0.3000
[RC MM] mu=0.6338 omega=None
[RX] DATA BER: 0.0

[RX] Received: Lorem ipsum dolor sit amet, ___?

[TX] Sending - Lorem ipsum dolor sit amet, ___?
[RC MM] Starting Values: samples_per_symbol=100.0000 interp=None loop_react=0.3000
[RC MM] mu=0.3447 omega=None
[RC MM] Starting Values: samples_per_symbol=100.0000 interp=None loop_react=0.3000
[RC MM] mu=0.4377 omega=None
[RC MM] Starting Values: samples_per_symbol=100.0000 interp=None loop_react=0.3000
[RC MM] mu=0.5140 omega=None
[RC MM] Starting Values: samples_per_symbol=100.0000 interp=None loop_react=0.3000
[RC MM] mu=0.6406 omega=None
[RX] SYNCWORD BER: 0.0
[RX] DATA BER: 0.0

[RX] Received: Lorem ipsum dolor sit amet, ___?

[RC MM] Starting Values: samples_per_symbol=100.0000 interp=None loop_react=0.3000
[RC MM] mu=0.7165 omega=None
[TX] Sending - Lorem ipsum dolor sit amet, ___?
[RC MM] Starting Values: samples_per_symbol=100.0000 interp=None loop_react=0.3000
[RC MM] mu=0.9521 omega=None
[RC MM] Starting Values: samples_per_symbol=100.0000 interp=None loop_react=0.3000
[RC MM] mu=0.5741 omega=None
[RC MM] Starting Values: samples_per_symbol=100.0000 interp=None loop_react=0.3000
[RC MM] mu=0.1060 omega=None
[RX] SYNCWORD BER: 0.0
[RC MM] Starting Values: samples_per_symbol=100.0000 interp=None loop_react=0.3000
[RC MM] mu=0.0224 omega=None
[RX] DATA BER: 0.0

[RX] Received: Lorem ipsum dolor sit amet, ___?

[TX] Sending - Lorem ipsum dolor sit amet, ___?
[RC MM] Starting Values: samples_per_symbol=100.0000 interp=None loop_react=0.3000
[RC MM] mu=0.6341 omega=None
[RC MM] Starting Values: samples_per_symbol=100.0000 interp=None loop_react=0.3000
[RC MM] mu=0.5798 omega=None
[RC MM] Starting Values: samples_per_symbol=100.0000 interp=None loop_react=0.3000
[RC MM] mu=0.4375 omega=None
[RC MM] Starting Values: samples_per_symbol=100.0000 interp=None loop_react=0.3000
[RC MM] mu=0.6657 omega=None
[RX] SYNCWORD BER: 0.0
[RC MM] Starting Values: samples_per_symbol=100.0000 interp=None loop_react=0.3000
[RC MM] mu=0.5680 omega=None
[RX] DATA BER: 0.0

[RX] Received: Lorem ipsum dolor sit amet, ___?

[TX] Sending - Lorem ipsum dolor sit amet, ___?
[RC MM] Starting Values: samples_per_symbol=100.0000 interp=None loop_react=0.3000
[RC MM] mu=0.9227 omega=None
[RC MM] Starting Values: samples_per_symbol=100.0000 interp=None loop_react=0.3000
[RC MM] mu=0.8655 omega=None
[RC MM] Starting Values: samples_per_symbol=100.0000 interp=None loop_react=0.3000
[RC MM] mu=0.4414 omega=None
[RC MM] Starting Values: samples_per_symbol=100.0000 interp=None loop_react=0.3000
[RC MM] mu=0.4303 omega=None
[RX] SYNCWORD BER: 0.0
[RX] DATA BER: 0.0

[RX] Received: Lorem ipsum dolor sit amet, ___?

[RC MM] Starting Values: samples_per_symbol=100.0000 interp=None loop_react=0.3000
[RC MM] mu=0.1532 omega=None
[TX] Sending - Lorem ipsum dolor sit amet, ___?
[RC MM] Starting Values: samples_per_symbol=100.0000 interp=None loop_react=0.3000
[RC MM] mu=0.1243 omega=None
[RC MM] Starting Values: samples_per_symbol=100.0000 interp=None loop_react=0.3000
[RC MM] mu=0.1640 omega=None
[RC MM] Starting Values: samples_per_symbol=100.0000 interp=None loop_react=0.3000
[RC MM] mu=0.0643 omega=None
[RX] SYNCWORD BER: 0.0
[RC MM] Starting Values: samples_per_symbol=100.0000 interp=None loop_react=0.3000
[RC MM] mu=0.5718 omega=None
[RX] DATA BER: 0.0

[RX] Received: Lorem ipsum dolor sit amet, ___?

[RC MM] Starting Values: samples_per_symbol=100.0000 interp=None loop_react=0.3000
[RC MM] mu=0.3638 omega=None
[TX] Sending - Lorem ipsum dolor sit amet, ___?
[RC MM] Starting Values: samples_per_symbol=100.0000 interp=None loop_react=0.3000
[RC MM] mu=0.7016 omega=None
[RC MM] Starting Values: samples_per_symbol=100.0000 interp=None loop_react=0.3000
[RC MM] mu=0.5646 omega=None
[RC MM] Starting Values: samples_per_symbol=100.0000 interp=None loop_react=0.3000
[RC MM] mu=0.3771 omega=None
[RX] SYNCWORD BER: 0.0
[RC MM] Starting Values: samples_per_symbol=100.0000 interp=None loop_react=0.3000
[RC MM] mu=0.8989 omega=None
[RX] DATA BER: 0.0

[RX] Received: Lorem ipsum dolor sit amet, ___?

[TX] Sending - Lorem ipsum dolor sit amet, ___?
[RC MM] Starting Values: samples_per_symbol=100.0000 interp=None loop_react=0.3000
[RC MM] mu=0.1105 omega=None
[RC MM] Starting Values: samples_per_symbol=100.0000 interp=None loop_react=0.3000
[RC MM] mu=0.7127 omega=None
[RC MM] Starting Values: samples_per_symbol=100.0000 interp=None loop_react=0.3000
[RC MM] mu=0.7595 omega=None
[RC MM] Starting Values: samples_per_symbol=100.0000 interp=None loop_react=0.3000
[RC MM] mu=0.5352 omega=None
[RX] SYNCWORD BER: 0.0
[RC MM] Starting Values: samples_per_symbol=100.0000 interp=None loop_react=0.3000
[RC MM] mu=0.1520 omega=None
[RX] DATA BER: 0.0

[RX] Received: Lorem ipsum dolor sit amet, ___?

[TX] Sending - Lorem ipsum dolor sit amet, ___?
[RC MM] Starting Values: samples_per_symbol=100.0000 interp=None loop_react=0.3000
[RC MM] mu=0.9029 omega=None
[RC MM] Starting Values: samples_per_symbol=100.0000 interp=None loop_react=0.3000
[RC MM] mu=0.7655 omega=None
[RC MM] Starting Values: samples_per_symbol=100.0000 interp=None loop_react=0.3000
[RC MM] mu=0.4140 omega=None
[RC MM] Starting Values: samples_per_symbol=100.0000 interp=None loop_react=0.3000
[RC MM] mu=0.9597 omega=None
[RX] SYNCWORD BER: 0.0
[RX] DATA BER: 0.0

[RX] Received: Lorem ipsum dolor sit amet, ___?

[RC MM] Starting Values: samples_per_symbol=100.0000 interp=None loop_react=0.3000
[RC MM] mu=0.5014 omega=None
[TX] Sending - Lorem ipsum dolor sit amet, ___?
[RC MM] Starting Values: samples_per_symbol=100.0000 interp=None loop_react=0.3000
[RC MM] mu=0.1890 omega=None
[RC MM] Starting Values: samples_per_symbol=100.0000 interp=None loop_react=0.3000
[RC MM] mu=0.3364 omega=None
[RC MM] Starting Values: samples_per_symbol=100.0000 interp=None loop_react=0.3000
[RC MM] mu=0.0014 omega=None
[RX] SYNCWORD BER: 0.0
[RC MM] Starting Values: samples_per_symbol=100.0000 interp=None loop_react=0.3000
[RC MM] mu=0.4770 omega=None
[RX] DATA BER: 0.0

[RX] Received: Lorem ipsum dolor sit amet, ___?

[TX] Sending - Lorem ipsum dolor sit amet, ___?
[RC MM] Starting Values: samples_per_symbol=100.0000 interp=None loop_react=0.3000
[RC MM] mu=0.4168 omega=None
[RC MM] Starting Values: samples_per_symbol=100.0000 interp=None loop_react=0.3000
[RC MM] mu=0.2078 omega=None
[RC MM] Starting Values: samples_per_symbol=100.0000 interp=None loop_react=0.3000
[RC MM] mu=0.7485 omega=None
[RC MM] Starting Values: samples_per_symbol=100.0000 interp=None loop_react=0.3000
[RC MM] mu=0.4885 omega=None
[RX] SYNCWORD BER: 0.0
[RC MM] Starting Values: samples_per_symbol=100.0000 interp=None loop_react=0.3000
[RC MM] mu=0.2894 omega=None
[RX] DATA BER: 0.0

[RX] Received: Lorem ipsum dolor sit amet, ___?

[TX] Sending - Lorem ipsum dolor sit amet, ___?
[RC MM] Starting Values: samples_per_symbol=100.0000 interp=None loop_react=0.3000
[RC MM] mu=0.8086 omega=None
[RC MM] Starting Values: samples_per_symbol=100.0000 interp=None loop_react=0.3000
[RC MM] mu=0.6432 omega=None
[RC MM] Starting Values: samples_per_symbol=100.0000 interp=None loop_react=0.3000
[RC MM] mu=0.3933 omega=None
[RC MM] Starting Values: samples_per_symbol=100.0000 interp=None loop_react=0.3000
[RC MM] mu=0.5318 omega=None
[RX] SYNCWORD BER: 0.0
[RX] DATA BER: 0.0

[RX] Received: Lorem ipsum dolor sit amet, ___?

[RC MM] Starting Values: samples_per_symbol=100.0000 interp=None loop_react=0.3000
[RC MM] mu=0.7650 omega=None
[TX] Sending - Lorem ipsum dolor sit amet, ___?
[RC MM] Starting Values: samples_per_symbol=100.0000 interp=None loop_react=0.3000
[RC MM] mu=0.1930 omega=None
[RC MM] Starting Values: samples_per_symbol=100.0000 interp=None loop_react=0.3000
[RC MM] mu=0.4826 omega=None
[RC MM] Starting Values: samples_per_symbol=100.0000 interp=None loop_react=0.3000
[RC MM] mu=0.9442 omega=None
[RX] SYNCWORD BER: 0.0
[RC MM] Starting Values: samples_per_symbol=100.0000 interp=None loop_react=0.3000
[RC MM] mu=0.2705 omega=None
[RX] DATA BER: 0.0

[RX] Received: Lorem ipsum dolor sit amet, ___?

[RC MM] Starting Values: samples_per_symbol=100.0000 interp=None loop_react=0.3000
[RC MM] mu=0.7320 omega=None
[TX] Sending - Lorem ipsum dolor sit amet, ___?
[RC MM] Starting Values: samples_per_symbol=100.0000 interp=None loop_react=0.3000
[RC MM] mu=0.7625 omega=None
[RC MM] Starting Values: samples_per_symbol=100.0000 interp=None loop_react=0.3000
[RC MM] mu=0.1170 omega=None
[RC MM] Starting Values: samples_per_symbol=100.0000 interp=None loop_react=0.3000
[RC MM] mu=0.6050 omega=None
[RX] SYNCWORD BER: 0.0
[RC MM] Starting Values: samples_per_symbol=100.0000 interp=None loop_react=0.3000
[RC MM] mu=0.6736 omega=None
[RX] DATA BER: 0.0

[RX] Received: Lorem ipsum dolor sit amet, ___?

[TX] Sending - Lorem ipsum dolor sit amet, ___?
[RC MM] Starting Values: samples_per_symbol=100.0000 interp=None loop_react=0.3000
[RC MM] mu=0.6317 omega=None
[RC MM] Starting Values: samples_per_symbol=100.0000 interp=None loop_react=0.3000
[RC MM] mu=0.2625 omega=None
[RC MM] Starting Values: samples_per_symbol=100.0000 interp=None loop_react=0.3000
[RC MM] mu=0.5778 omega=None
[RC MM] Starting Values: samples_per_symbol=100.0000 interp=None loop_react=0.3000
[RC MM] mu=0.0341 omega=None
[RC MM] Starting Values: samples_per_symbol=100.0000 interp=None loop_react=0.3000
[RC MM] mu=0.8252 omega=None
[TX] Sending - Lorem ipsum dolor sit amet, ___?
[RC MM] Starting Values: samples_per_symbol=100.0000 interp=None loop_react=0.3000
[RC MM] mu=0.4215 omega=None
[RC MM] Starting Values: samples_per_symbol=100.0000 interp=None loop_react=0.3000
[RC MM] mu=0.3432 omega=None
[RC MM] Starting Values: samples_per_symbol=100.0000 interp=None loop_react=0.3000
[RC MM] mu=0.1143 omega=None
[RX] SYNCWORD BER: 0.0
[RC MM] Starting Values: samples_per_symbol=100.0000 interp=None loop_react=0.3000
[RC MM] mu=0.9570 omega=None
[RX] DATA BER: 0.0

[RX] Received: Lorem ipsum dolor sit amet, ___?

[RC MM] Starting Values: samples_per_symbol=100.0000 interp=None loop_react=0.3000
[RC MM] mu=0.6480 omega=None
[TX] Sending - Lorem ipsum dolor sit amet, ___?
[RC MM] Starting Values: samples_per_symbol=100.0000 interp=None loop_react=0.3000
[RC MM] mu=0.0051 omega=None
[RC MM] Starting Values: samples_per_symbol=100.0000 interp=None loop_react=0.3000
[RC MM] mu=0.3091 omega=None
[RC MM] Starting Values: samples_per_symbol=100.0000 interp=None loop_react=0.3000
[RC MM] mu=0.5949 omega=None
[RX] SYNCWORD BER: 0.0
[RC MM] Starting Values: samples_per_symbol=100.0000 interp=None loop_react=0.3000
[RC MM] mu=0.3557 omega=None
[RX] DATA BER: 0.0

[RX] Received: Lorem ipsum dolor sit amet, ___?

[TX] Sending - Lorem ipsum dolor sit amet, ___?
[RC MM] Starting Values: samples_per_symbol=100.0000 interp=None loop_react=0.3000
[RC MM] mu=0.6178 omega=None
[RC MM] Starting Values: samples_per_symbol=100.0000 interp=None loop_react=0.3000
[RC MM] mu=0.1495 omega=None
[RC MM] Starting Values: samples_per_symbol=100.0000 interp=None loop_react=0.3000
[RC MM] mu=0.1440 omega=None
[RC MM] Starting Values: samples_per_symbol=100.0000 interp=None loop_react=0.3000
[RC MM] mu=0.4130 omega=None
[RX] SYNCWORD BER: 0.0
[RC MM] Starting Values: samples_per_symbol=100.0000 interp=None loop_react=0.3000
[RC MM] mu=0.3380 omega=None
[RX] DATA BER: 0.0

[RX] Received: Lorem ipsum dolor sit amet, ___?

[TX] Sending - Lorem ipsum dolor sit amet, ___?
[RC MM] Starting Values: samples_per_symbol=100.0000 interp=None loop_react=0.3000
[RC MM] mu=0.8388 omega=None
[RC MM] Starting Values: samples_per_symbol=100.0000 interp=None loop_react=0.3000
[RC MM] mu=0.2108 omega=None
[RC MM] Starting Values: samples_per_symbol=100.0000 interp=None loop_react=0.3000
[RC MM] mu=0.5048 omega=None
[RC MM] Starting Values: samples_per_symbol=100.0000 interp=None loop_react=0.3000
[RC MM] mu=0.8400 omega=None
[RX] SYNCWORD BER: 0.0
[RX] DATA BER: 0.0

[RX] Received: Lorem ipsum dolor sit amet, ___?

[RC MM] Starting Values: samples_per_symbol=100.0000 interp=None loop_react=0.3000
[RC MM] mu=0.5184 omega=None
[TX] Sending - Lorem ipsum dolor sit amet, ___?
[RC MM] Starting Values: samples_per_symbol=100.0000 interp=None loop_react=0.3000
[RC MM] mu=0.9226 omega=None
[RC MM] Starting Values: samples_per_symbol=100.0000 interp=None loop_react=0.3000
[RC MM] mu=0.6537 omega=None
[RC MM] Starting Values: samples_per_symbol=100.0000 interp=None loop_react=0.3000
[RC MM] mu=0.2884 omega=None
[RC MM] Starting Values: samples_per_symbol=100.0000 interp=None loop_react=0.3000
[RC MM] mu=0.5846 omega=None
[TX] Sending - Lorem ipsum dolor sit amet, ___?
[RC MM] Starting Values: samples_per_symbol=100.0000 interp=None loop_react=0.3000
[RC MM] mu=0.1660 omega=None
[RC MM] Starting Values: samples_per_symbol=100.0000 interp=None loop_react=0.3000
[RC MM] mu=0.4461 omega=None
[RC MM] Starting Values: samples_per_symbol=100.0000 interp=None loop_react=0.3000
[RC MM] mu=0.6285 omega=None
[RC MM] Starting Values: samples_per_symbol=100.0000 interp=None loop_react=0.3000
[RC MM] mu=0.1631 omega=None
[RX] SYNCWORD BER: 0.0625
[RC MM] Starting Values: samples_per_symbol=100.0000 interp=None loop_react=0.3000
[RC MM] mu=0.1040 omega=None
[TX] Sending - Lorem ipsum dolor sit amet, ___?
[RC MM] Starting Values: samples_per_symbol=100.0000 interp=None loop_react=0.3000
[RC MM] mu=0.6248 omega=None
[RC MM] Starting Values: samples_per_symbol=100.0000 interp=None loop_react=0.3000
[RC MM] mu=0.8414 omega=None
[RC MM] Starting Values: samples_per_symbol=100.0000 interp=None loop_react=0.3000
[RC MM] mu=0.0625 omega=None
[RC MM] Starting Values: samples_per_symbol=100.0000 interp=None loop_react=0.3000
[RC MM] mu=0.2795 omega=None
[RX] SYNCWORD BER: 0.0
[RX] DATA BER: 0.0

[RX] Received: Lorem ipsum dolor sit amet, ___?

[RC MM] Starting Values: samples_per_symbol=100.0000 interp=None loop_react=0.3000
[RC MM] mu=0.9336 omega=None
[TX] Sending - Lorem ipsum dolor sit amet, ___?
[RC MM] Starting Values: samples_per_symbol=100.0000 interp=None loop_react=0.3000
[RC MM] mu=0.8995 omega=None
[RC MM] Starting Values: samples_per_symbol=100.0000 interp=None loop_react=0.3000
[RC MM] mu=0.6100 omega=None
[RC MM] Starting Values: samples_per_symbol=100.0000 interp=None loop_react=0.3000
[RC MM] mu=0.0142 omega=None
[RX] SYNCWORD BER: 0.0
[RC MM] Starting Values: samples_per_symbol=100.0000 interp=None loop_react=0.3000
[RC MM] mu=0.0981 omega=None
[RX] DATA BER: 0.0

[RX] Received: Lorem ipsum dolor sit amet, ___?

[RC MM] Starting Values: samples_per_symbol=100.0000 interp=None loop_react=0.3000
[RC MM] mu=0.9067 omega=None
[TX] Sending - Lorem ipsum dolor sit amet, ___?
[RC MM] Starting Values: samples_per_symbol=100.0000 interp=None loop_react=0.3000
[RC MM] mu=0.8525 omega=None
[RC MM] Starting Values: samples_per_symbol=100.0000 interp=None loop_react=0.3000
[RC MM] mu=0.0586 omega=None
[RC MM] Starting Values: samples_per_symbol=100.0000 interp=None loop_react=0.3000
[RC MM] mu=0.1225 omega=None
[RX] SYNCWORD BER: 0.0
[RC MM] Starting Values: samples_per_symbol=100.0000 interp=None loop_react=0.3000
[RC MM] mu=0.4496 omega=None
[RX] DATA BER: 0.0

[RX] Received: Lorem ipsum dolor sit amet, ___?

[TX] Sending - Lorem ipsum dolor sit amet, ___?
[RC MM] Starting Values: samples_per_symbol=100.0000 interp=None loop_react=0.3000
[RC MM] mu=0.7566 omega=None
[RC MM] Starting Values: samples_per_symbol=100.0000 interp=None loop_react=0.3000
[RC MM] mu=0.2595 omega=None
[RC MM] Starting Values: samples_per_symbol=100.0000 interp=None loop_react=0.3000
[RC MM] mu=0.9550 omega=None
[RC MM] Starting Values: samples_per_symbol=100.0000 interp=None loop_react=0.3000
[RC MM] mu=0.2195 omega=None
[RX] SYNCWORD BER: 0.0
[RC MM] Starting Values: samples_per_symbol=100.0000 interp=None loop_react=0.3000
[RC MM] mu=0.8620 omega=None
[RX] DATA BER: 0.0

[RX] Received: Lorem ipsum dolor sit amet, ___?

[TX] Sending - Lorem ipsum dolor sit amet, ___?
[RC MM] Starting Values: samples_per_symbol=100.0000 interp=None loop_react=0.3000
[RC MM] mu=0.5124 omega=None
[RC MM] Starting Values: samples_per_symbol=100.0000 interp=None loop_react=0.3000
[RC MM] mu=0.8539 omega=None
[RC MM] Starting Values: samples_per_symbol=100.0000 interp=None loop_react=0.3000
[RC MM] mu=0.2341 omega=None
[RC MM] Starting Values: samples_per_symbol=100.0000 interp=None loop_react=0.3000
[RC MM] mu=0.7120 omega=None
[RX] SYNCWORD BER: 0.0
[RX] DATA BER: 0.0

[RX] Received: Lorem ipsum dolor sit amet, ___?

[RC MM] Starting Values: samples_per_symbol=100.0000 interp=None loop_react=0.3000
[RC MM] mu=0.9760 omega=None
[TX] Sending - Lorem ipsum dolor sit amet, ___?
[RC MM] Starting Values: samples_per_symbol=100.0000 interp=None loop_react=0.3000
[RC MM] mu=0.1043 omega=None
[RC MM] Starting Values: samples_per_symbol=100.0000 interp=None loop_react=0.3000
[RC MM] mu=0.6360 omega=None
[RC MM] Starting Values: samples_per_symbol=100.0000 interp=None loop_react=0.3000
[RC MM] mu=0.2044 omega=None
[RX] SYNCWORD BER: 0.0
[RC MM] Starting Values: samples_per_symbol=100.0000 interp=None loop_react=0.3000
[RC MM] mu=0.4431 omega=None
[RX] DATA BER: 0.0

[RX] Received: Lorem ipsum dolor sit amet, ___?

[TX] Sending - Lorem ipsum dolor sit amet, ___?
[RC MM] Starting Values: samples_per_symbol=100.0000 interp=None loop_react=0.3000
[RC MM] mu=0.5441 omega=None
[RC MM] Starting Values: samples_per_symbol=100.0000 interp=None loop_react=0.3000
[RC MM] mu=0.7628 omega=None
[RC MM] Starting Values: samples_per_symbol=100.0000 interp=None loop_react=0.3000
[RC MM] mu=0.8307 omega=None
[RC MM] Starting Values: samples_per_symbol=100.0000 interp=None loop_react=0.3000
[RC MM] mu=0.7475 omega=None
[RX] SYNCWORD BER: 0.0
[RC MM] Starting Values: samples_per_symbol=100.0000 interp=None loop_react=0.3000
[RC MM] mu=0.3272 omega=None
[RX] DATA BER: 0.0

[RX] Received: Lorem ipsum dolor sit amet, ___?

[TX] Sending - Lorem ipsum dolor sit amet, ___?
[RC MM] Starting Values: samples_per_symbol=100.0000 interp=None loop_react=0.3000
[RC MM] mu=0.8119 omega=None
[RC MM] Starting Values: samples_per_symbol=100.0000 interp=None loop_react=0.3000
[RC MM] mu=0.5260 omega=None
[RC MM] Starting Values: samples_per_symbol=100.0000 interp=None loop_react=0.3000
[RC MM] mu=0.7753 omega=None
[RC MM] Starting Values: samples_per_symbol=100.0000 interp=None loop_react=0.3000
[RC MM] mu=0.9921 omega=None
[RX] SYNCWORD BER: 0.0
[RX] DATA BER: 0.0

[RX] Received: Lorem ipsum dolor sit amet, ___?

[RC MM] Starting Values: samples_per_symbol=100.0000 interp=None loop_react=0.3000
[RC MM] mu=0.8267 omega=None
[TX] Sending - Lorem ipsum dolor sit amet, ___?
[RC MM] Starting Values: samples_per_symbol=100.0000 interp=None loop_react=0.3000
[RC MM] mu=0.1597 omega=None
[RC MM] Starting Values: samples_per_symbol=100.0000 interp=None loop_react=0.3000
[RC MM] mu=0.1036 omega=None
[RC MM] Starting Values: samples_per_symbol=100.0000 interp=None loop_react=0.3000
[RC MM] mu=0.3714 omega=None
[RX] SYNCWORD BER: 0.0
[RC MM] Starting Values: samples_per_symbol=100.0000 interp=None loop_react=0.3000
[RC MM] mu=0.7150 omega=None
[RX] DATA BER: 0.0

[RX] Received: Lorem ipsum dolor sit amet, ___?

[RC MM] Starting Values: samples_per_symbol=100.0000 interp=None loop_react=0.3000
[RC MM] mu=0.3149 omega=None
[TX] Sending - Lorem ipsum dolor sit amet, ___?
[RC MM] Starting Values: samples_per_symbol=100.0000 interp=None loop_react=0.3000
[RC MM] mu=0.0103 omega=None
[RC MM] Starting Values: samples_per_symbol=100.0000 interp=None loop_react=0.3000
[RC MM] mu=0.5936 omega=None
[RC MM] Starting Values: samples_per_symbol=100.0000 interp=None loop_react=0.3000
[RC MM] mu=0.0928 omega=None
[RX] SYNCWORD BER: 0.0
[RC MM] Starting Values: samples_per_symbol=100.0000 interp=None loop_react=0.3000
[RC MM] mu=0.1810 omega=None
[RX] DATA BER: 0.0

[RX] Received: Lorem ipsum dolor sit amet, ___?

[TX] Sending - Lorem ipsum dolor sit amet, ___?
[RC MM] Starting Values: samples_per_symbol=100.0000 interp=None loop_react=0.3000
[RC MM] mu=0.7789 omega=None
[RC MM] Starting Values: samples_per_symbol=100.0000 interp=None loop_react=0.3000
[RC MM] mu=0.3095 omega=None
[RC MM] Starting Values: samples_per_symbol=100.0000 interp=None loop_react=0.3000
[RC MM] mu=0.2405 omega=None
[RC MM] Starting Values: samples_per_symbol=100.0000 interp=None loop_react=0.3000
[RC MM] mu=0.9396 omega=None
[RX] SYNCWORD BER: 0.0
[RC MM] Starting Values: samples_per_symbol=100.0000 interp=None loop_react=0.3000
[RC MM] mu=0.9019 omega=None
[RX] DATA BER: 0.0

[RX] Received: Lorem ipsum dolor sit amet, ___?

[TX] Sending - Lorem ipsum dolor sit amet, ___?
[RC MM] Starting Values: samples_per_symbol=100.0000 interp=None loop_react=0.3000
[RC MM] mu=0.8443 omega=None
[RC MM] Starting Values: samples_per_symbol=100.0000 interp=None loop_react=0.3000
[RC MM] mu=0.2983 omega=None
[RC MM] Starting Values: samples_per_symbol=100.0000 interp=None loop_react=0.3000
[RC MM] mu=0.4848 omega=None
[RX] SYNCWORD BER: 0.0
[RC MM] Starting Values: samples_per_symbol=100.0000 interp=None loop_react=0.3000
[RC MM] mu=0.2506 omega=None
[RX] DATA BER: 0.0

[RX] Received: Lorem ipsum dolor sit amet, ___?

[RC MM] Starting Values: samples_per_symbol=100.0000 interp=None loop_react=0.3000
[RC MM] mu=0.7146 omega=None
[TX] Sending - Lorem ipsum dolor sit amet, ___?
[RC MM] Starting Values: samples_per_symbol=100.0000 interp=None loop_react=0.3000
[RC MM] mu=0.5566 omega=None
[RC MM] Starting Values: samples_per_symbol=100.0000 interp=None loop_react=0.3000
[RC MM] mu=0.6798 omega=None
[RC MM] Starting Values: samples_per_symbol=100.0000 interp=None loop_react=0.3000
[RC MM] mu=0.5134 omega=None
[RX] SYNCWORD BER: 0.0
[RC MM] Starting Values: samples_per_symbol=100.0000 interp=None loop_react=0.3000
[RC MM] mu=0.2622 omega=None
[RX] DATA BER: 0.0

[RX] Received: Lorem ipsum dolor sit amet, ___?

[TX] Sending - Lorem ipsum dolor sit amet, ___?
[RC MM] Starting Values: samples_per_symbol=100.0000 interp=None loop_react=0.3000
[RC MM] mu=0.9736 omega=None
[RC MM] Starting Values: samples_per_symbol=100.0000 interp=None loop_react=0.3000
[RC MM] mu=0.3596 omega=None
[RC MM] Starting Values: samples_per_symbol=100.0000 interp=None loop_react=0.3000
[RC MM] mu=0.0653 omega=None
[RC MM] Starting Values: samples_per_symbol=100.0000 interp=None loop_react=0.3000
[RC MM] mu=0.2974 omega=None
[RX] SYNCWORD BER: 0.0
[RC MM] Starting Values: samples_per_symbol=100.0000 interp=None loop_react=0.3000
[RC MM] mu=0.0444 omega=None
[RX] DATA BER: 0.0

[RX] Received: Lorem ipsum dolor sit amet, ___?

[TX] Sending - Lorem ipsum dolor sit amet, ___?
[RC MM] Starting Values: samples_per_symbol=100.0000 interp=None loop_react=0.3000
[RC MM] mu=0.3627 omega=None
[RC MM] Starting Values: samples_per_symbol=100.0000 interp=None loop_react=0.3000
[RC MM] mu=0.8973 omega=None
[RC MM] Starting Values: samples_per_symbol=100.0000 interp=None loop_react=0.3000
[RC MM] mu=0.1794 omega=None
[RC MM] Starting Values: samples_per_symbol=100.0000 interp=None loop_react=0.3000
[RC MM] mu=0.6589 omega=None
[RX] SYNCWORD BER: 0.0
[RX] DATA BER: 0.0

[RX] Received: Lorem ipsum dolor sit amet, ___?

[RC MM] Starting Values: samples_per_symbol=100.0000 interp=None loop_react=0.3000
[RC MM] mu=0.0481 omega=None
[TX] Sending - Lorem ipsum dolor sit amet, ___?
[RC MM] Starting Values: samples_per_symbol=100.0000 interp=None loop_react=0.3000
[RC MM] mu=0.5385 omega=None
[RC MM] Starting Values: samples_per_symbol=100.0000 interp=None loop_react=0.3000
[RC MM] mu=0.8533 omega=None
[RC MM] Starting Values: samples_per_symbol=100.0000 interp=None loop_react=0.3000
[RC MM] mu=0.6643 omega=None
[RX] SYNCWORD BER: 0.0
[RC MM] Starting Values: samples_per_symbol=100.0000 interp=None loop_react=0.3000
[RC MM] mu=0.3008 omega=None
[RX] DATA BER: 0.0

[RX] Received: Lorem ipsum dolor sit amet, ___?

[TX] Sending - Lorem ipsum dolor sit amet, ___?
[RC MM] Starting Values: samples_per_symbol=100.0000 interp=None loop_react=0.3000
[RC MM] mu=0.8356 omega=None
[RC MM] Starting Values: samples_per_symbol=100.0000 interp=None loop_react=0.3000
[RC MM] mu=0.1319 omega=None
[RC MM] Starting Values: samples_per_symbol=100.0000 interp=None loop_react=0.3000
[RC MM] mu=0.5654 omega=None
[RC MM] Starting Values: samples_per_symbol=100.0000 interp=None loop_react=0.3000
[RC MM] mu=0.0335 omega=None
[RX] SYNCWORD BER: 0.0
[RC MM] Starting Values: samples_per_symbol=100.0000 interp=None loop_react=0.3000
[RC MM] mu=0.6453 omega=None
[RX] DATA BER: 0.0

[RX] Received: Lorem ipsum dolor sit amet, ___?

[TX] Sending - Lorem ipsum dolor sit amet, ___?
[RC MM] Starting Values: samples_per_symbol=100.0000 interp=None loop_react=0.3000
[RC MM] mu=0.7405 omega=None
[RC MM] Starting Values: samples_per_symbol=100.0000 interp=None loop_react=0.3000
[RC MM] mu=0.5202 omega=None
[RC MM] Starting Values: samples_per_symbol=100.0000 interp=None loop_react=0.3000
[RC MM] mu=0.3610 omega=None
[RC MM] Starting Values: samples_per_symbol=100.0000 interp=None loop_react=0.3000
[RC MM] mu=0.0606 omega=None
[RX] SYNCWORD BER: 0.0
[RX] DATA BER: 0.0

[RX] Received: Lorem ipsum dolor sit amet, ___?

[RC MM] Starting Values: samples_per_symbol=100.0000 interp=None loop_react=0.3000
[RC MM] mu=0.2612 omega=None
[TX] Sending - Lorem ipsum dolor sit amet, ___?
[RC MM] Starting Values: samples_per_symbol=100.0000 interp=None loop_react=0.3000
[RC MM] mu=0.9500 omega=None
[RC MM] Starting Values: samples_per_symbol=100.0000 interp=None loop_react=0.3000
[RC MM] mu=0.6662 omega=None
[RC MM] Starting Values: samples_per_symbol=100.0000 interp=None loop_react=0.3000
[RC MM] mu=0.3218 omega=None
[RX] SYNCWORD BER: 0.0
[RC MM] Starting Values: samples_per_symbol=100.0000 interp=None loop_react=0.3000
[RC MM] mu=0.7000 omega=None
[RX] DATA BER: 0.0

[RX] Received: Lorem ipsum dolor sit amet, ___?

[RC MM] Starting Values: samples_per_symbol=100.0000 interp=None loop_react=0.3000
[RC MM] mu=0.3526 omega=None
[TX] Sending - Lorem ipsum dolor sit amet, ___?
[RC MM] Starting Values: samples_per_symbol=100.0000 interp=None loop_react=0.3000
[RC MM] mu=0.9746 omega=None
[RC MM] Starting Values: samples_per_symbol=100.0000 interp=None loop_react=0.3000
[RC MM] mu=0.0419 omega=None
[RC MM] Starting Values: samples_per_symbol=100.0000 interp=None loop_react=0.3000
[RC MM] mu=0.2022 omega=None
[RX] SYNCWORD BER: 0.0
[RC MM] Starting Values: samples_per_symbol=100.0000 interp=None loop_react=0.3000
[RC MM] mu=0.2503 omega=None
[RX] DATA BER: 0.0

[RX] Received: Lorem ipsum dolor sit amet, ___?

[TX] Sending - Lorem ipsum dolor sit amet, ___?
[RC MM] Starting Values: samples_per_symbol=100.0000 interp=None loop_react=0.3000
[RC MM] mu=0.2382 omega=None
[RC MM] Starting Values: samples_per_symbol=100.0000 interp=None loop_react=0.3000
[RC MM] mu=0.0420 omega=None
[RC MM] Starting Values: samples_per_symbol=100.0000 interp=None loop_react=0.3000
[RC MM] mu=0.3829 omega=None
[RC MM] Starting Values: samples_per_symbol=100.0000 interp=None loop_react=0.3000
[RC MM] mu=0.3696 omega=None
[RX] SYNCWORD BER: 0.0
[RC MM] Starting Values: samples_per_symbol=100.0000 interp=None loop_react=0.3000
[RC MM] mu=0.1896 omega=None
[RX] DATA BER: 0.0

[RX] Received: Lorem ipsum dolor sit amet, ___?

[TX] Sending - Lorem ipsum dolor sit amet, ___?
[RC MM] Starting Values: samples_per_symbol=100.0000 interp=None loop_react=0.3000
[RC MM] mu=0.8418 omega=None
[RC MM] Starting Values: samples_per_symbol=100.0000 interp=None loop_react=0.3000
[RC MM] mu=0.5357 omega=None
[RC MM] Starting Values: samples_per_symbol=100.0000 interp=None loop_react=0.3000
[RC MM] mu=0.9765 omega=None
[RC MM] Starting Values: samples_per_symbol=100.0000 interp=None loop_react=0.3000
[RC MM] mu=0.5784 omega=None
[RX] SYNCWORD BER: 0.5625
[RX] SYNCWORD BER: 0.0
[RX] DATA BER: 0.0

[RX] Received: Lorem ipsum dolor sit amet, ___?

[RC MM] Starting Values: samples_per_symbol=100.0000 interp=None loop_react=0.3000
[RC MM] mu=0.1442 omega=None
[TX] Sending - Lorem ipsum dolor sit amet, ___?
[RC MM] Starting Values: samples_per_symbol=100.0000 interp=None loop_react=0.3000
[RC MM] mu=0.5673 omega=None
[RC MM] Starting Values: samples_per_symbol=100.0000 interp=None loop_react=0.3000
[RC MM] mu=0.0413 omega=None
[RC MM] Starting Values: samples_per_symbol=100.0000 interp=None loop_react=0.3000
[RC MM] mu=0.8759 omega=None
[RX] SYNCWORD BER: 0.0
[RC MM] Starting Values: samples_per_symbol=100.0000 interp=None loop_react=0.3000
[RC MM] mu=0.7770 omega=None
[RX] DATA BER: 0.0

[RX] Received: Lorem ipsum dolor sit amet, ___?

[TX] Sending - Lorem ipsum dolor sit amet, ___?
[RC MM] Starting Values: samples_per_symbol=100.0000 interp=None loop_react=0.3000
[RC MM] mu=0.2578 omega=None
[RC MM] Starting Values: samples_per_symbol=100.0000 interp=None loop_react=0.3000
[RC MM] mu=0.1398 omega=None
[RC MM] Starting Values: samples_per_symbol=100.0000 interp=None loop_react=0.3000
[RC MM] mu=0.0994 omega=None
[RC MM] Starting Values: samples_per_symbol=100.0000 interp=None loop_react=0.3000
[RC MM] mu=0.4399 omega=None
[RX] SYNCWORD BER: 0.0
[RC MM] Starting Values: samples_per_symbol=100.0000 interp=None loop_react=0.3000
[RC MM] mu=0.9121 omega=None
[RX] DATA BER: 0.0

[RX] Received: Lorem ipsum dolor sit amet, ___?

[TX] Sending - Lorem ipsum dolor sit amet, ___?
[RC MM] Starting Values: samples_per_symbol=100.0000 interp=None loop_react=0.3000
[RC MM] mu=0.5500 omega=None
[RC MM] Starting Values: samples_per_symbol=100.0000 interp=None loop_react=0.3000
[RC MM] mu=0.2408 omega=None
[RC MM] Starting Values: samples_per_symbol=100.0000 interp=None loop_react=0.3000
[RC MM] mu=0.6415 omega=None
[RC MM] Starting Values: samples_per_symbol=100.0000 interp=None loop_react=0.3000
[RC MM] mu=0.7254 omega=None
[RC MM] Starting Values: samples_per_symbol=100.0000 interp=None loop_react=0.3000
[RC MM] mu=0.8547 omega=None
[TX] Sending - Lorem ipsum dolor sit amet, ___?
[RC MM] Starting Values: samples_per_symbol=100.0000 interp=None loop_react=0.3000
[RC MM] mu=0.0954 omega=None
[RC MM] Starting Values: samples_per_symbol=100.0000 interp=None loop_react=0.3000
[RC MM] mu=0.4768 omega=None
[RC MM] Starting Values: samples_per_symbol=100.0000 interp=None loop_react=0.3000
[RC MM] mu=0.2678 omega=None
[RX] SYNCWORD BER: 0.0
[RC MM] Starting Values: samples_per_symbol=100.0000 interp=None loop_react=0.3000
[RC MM] mu=0.3770 omega=None
[RX] DATA BER: 0.0

[RX] Received: Lorem ipsum dolor sit amet, ___?

[RC MM] Starting Values: samples_per_symbol=100.0000 interp=None loop_react=0.3000
[TX] Sending - Lorem ipsum dolor sit amet, ___?
[RC MM] mu=0.5525 omega=None
[RC MM] Starting Values: samples_per_symbol=100.0000 interp=None loop_react=0.3000
[RC MM] mu=0.8210 omega=None
[RC MM] Starting Values: samples_per_symbol=100.0000 interp=None loop_react=0.3000
[RC MM] mu=0.6927 omega=None
[RC MM] Starting Values: samples_per_symbol=100.0000 interp=None loop_react=0.3000
[RC MM] mu=0.0510 omega=None
[RX] SYNCWORD BER: 0.0
[RC MM] Starting Values: samples_per_symbol=100.0000 interp=None loop_react=0.3000
[RC MM] mu=0.1200 omega=None
[RX] DATA BER: 0.0

[RX] Received: Lorem ipsum dolor sit amet, ___?

[TX] Sending - Lorem ipsum dolor sit amet, ___?
[RC MM] Starting Values: samples_per_symbol=100.0000 interp=None loop_react=0.3000
[RC MM] mu=0.6315 omega=None
[RC MM] Starting Values: samples_per_symbol=100.0000 interp=None loop_react=0.3000
[RC MM] mu=0.2580 omega=None
[RC MM] Starting Values: samples_per_symbol=100.0000 interp=None loop_react=0.3000
[RC MM] mu=0.1887 omega=None
[RC MM] Starting Values: samples_per_symbol=100.0000 interp=None loop_react=0.3000
[RC MM] mu=0.6066 omega=None
[RX] SYNCWORD BER: 0.0
[RC MM] Starting Values: samples_per_symbol=100.0000 interp=None loop_react=0.3000
[RC MM] mu=0.7871 omega=None
[RX] DATA BER: 0.0

[RX] Received: Lorem ipsum dolor sit amet, ___?

[TX] Sending - Lorem ipsum dolor sit amet, ___?
[RC MM] Starting Values: samples_per_symbol=100.0000 interp=None loop_react=0.3000
[RC MM] mu=0.1851 omega=None
[RC MM] Starting Values: samples_per_symbol=100.0000 interp=None loop_react=0.3000
[RC MM] mu=0.5711 omega=None
[RC MM] Starting Values: samples_per_symbol=100.0000 interp=None loop_react=0.3000
[RC MM] mu=0.3012 omega=None
[RX] SYNCWORD BER: 0.0
[RC MM] Starting Values: samples_per_symbol=100.0000 interp=None loop_react=0.3000
[RC MM] mu=0.7328 omega=None
[RX] DATA BER: 0.0

[RX] Received: Lorem ipsum dolor sit amet, ___?

[RC MM] Starting Values: samples_per_symbol=100.0000 interp=None loop_react=0.3000
[RC MM] mu=0.5582 omega=None
[TX] Sending - Lorem ipsum dolor sit amet, ___?
[RC MM] Starting Values: samples_per_symbol=100.0000 interp=None loop_react=0.3000
[RC MM] mu=0.9639 omega=None
[RC MM] Starting Values: samples_per_symbol=100.0000 interp=None loop_react=0.3000
[RC MM] mu=0.8763 omega=None
[RC MM] Starting Values: samples_per_symbol=100.0000 interp=None loop_react=0.3000
[RC MM] mu=0.2947 omega=None
[RX] SYNCWORD BER: 0.0
[RC MM] Starting Values: samples_per_symbol=100.0000 interp=None loop_react=0.3000
[RC MM] mu=0.6065 omega=None
[RX] DATA BER: 0.0

[RX] Received: Lorem ipsum dolor sit amet, ___?

[TX] Sending - Lorem ipsum dolor sit amet, ___?
[RC MM] Starting Values: samples_per_symbol=100.0000 interp=None loop_react=0.3000
[RC MM] mu=0.8571 omega=None
[RC MM] Starting Values: samples_per_symbol=100.0000 interp=None loop_react=0.3000
[RC MM] mu=0.8032 omega=None
[RC MM] Starting Values: samples_per_symbol=100.0000 interp=None loop_react=0.3000
[RC MM] mu=0.2054 omega=None
[RC MM] Starting Values: samples_per_symbol=100.0000 interp=None loop_react=0.3000
[RC MM] mu=0.5911 omega=None
[RX] SYNCWORD BER: 0.0
[RC MM] Starting Values: samples_per_symbol=100.0000 interp=None loop_react=0.3000
[RC MM] mu=0.8395 omega=None
[RX] DATA BER: 0.0

[RX] Received: Lorem ipsum dolor sit amet, ___?

[TX] Sending - Lorem ipsum dolor sit amet, ___?
[RC MM] Starting Values: samples_per_symbol=100.0000 interp=None loop_react=0.3000
[RC MM] mu=0.7113 omega=None
[RC MM] Starting Values: samples_per_symbol=100.0000 interp=None loop_react=0.3000
[RC MM] mu=0.3635 omega=None
[RC MM] Starting Values: samples_per_symbol=100.0000 interp=None loop_react=0.3000
[RC MM] mu=0.0599 omega=None
[RC MM] Starting Values: samples_per_symbol=100.0000 interp=None loop_react=0.3000
[RC MM] mu=0.3884 omega=None
[RX] SYNCWORD BER: 0.0
[RX] DATA BER: 0.0

[RX] Received: Lorem ipsum dolor sit amet, ___?

[RC MM] Starting Values: samples_per_symbol=100.0000 interp=None loop_react=0.3000
[RC MM] mu=0.7271 omega=None
[TX] Sending - Lorem ipsum dolor sit amet, ___?
[RC MM] Starting Values: samples_per_symbol=100.0000 interp=None loop_react=0.3000
[RC MM] mu=0.2280 omega=None
[RC MM] Starting Values: samples_per_symbol=100.0000 interp=None loop_react=0.3000
[RC MM] mu=0.3569 omega=None
[RC MM] Starting Values: samples_per_symbol=100.0000 interp=None loop_react=0.3000
[RC MM] mu=0.8775 omega=None
[RX] SYNCWORD BER: 0.0625
[RX] SYNCWORD BER: 0.53125
[RX] SYNCWORD BER: 0.34375
[RX] SYNCWORD BER: 0.53125
[RX] SYNCWORD BER: 0.46875
[RX] SYNCWORD BER: 0.46875
[RX] SYNCWORD BER: 0.53125
[RC MM] Starting Values: samples_per_symbol=100.0000 interp=None loop_react=0.3000
[RC MM] mu=0.6581 omega=None
[TX] Sending - Lorem ipsum dolor sit amet, ___?
[RC MM] Starting Values: samples_per_symbol=100.0000 interp=None loop_react=0.3000
[RC MM] mu=0.4173 omega=None
[RC MM] Starting Values: samples_per_symbol=100.0000 interp=None loop_react=0.3000
[RC MM] mu=0.9601 omega=None
[RC MM] Starting Values: samples_per_symbol=100.0000 interp=None loop_react=0.3000
[RC MM] mu=0.5089 omega=None
[RC MM] Starting Values: samples_per_symbol=100.0000 interp=None loop_react=0.3000
[RC MM] mu=0.4323 omega=None

