[INFO] [UHD] linux; GNU C++ version 15.2.0; Boost_109000; UHD_4.9.0.1-1ubuntu1
[INFO] [B200] Detected Device: B206mini
[INFO] [B200] Operating over USB 3.
[INFO] [B200] Initialize CODEC control...
[INFO] [B200] Initialize Radio control...
[INFO] [B200] Performing register loopback test... 
[INFO] [B200] Register loopback test passed
[INFO] [B200] Setting master clock rate selection to 'automatic'.
[INFO] [B200] Asking for clock rate 16.000000 MHz... 
[INFO] [B200] Actually got clock rate 16.000000 MHz.
OURS: UserFreqs(center=912064400.0, f0=-2400.0, f1=2400.0)
THEIRS: UserFreqs(center=912035600.0, f0=-2400.0, f1=2400.0)
RX GAIN: 40
TX GAIN: 40
SAMPLE RATE: 240000.0 (fs/2 == 120000.0)
SYMBOL RATE: 2400
FREQ SEP: 4800
BANDWIDTH: 9600
CUTOFF: 5000.0
[INFO] [B200] Asking for clock rate 61.440000 MHz... 
[INFO] [B200] Actually got clock rate 61.440000 MHz.
[RX] Starting
RECEIVE FRAME EXP DATA: b'0100110001101111011100100110010101101101001000000110100101110000011100110111010101101101001000000110010001101111011011000110111101110010001000000111001101101001011101000010000001100001011011010110010101110100001011000010000001011111010111110101111100111111' (debug is True)
BUFFER THRESHOLD: 100000 (CONTROL: 100000)
EXP3A: Stateful Symbol Timing - Control (original M&M interpolated)
You have 5 seconds to start the other user!
[RC MM] Starting Values: samples_per_symbol=100.0000 interp=16 loop_react=0.3000
[RC MM] mu=0.4594 omega=None
[RC MM] Starting Values: samples_per_symbol=100.0000 interp=16 loop_react=0.3000
[RC MM] mu=0.8319 omega=None
[RC MM] Starting Values: samples_per_symbol=100.0000 interp=16 loop_react=0.3000
[RC MM] mu=0.6763 omega=None
[RC MM] Starting Values: samples_per_symbol=100.0000 interp=16 loop_react=0.3000
[RC MM] mu=0.7712 omega=None
[RC MM] Starting Values: samples_per_symbol=100.0000 interp=16 loop_react=0.3000
[RC MM] mu=0.7222 omega=None
[RC MM] Starting Values: samples_per_symbol=100.0000 interp=16 loop_react=0.3000
[RC MM] mu=0.7489 omega=None
[RC MM] Starting Values: samples_per_symbol=100.0000 interp=16 loop_react=0.3000
[RC MM] mu=0.9339 omega=None
[RC MM] Starting Values: samples_per_symbol=100.0000 interp=16 loop_react=0.3000
[RC MM] mu=0.7049 omega=None
[RC MM] Starting Values: samples_per_symbol=100.0000 interp=16 loop_react=0.3000
[RC MM] mu=0.3041 omega=None
[RC MM] Starting Values: samples_per_symbol=100.0000 interp=16 loop_react=0.3000
[RC MM] mu=0.0481 omega=None
[RC MM] Starting Values: samples_per_symbol=100.0000 interp=16 loop_react=0.3000
[RC MM] mu=0.2022 omega=None
[RC MM] Starting Values: samples_per_symbol=100.0000 interp=16 loop_react=0.3000
[RC MM] mu=0.4953 omega=None
[RC MM] Starting Values: samples_per_symbol=100.0000 interp=16 loop_react=0.3000
[RC MM] mu=0.8680 omega=None
[RC MM] Starting Values: samples_per_symbol=100.0000 interp=16 loop_react=0.3000
[RC MM] mu=0.0903 omega=None
[TX] Sending - Lorem ipsum dolor sit amet, ___?
[RC MM] Starting Values: samples_per_symbol=100.0000 interp=16 loop_react=0.3000
[RC MM] mu=0.1751 omega=None
[RC MM] Starting Values: samples_per_symbol=100.0000 interp=16 loop_react=0.3000
[RC MM] mu=0.5248 omega=None
[RC MM] Starting Values: samples_per_symbol=100.0000 interp=16 loop_react=0.3000
[RC MM] mu=0.1015 omega=None
[RC MM] Starting Values: samples_per_symbol=100.0000 interp=16 loop_react=0.3000
[RC MM] mu=0.1753 omega=None
[RX] SYNCWORD BER: 0.0
[RX] DATA BER: 0.0

[RX] Received: Lorem ipsum dolor sit amet, ___?

[RC MM] Starting Values: samples_per_symbol=100.0000 interp=16 loop_react=0.3000
[RC MM] mu=0.5171 omega=None
[TX] Sending - Lorem ipsum dolor sit amet, ___?
[RC MM] Starting Values: samples_per_symbol=100.0000 interp=16 loop_react=0.3000
[RC MM] mu=0.5598 omega=None
[RC MM] Starting Values: samples_per_symbol=100.0000 interp=16 loop_react=0.3000
[RC MM] mu=0.4393 omega=None
[RC MM] Starting Values: samples_per_symbol=100.0000 interp=16 loop_react=0.3000
[RC MM] mu=0.8715 omega=None
[RX] SYNCWORD BER: 0.0
[RC MM] Starting Values: samples_per_symbol=100.0000 interp=16 loop_react=0.3000
[RC MM] mu=0.0343 omega=None
[RX] DATA BER: 0.0

[RX] Received: Lorem ipsum dolor sit amet, ___?

[TX] Sending - Lorem ipsum dolor sit amet, ___?
[RC MM] Starting Values: samples_per_symbol=100.0000 interp=16 loop_react=0.3000
[RC MM] mu=0.1603 omega=None
[RC MM] Starting Values: samples_per_symbol=100.0000 interp=16 loop_react=0.3000
[RC MM] mu=0.7514 omega=None
[RC MM] Starting Values: samples_per_symbol=100.0000 interp=16 loop_react=0.3000
[RC MM] mu=0.7648 omega=None
[RC MM] Starting Values: samples_per_symbol=100.0000 interp=16 loop_react=0.3000
[RC MM] mu=0.8917 omega=None
[RX] SYNCWORD BER: 0.0
[RC MM] Starting Values: samples_per_symbol=100.0000 interp=16 loop_react=0.3000
[RC MM] mu=0.7418 omega=None
[RX] DATA BER: 0.0

[RX] Received: Lorem ipsum dolor sit amet, ___?

[TX] Sending - Lorem ipsum dolor sit amet, ___?
[RC MM] Starting Values: samples_per_symbol=100.0000 interp=16 loop_react=0.3000
[RC MM] mu=0.0656 omega=None
[RC MM] Starting Values: samples_per_symbol=100.0000 interp=16 loop_react=0.3000
[RC MM] mu=0.8335 omega=None
[RC MM] Starting Values: samples_per_symbol=100.0000 interp=16 loop_react=0.3000
[RC MM] mu=0.4176 omega=None
[RC MM] Starting Values: samples_per_symbol=100.0000 interp=16 loop_react=0.3000
[RC MM] mu=0.3439 omega=None
[RX] SYNCWORD BER: 0.0
[RX] DATA BER: 0.0

[RX] Received: Lorem ipsum dolor sit amet, ___?

[RC MM] Starting Values: samples_per_symbol=100.0000 interp=16 loop_react=0.3000
[RC MM] mu=0.8867 omega=None
[TX] Sending - Lorem ipsum dolor sit amet, ___?
[RC MM] Starting Values: samples_per_symbol=100.0000 interp=16 loop_react=0.3000
[RC MM] mu=0.5576 omega=None
[RC MM] Starting Values: samples_per_symbol=100.0000 interp=16 loop_react=0.3000
[RC MM] mu=0.9391 omega=None
[RC MM] Starting Values: samples_per_symbol=100.0000 interp=16 loop_react=0.3000
[RC MM] mu=0.0323 omega=None
[RX] SYNCWORD BER: 0.0
[RC MM] Starting Values: samples_per_symbol=100.0000 interp=16 loop_react=0.3000
[RC MM] mu=0.5182 omega=None
[RX] DATA BER: 0.0

[RX] Received: Lorem ipsum dolor sit amet, ___?

[TX] Sending - Lorem ipsum dolor sit amet, ___?
[RC MM] Starting Values: samples_per_symbol=100.0000 interp=16 loop_react=0.3000
[RC MM] mu=0.1959 omega=None
[RC MM] Starting Values: samples_per_symbol=100.0000 interp=16 loop_react=0.3000
[RC MM] mu=0.3045 omega=None
[RC MM] Starting Values: samples_per_symbol=100.0000 interp=16 loop_react=0.3000
[RC MM] mu=0.3644 omega=None
[RC MM] Starting Values: samples_per_symbol=100.0000 interp=16 loop_react=0.3000
[RC MM] mu=0.9092 omega=None
[RX] SYNCWORD BER: 0.0
[RC MM] Starting Values: samples_per_symbol=100.0000 interp=16 loop_react=0.3000
[RC MM] mu=0.1151 omega=None
[RX] DATA BER: 0.0

[RX] Received: Lorem ipsum dolor sit amet, ___?

[TX] Sending - Lorem ipsum dolor sit amet, ___?
[RC MM] Starting Values: samples_per_symbol=100.0000 interp=16 loop_react=0.3000
[RC MM] mu=0.7595 omega=None
[RC MM] Starting Values: samples_per_symbol=100.0000 interp=16 loop_react=0.3000
[RC MM] mu=0.4814 omega=None
[RC MM] Starting Values: samples_per_symbol=100.0000 interp=16 loop_react=0.3000
[RC MM] mu=0.6629 omega=None
[RC MM] Starting Values: samples_per_symbol=100.0000 interp=16 loop_react=0.3000
[RC MM] mu=0.7860 omega=None
[RX] SYNCWORD BER: 0.0
[RC MM] Starting Values: samples_per_symbol=100.0000 interp=16 loop_react=0.3000
[RC MM] mu=0.0476 omega=None
[RX] DATA BER: 0.0

[RX] Received: Lorem ipsum dolor sit amet, ___?

[TX] Sending - Lorem ipsum dolor sit amet, ___?
[RC MM] Starting Values: samples_per_symbol=100.0000 interp=16 loop_react=0.3000
[RC MM] mu=0.4394 omega=None
[RC MM] Starting Values: samples_per_symbol=100.0000 interp=16 loop_react=0.3000
[RC MM] mu=0.0756 omega=None
[RC MM] Starting Values: samples_per_symbol=100.0000 interp=16 loop_react=0.3000
[RC MM] mu=0.3599 omega=None
[RC MM] Starting Values: samples_per_symbol=100.0000 interp=16 loop_react=0.3000
[RC MM] mu=0.3261 omega=None
[RX] SYNCWORD BER: 0.0
[RX] DATA BER: 0.0

[RX] Received: Lorem ipsum dolor sit amet, ___?

[RC MM] Starting Values: samples_per_symbol=100.0000 interp=16 loop_react=0.3000
[RC MM] mu=0.7099 omega=None
[TX] Sending - Lorem ipsum dolor sit amet, ___?
[RC MM] Starting Values: samples_per_symbol=100.0000 interp=16 loop_react=0.3000
[RC MM] mu=0.0377 omega=None
[RC MM] Starting Values: samples_per_symbol=100.0000 interp=16 loop_react=0.3000
[RC MM] mu=0.1397 omega=None
[RC MM] Starting Values: samples_per_symbol=100.0000 interp=16 loop_react=0.3000
[RC MM] mu=0.7497 omega=None
[RX] SYNCWORD BER: 0.0
[RC MM] Starting Values: samples_per_symbol=100.0000 interp=16 loop_react=0.3000
[RC MM] mu=0.5291 omega=None
[RX] DATA BER: 0.0

[RX] Received: Lorem ipsum dolor sit amet, ___?

[TX] Sending - Lorem ipsum dolor sit amet, ___?
[RC MM] Starting Values: samples_per_symbol=100.0000 interp=16 loop_react=0.3000
[RC MM] mu=0.1157 omega=None
[RC MM] Starting Values: samples_per_symbol=100.0000 interp=16 loop_react=0.3000
[RC MM] mu=0.9584 omega=None
[RC MM] Starting Values: samples_per_symbol=100.0000 interp=16 loop_react=0.3000
[RC MM] mu=0.3822 omega=None
[RC MM] Starting Values: samples_per_symbol=100.0000 interp=16 loop_react=0.3000
[RC MM] mu=0.3965 omega=None
[RX] SYNCWORD BER: 0.0
[RC MM] Starting Values: samples_per_symbol=100.0000 interp=16 loop_react=0.3000
[RC MM] mu=0.1564 omega=None
[RX] DATA BER: 0.0

[RX] Received: Lorem ipsum dolor sit amet, ___?

[TX] Sending - Lorem ipsum dolor sit amet, ___?
[RC MM] Starting Values: samples_per_symbol=100.0000 interp=16 loop_react=0.3000
[RC MM] mu=0.4847 omega=None
[RC MM] Starting Values: samples_per_symbol=100.0000 interp=16 loop_react=0.3000
[RC MM] mu=0.2952 omega=None
[RC MM] Starting Values: samples_per_symbol=100.0000 interp=16 loop_react=0.3000
[RC MM] mu=0.2278 omega=None
[RC MM] Starting Values: samples_per_symbol=100.0000 interp=16 loop_react=0.3000
[RC MM] mu=0.8867 omega=None
[RX] SYNCWORD BER: 0.0
[RX] DATA BER: 0.0

[RX] Received: Lorem ipsum dolor sit amet, ___?

[RC MM] Starting Values: samples_per_symbol=100.0000 interp=16 loop_react=0.3000
[RC MM] mu=0.3861 omega=None
[TX] Sending - Lorem ipsum dolor sit amet, ___?
[RC MM] Starting Values: samples_per_symbol=100.0000 interp=16 loop_react=0.3000
[RC MM] mu=0.6775 omega=None
[RC MM] Starting Values: samples_per_symbol=100.0000 interp=16 loop_react=0.3000
[RC MM] mu=0.5131 omega=None
[RC MM] Starting Values: samples_per_symbol=100.0000 interp=16 loop_react=0.3000
[RC MM] mu=0.1005 omega=None
[RX] SYNCWORD BER: 0.0
[RC MM] Starting Values: samples_per_symbol=100.0000 interp=16 loop_react=0.3000
[RC MM] mu=0.2234 omega=None
[RX] DATA BER: 0.0

[RX] Received: Lorem ipsum dolor sit amet, ___?

[TX] Sending - Lorem ipsum dolor sit amet, ___?
[RC MM] Starting Values: samples_per_symbol=100.0000 interp=16 loop_react=0.3000
[RC MM] mu=0.2186 omega=None
[RC MM] Starting Values: samples_per_symbol=100.0000 interp=16 loop_react=0.3000
[RC MM] mu=0.0263 omega=None
[RC MM] Starting Values: samples_per_symbol=100.0000 interp=16 loop_react=0.3000
[RC MM] mu=0.4777 omega=None
[RC MM] Starting Values: samples_per_symbol=100.0000 interp=16 loop_react=0.3000
[RC MM] mu=0.6273 omega=None
[RX] SYNCWORD BER: 0.0
[RC MM] Starting Values: samples_per_symbol=100.0000 interp=16 loop_react=0.3000
[RC MM] mu=0.7099 omega=None
[RX] DATA BER: 0.0

[RX] Received: Lorem ipsum dolor sit amet, ___?

[TX] Sending - Lorem ipsum dolor sit amet, ___?
[RC MM] Starting Values: samples_per_symbol=100.0000 interp=16 loop_react=0.3000
[RC MM] mu=0.9886 omega=None
[RC MM] Starting Values: samples_per_symbol=100.0000 interp=16 loop_react=0.3000
[RC MM] mu=0.9185 omega=None
[RC MM] Starting Values: samples_per_symbol=100.0000 interp=16 loop_react=0.3000
[RC MM] mu=0.4226 omega=None
[RC MM] Starting Values: samples_per_symbol=100.0000 interp=16 loop_react=0.3000
[RC MM] mu=0.1137 omega=None
[RX] SYNCWORD BER: 0.0
[RC MM] Starting Values: samples_per_symbol=100.0000 interp=16 loop_react=0.3000
[RC MM] mu=0.4807 omega=None
[RX] DATA BER: 0.0

[RX] Received: Lorem ipsum dolor sit amet, ___?

[TX] Sending - Lorem ipsum dolor sit amet, ___?
[RC MM] Starting Values: samples_per_symbol=100.0000 interp=16 loop_react=0.3000
[RC MM] mu=0.8329 omega=None
[RC MM] Starting Values: samples_per_symbol=100.0000 interp=16 loop_react=0.3000
[RC MM] mu=0.5746 omega=None
[RC MM] Starting Values: samples_per_symbol=100.0000 interp=16 loop_react=0.3000
[RC MM] mu=0.7032 omega=None
[RX] SYNCWORD BER: 0.0
[RC MM] Starting Values: samples_per_symbol=100.0000 interp=16 loop_react=0.3000
[RC MM] mu=0.1131 omega=None
[RX] DATA BER: 0.0

[RX] Received: Lorem ipsum dolor sit amet, ___?

[RC MM] Starting Values: samples_per_symbol=100.0000 interp=16 loop_react=0.3000
[RC MM] mu=0.5769 omega=None
[TX] Sending - Lorem ipsum dolor sit amet, ___?
[RC MM] Starting Values: samples_per_symbol=100.0000 interp=16 loop_react=0.3000
[RC MM] mu=0.4752 omega=None
[RC MM] Starting Values: samples_per_symbol=100.0000 interp=16 loop_react=0.3000
[RC MM] mu=0.8887 omega=None
[RC MM] Starting Values: samples_per_symbol=100.0000 interp=16 loop_react=0.3000
[RC MM] mu=0.1466 omega=None
[RX] SYNCWORD BER: 0.0
[RC MM] Starting Values: samples_per_symbol=100.0000 interp=16 loop_react=0.3000
[RC MM] mu=0.7405 omega=None
[RX] DATA BER: 0.0

[RX] Received: Lorem ipsum dolor sit amet, ___?

[TX] Sending - Lorem ipsum dolor sit amet, ___?
[RC MM] Starting Values: samples_per_symbol=100.0000 interp=16 loop_react=0.3000
[RC MM] mu=0.1903 omega=None
[RC MM] Starting Values: samples_per_symbol=100.0000 interp=16 loop_react=0.3000
[RC MM] mu=0.1669 omega=None
[RC MM] Starting Values: samples_per_symbol=100.0000 interp=16 loop_react=0.3000
[RC MM] mu=0.2595 omega=None
[RC MM] Starting Values: samples_per_symbol=100.0000 interp=16 loop_react=0.3000
[RC MM] mu=0.0977 omega=None
[RX] SYNCWORD BER: 0.0
[RC MM] Starting Values: samples_per_symbol=100.0000 interp=16 loop_react=0.3000
[RC MM] mu=0.4944 omega=None
[RX] DATA BER: 0.0

[RX] Received: Lorem ipsum dolor sit amet, ___?

[TX] Sending - Lorem ipsum dolor sit amet, ___?
[RC MM] Starting Values: samples_per_symbol=100.0000 interp=16 loop_react=0.3000
[RC MM] mu=0.3079 omega=None
[RC MM] Starting Values: samples_per_symbol=100.0000 interp=16 loop_react=0.3000
[RC MM] mu=0.3556 omega=None
[RC MM] Starting Values: samples_per_symbol=100.0000 interp=16 loop_react=0.3000
[RC MM] mu=0.7558 omega=None
[RC MM] Starting Values: samples_per_symbol=100.0000 interp=16 loop_react=0.3000
[RC MM] mu=0.0839 omega=None
[RX] SYNCWORD BER: 0.0
[RX] DATA BER: 0.0

[RX] Received: Lorem ipsum dolor sit amet, ___?

[RC MM] Starting Values: samples_per_symbol=100.0000 interp=16 loop_react=0.3000
[RC MM] mu=0.2553 omega=None
[TX] Sending - Lorem ipsum dolor sit amet, ___?
[RC MM] Starting Values: samples_per_symbol=100.0000 interp=16 loop_react=0.3000
[RC MM] mu=0.5830 omega=None
[RC MM] Starting Values: samples_per_symbol=100.0000 interp=16 loop_react=0.3000
[RC MM] mu=0.8098 omega=None
[RC MM] Starting Values: samples_per_symbol=100.0000 interp=16 loop_react=0.3000
[RC MM] mu=0.5655 omega=None
[RC MM] Starting Values: samples_per_symbol=100.0000 interp=16 loop_react=0.3000
[RC MM] mu=0.4490 omega=None
[TX] Sending - Lorem ipsum dolor sit amet, ___?
[RC MM] Starting Values: samples_per_symbol=100.0000 interp=16 loop_react=0.3000
[RC MM] mu=0.9872 omega=None
[RC MM] Starting Values: samples_per_symbol=100.0000 interp=16 loop_react=0.3000
[RC MM] mu=0.2066 omega=None
[RC MM] Starting Values: samples_per_symbol=100.0000 interp=16 loop_react=0.3000
[RC MM] mu=0.8233 omega=None
[RC MM] Starting Values: samples_per_symbol=100.0000 interp=16 loop_react=0.3000
[RC MM] mu=0.8134 omega=None
[RC MM] Starting Values: samples_per_symbol=100.0000 interp=16 loop_react=0.3000
[RC MM] mu=0.8072 omega=None
[TX] Sending - Lorem ipsum dolor sit amet, ___?
[RC MM] Starting Values: samples_per_symbol=100.0000 interp=16 loop_react=0.3000
[RC MM] mu=0.9045 omega=None
[RC MM] Starting Values: samples_per_symbol=100.0000 interp=16 loop_react=0.3000
[RC MM] mu=0.7769 omega=None
[RC MM] Starting Values: samples_per_symbol=100.0000 interp=16 loop_react=0.3000
[RC MM] mu=0.1754 omega=None
[RC MM] Starting Values: samples_per_symbol=100.0000 interp=16 loop_react=0.3000
[RC MM] mu=0.0367 omega=None
[RX] SYNCWORD BER: 0.0
[RX] DATA BER: 0.0

[RX] Received: Lorem ipsum dolor sit amet, ___?

[RC MM] Starting Values: samples_per_symbol=100.0000 interp=16 loop_react=0.3000
[RC MM] mu=0.8157 omega=None
[TX] Sending - Lorem ipsum dolor sit amet, ___?
[RC MM] Starting Values: samples_per_symbol=100.0000 interp=16 loop_react=0.3000
[RC MM] mu=0.9042 omega=None
[RC MM] Starting Values: samples_per_symbol=100.0000 interp=16 loop_react=0.3000
[RC MM] mu=0.4888 omega=None
[RC MM] Starting Values: samples_per_symbol=100.0000 interp=16 loop_react=0.3000
[RC MM] mu=0.1520 omega=None
[RX] SYNCWORD BER: 0.0
[RC MM] Starting Values: samples_per_symbol=100.0000 interp=16 loop_react=0.3000
[RC MM] mu=0.6313 omega=None
[RX] DATA BER: 0.0

[RX] Received: Lorem ipsum dolor sit amet, ___?

[TX] Sending - Lorem ipsum dolor sit amet, ___?
[RC MM] Starting Values: samples_per_symbol=100.0000 interp=16 loop_react=0.3000
[RC MM] mu=0.3828 omega=None
[RC MM] Starting Values: samples_per_symbol=100.0000 interp=16 loop_react=0.3000
[RC MM] mu=0.3405 omega=None
[RC MM] Starting Values: samples_per_symbol=100.0000 interp=16 loop_react=0.3000
[RC MM] mu=0.7503 omega=None
[RC MM] Starting Values: samples_per_symbol=100.0000 interp=16 loop_react=0.3000
[RC MM] mu=0.9483 omega=None
[RX] SYNCWORD BER: 0.0
[RC MM] Starting Values: samples_per_symbol=100.0000 interp=16 loop_react=0.3000
[RC MM] mu=0.1573 omega=None
[RX] DATA BER: 0.0

[RX] Received: Lorem ipsum dolor sit amet, ___?

[TX] Sending - Lorem ipsum dolor sit amet, ___?
[RC MM] Starting Values: samples_per_symbol=100.0000 interp=16 loop_react=0.3000
[RC MM] mu=0.2495 omega=None
[RC MM] Starting Values: samples_per_symbol=100.0000 interp=16 loop_react=0.3000
[RC MM] mu=0.6119 omega=None
[RC MM] Starting Values: samples_per_symbol=100.0000 interp=16 loop_react=0.3000
[RC MM] mu=0.6371 omega=None
[RC MM] Starting Values: samples_per_symbol=100.0000 interp=16 loop_react=0.3000
[RC MM] mu=0.1556 omega=None
[RX] SYNCWORD BER: 0.0
[RC MM] Starting Values: samples_per_symbol=100.0000 interp=16 loop_react=0.3000
[RC MM] mu=0.8592 omega=None
[RX] DATA BER: 0.0

[RX] Received: Lorem ipsum dolor sit amet, ___?

[TX] Sending - Lorem ipsum dolor sit amet, ___?
[RC MM] Starting Values: samples_per_symbol=100.0000 interp=16 loop_react=0.3000
[RC MM] mu=0.6346 omega=None
[RC MM] Starting Values: samples_per_symbol=100.0000 interp=16 loop_react=0.3000
[RC MM] mu=0.9203 omega=None
[RC MM] Starting Values: samples_per_symbol=100.0000 interp=16 loop_react=0.3000
[RC MM] mu=0.4212 omega=None
[RC MM] Starting Values: samples_per_symbol=100.0000 interp=16 loop_react=0.3000
[RC MM] mu=0.7954 omega=None
[RX] SYNCWORD BER: 0.03125
[RX] SYNCWORD BER: 0.5625
[RX] SYNCWORD BER: 0.375
[RX] SYNCWORD BER: 0.59375
[RX] SYNCWORD BER: 0.53125
[RX] SYNCWORD BER: 0.5
[RX] SYNCWORD BER: 0.625
[RC MM] Starting Values: samples_per_symbol=100.0000 interp=16 loop_react=0.3000
[RC MM] mu=0.9612 omega=None
[TX] Sending - Lorem ipsum dolor sit amet, ___?
[RC MM] Starting Values: samples_per_symbol=100.0000 interp=16 loop_react=0.3000
[RC MM] mu=0.0860 omega=None
[RC MM] Starting Values: samples_per_symbol=100.0000 interp=16 loop_react=0.3000
[RC MM] mu=0.6206 omega=None
[RC MM] Starting Values: samples_per_symbol=100.0000 interp=16 loop_react=0.3000
[RC MM] mu=0.1653 omega=None
[RX] SYNCWORD BER: 0.0
[RC MM] Starting Values: samples_per_symbol=100.0000 interp=16 loop_react=0.3000
[RC MM] mu=0.5220 omega=None
[RX] DATA BER: 0.0

[RX] Received: Lorem ipsum dolor sit amet, ___?

[TX] Sending - Lorem ipsum dolor sit amet, ___?
[RC MM] Starting Values: samples_per_symbol=100.0000 interp=16 loop_react=0.3000
[RC MM] mu=0.4798 omega=None
[RC MM] Starting Values: samples_per_symbol=100.0000 interp=16 loop_react=0.3000
[RC MM] mu=0.8205 omega=None
[RC MM] Starting Values: samples_per_symbol=100.0000 interp=16 loop_react=0.3000
[RC MM] mu=0.5115 omega=None
[RC MM] Starting Values: samples_per_symbol=100.0000 interp=16 loop_react=0.3000
[RC MM] mu=0.4114 omega=None
[RX] SYNCWORD BER: 0.0
[RC MM] Starting Values: samples_per_symbol=100.0000 interp=16 loop_react=0.3000
[RC MM] mu=0.0895 omega=None
[RX] DATA BER: 0.0

[RX] Received: Lorem ipsum dolor sit amet, ___?

[TX] Sending - Lorem ipsum dolor sit amet, ___?
[RC MM] Starting Values: samples_per_symbol=100.0000 interp=16 loop_react=0.3000
[RC MM] mu=0.2891 omega=None
[RC MM] Starting Values: samples_per_symbol=100.0000 interp=16 loop_react=0.3000
[RC MM] mu=0.0260 omega=None
[RC MM] Starting Values: samples_per_symbol=100.0000 interp=16 loop_react=0.3000
[RC MM] mu=0.7100 omega=None
[RC MM] Starting Values: samples_per_symbol=100.0000 interp=16 loop_react=0.3000
[RC MM] mu=0.4091 omega=None
[RX] SYNCWORD BER: 0.0
[RX] DATA BER: 0.0

[RX] Received: Lorem ipsum dolor sit amet, ___?

[RC MM] Starting Values: samples_per_symbol=100.0000 interp=16 loop_react=0.3000
[RC MM] mu=0.8897 omega=None
[TX] Sending - Lorem ipsum dolor sit amet, ___?
[RC MM] Starting Values: samples_per_symbol=100.0000 interp=16 loop_react=0.3000
[RC MM] mu=0.5128 omega=None
[RC MM] Starting Values: samples_per_symbol=100.0000 interp=16 loop_react=0.3000
[RC MM] mu=0.8712 omega=None
[RC MM] Starting Values: samples_per_symbol=100.0000 interp=16 loop_react=0.3000
[RC MM] mu=0.3414 omega=None
[RC MM] Starting Values: samples_per_symbol=100.0000 interp=16 loop_react=0.3000
[RC MM] mu=0.1976 omega=None
[TX] Sending - Lorem ipsum dolor sit amet, ___?
[RC MM] Starting Values: samples_per_symbol=100.0000 interp=16 loop_react=0.3000
[RC MM] mu=0.1028 omega=None
[RC MM] Starting Values: samples_per_symbol=100.0000 interp=16 loop_react=0.3000
[RC MM] mu=0.6961 omega=None
[RC MM] Starting Values: samples_per_symbol=100.0000 interp=16 loop_react=0.3000
[RC MM] mu=0.9212 omega=None
[RC MM] Starting Values: samples_per_symbol=100.0000 interp=16 loop_react=0.3000
[RC MM] mu=0.1992 omega=None
[RX] SYNCWORD BER: 0.0
[RC MM] Starting Values: samples_per_symbol=100.0000 interp=16 loop_react=0.3000
[RC MM] mu=0.8601 omega=None
[RX] DATA BER: 0.0

[RX] Received: Lorem ipsum dolor sit amet, ___?

[TX] Sending - Lorem ipsum dolor sit amet, ___?
[RC MM] Starting Values: samples_per_symbol=100.0000 interp=16 loop_react=0.3000
[RC MM] mu=0.5177 omega=None
[RC MM] Starting Values: samples_per_symbol=100.0000 interp=16 loop_react=0.3000
[RC MM] mu=0.4275 omega=None
[RC MM] Starting Values: samples_per_symbol=100.0000 interp=16 loop_react=0.3000
[RC MM] mu=0.4823 omega=None
[RC MM] Starting Values: samples_per_symbol=100.0000 interp=16 loop_react=0.3000
[RC MM] mu=0.5315 omega=None
[RX] SYNCWORD BER: 0.0
[RC MM] Starting Values: samples_per_symbol=100.0000 interp=16 loop_react=0.3000
[RC MM] mu=0.7867 omega=None
[RX] DATA BER: 0.0

[RX] Received: Lorem ipsum dolor sit amet, ___?

[TX] Sending - Lorem ipsum dolor sit amet, ___?
[RC MM] Starting Values: samples_per_symbol=100.0000 interp=16 loop_react=0.3000
[RC MM] mu=0.5514 omega=None
[RC MM] Starting Values: samples_per_symbol=100.0000 interp=16 loop_react=0.3000
[RC MM] mu=0.6655 omega=None
[RC MM] Starting Values: samples_per_symbol=100.0000 interp=16 loop_react=0.3000
[RC MM] mu=0.2632 omega=None
[RX] SYNCWORD BER: 0.28125
[RC MM] Starting Values: samples_per_symbol=100.0000 interp=16 loop_react=0.3000
[RC MM] mu=0.3874 omega=None
[RC MM] Starting Values: samples_per_symbol=100.0000 interp=16 loop_react=0.3000
[RC MM] mu=0.4333 omega=None
[TX] Sending - Lorem ipsum dolor sit amet, ___?
[RC MM] Starting Values: samples_per_symbol=100.0000 interp=16 loop_react=0.3000
[RC MM] mu=0.6180 omega=None
[RC MM] Starting Values: samples_per_symbol=100.0000 interp=16 loop_react=0.3000
[RC MM] mu=0.3356 omega=None
[RC MM] Starting Values: samples_per_symbol=100.0000 interp=16 loop_react=0.3000
[RC MM] mu=0.3905 omega=None
[RX] SYNCWORD BER: 0.0
[RC MM] Starting Values: samples_per_symbol=100.0000 interp=16 loop_react=0.3000
[RC MM] mu=0.6225 omega=None
[RX] DATA BER: 0.0

[RX] Received: Lorem ipsum dolor sit amet, ___?

[TX] Sending - Lorem ipsum dolor sit amet, ___?
[RC MM] Starting Values: samples_per_symbol=100.0000 interp=16 loop_react=0.3000
[RC MM] mu=0.1889 omega=None
[RC MM] Starting Values: samples_per_symbol=100.0000 interp=16 loop_react=0.3000
[RC MM] mu=0.7313 omega=None
[RC MM] Starting Values: samples_per_symbol=100.0000 interp=16 loop_react=0.3000
[RC MM] mu=0.0054 omega=None
[RC MM] Starting Values: samples_per_symbol=100.0000 interp=16 loop_react=0.3000
[RC MM] mu=0.0319 omega=None
[RX] SYNCWORD BER: 0.0
[RC MM] Starting Values: samples_per_symbol=100.0000 interp=16 loop_react=0.3000
[RC MM] mu=0.0018 omega=None
[RX] DATA BER: 0.0

[RX] Received: Lorem ipsum dolor sit amet, ___?

[TX] Sending - Lorem ipsum dolor sit amet, ___?
[RC MM] Starting Values: samples_per_symbol=100.0000 interp=16 loop_react=0.3000
[RC MM] mu=0.6069 omega=None
[RC MM] Starting Values: samples_per_symbol=100.0000 interp=16 loop_react=0.3000
[RC MM] mu=0.3517 omega=None
[RC MM] Starting Values: samples_per_symbol=100.0000 interp=16 loop_react=0.3000
[RC MM] mu=0.6125 omega=None
[RC MM] Starting Values: samples_per_symbol=100.0000 interp=16 loop_react=0.3000
[RC MM] mu=0.3002 omega=None
[RX] SYNCWORD BER: 0.0
[RX] DATA BER: 0.0

[RX] Received: Lorem ipsum dolor sit amet, ___?

[RC MM] Starting Values: samples_per_symbol=100.0000 interp=16 loop_react=0.3000
[RC MM] mu=0.3153 omega=None
[TX] Sending - Lorem ipsum dolor sit amet, ___?
[RC MM] Starting Values: samples_per_symbol=100.0000 interp=16 loop_react=0.3000
[RC MM] mu=0.2054 omega=None
[RC MM] Starting Values: samples_per_symbol=100.0000 interp=16 loop_react=0.3000
[RC MM] mu=0.7777 omega=None
[RC MM] Starting Values: samples_per_symbol=100.0000 interp=16 loop_react=0.3000
[RC MM] mu=0.1456 omega=None
[RX] SYNCWORD BER: 0.0
[RC MM] Starting Values: samples_per_symbol=100.0000 interp=16 loop_react=0.3000
[RC MM] mu=0.9591 omega=None
[RX] DATA BER: 0.0

[RX] Received: Lorem ipsum dolor sit amet, ___?

[TX] Sending - Lorem ipsum dolor sit amet, ___?
[RC MM] Starting Values: samples_per_symbol=100.0000 interp=16 loop_react=0.3000
[RC MM] mu=0.8081 omega=None
[RC MM] Starting Values: samples_per_symbol=100.0000 interp=16 loop_react=0.3000
[RC MM] mu=0.9133 omega=None
[RC MM] Starting Values: samples_per_symbol=100.0000 interp=16 loop_react=0.3000
[RC MM] mu=0.0939 omega=None
[RC MM] Starting Values: samples_per_symbol=100.0000 interp=16 loop_react=0.3000
[RC MM] mu=0.5889 omega=None
[RX] SYNCWORD BER: 0.0
[RC MM] Starting Values: samples_per_symbol=100.0000 interp=16 loop_react=0.3000
[RC MM] mu=0.7763 omega=None
[RX] DATA BER: 0.0

[RX] Received: Lorem ipsum dolor sit amet, ___?

[TX] Sending - Lorem ipsum dolor sit amet, ___?
[RC MM] Starting Values: samples_per_symbol=100.0000 interp=16 loop_react=0.3000
[RC MM] mu=0.5275 omega=None
[RC MM] Starting Values: samples_per_symbol=100.0000 interp=16 loop_react=0.3000
[RC MM] mu=0.0042 omega=None
[RC MM] Starting Values: samples_per_symbol=100.0000 interp=16 loop_react=0.3000
[RC MM] mu=0.9659 omega=None
[RC MM] Starting Values: samples_per_symbol=100.0000 interp=16 loop_react=0.3000
[RC MM] mu=0.7744 omega=None
[RX] SYNCWORD BER: 0.0
[RX] DATA BER: 0.0

[RX] Received: Lorem ipsum dolor sit amet, ___?

[RC MM] Starting Values: samples_per_symbol=100.0000 interp=16 loop_react=0.3000
[RC MM] mu=0.2014 omega=None
[TX] Sending - Lorem ipsum dolor sit amet, ___?
[RC MM] Starting Values: samples_per_symbol=100.0000 interp=16 loop_react=0.3000
[RC MM] mu=0.8592 omega=None
[RC MM] Starting Values: samples_per_symbol=100.0000 interp=16 loop_react=0.3000
[RC MM] mu=0.4818 omega=None
[RC MM] Starting Values: samples_per_symbol=100.0000 interp=16 loop_react=0.3000
[RC MM] mu=0.3030 omega=None
[RX] SYNCWORD BER: 0.0
[RC MM] Starting Values: samples_per_symbol=100.0000 interp=16 loop_react=0.3000
[RC MM] mu=0.4929 omega=None
[RX] DATA BER: 0.0

[RX] Received: Lorem ipsum dolor sit amet, ___?

[TX] Sending - Lorem ipsum dolor sit amet, ___?
[RC MM] Starting Values: samples_per_symbol=100.0000 interp=16 loop_react=0.3000
[RC MM] mu=0.6327 omega=None
[RC MM] Starting Values: samples_per_symbol=100.0000 interp=16 loop_react=0.3000
[RC MM] mu=0.3329 omega=None
[RC MM] Starting Values: samples_per_symbol=100.0000 interp=16 loop_react=0.3000
[RC MM] mu=0.5387 omega=None
[RC MM] Starting Values: samples_per_symbol=100.0000 interp=16 loop_react=0.3000
[RC MM] mu=0.4316 omega=None
[RX] SYNCWORD BER: 0.0
[RC MM] Starting Values: samples_per_symbol=100.0000 interp=16 loop_react=0.3000
[RC MM] mu=0.5649 omega=None
[RX] DATA BER: 0.0

[RX] Received: Lorem ipsum dolor sit amet, ___?

[TX] Sending - Lorem ipsum dolor sit amet, ___?
[RC MM] Starting Values: samples_per_symbol=100.0000 interp=16 loop_react=0.3000
[RC MM] mu=0.0762 omega=None
[RC MM] Starting Values: samples_per_symbol=100.0000 interp=16 loop_react=0.3000
[RC MM] mu=0.2435 omega=None
[RC MM] Starting Values: samples_per_symbol=100.0000 interp=16 loop_react=0.3000
[RC MM] mu=0.4151 omega=None
[RC MM] Starting Values: samples_per_symbol=100.0000 interp=16 loop_react=0.3000
[RC MM] mu=0.9950 omega=None
[RX] SYNCWORD BER: 0.0
[RC MM] Starting Values: samples_per_symbol=100.0000 interp=16 loop_react=0.3000
[RC MM] mu=0.9566 omega=None
[RX] DATA BER: 0.0

[RX] Received: Lorem ipsum dolor sit amet, ___?

[TX] Sending - Lorem ipsum dolor sit amet, ___?
[RC MM] Starting Values: samples_per_symbol=100.0000 interp=16 loop_react=0.3000
[RC MM] mu=0.7301 omega=None
[RC MM] Starting Values: samples_per_symbol=100.0000 interp=16 loop_react=0.3000
[RC MM] mu=0.7280 omega=None
[RC MM] Starting Values: samples_per_symbol=100.0000 interp=16 loop_react=0.3000
[RC MM] mu=0.7946 omega=None
[RC MM] Starting Values: samples_per_symbol=100.0000 interp=16 loop_react=0.3000
[RC MM] mu=0.2217 omega=None
[RX] SYNCWORD BER: 0.0
[RX] DATA BER: 0.0

[RX] Received: Lorem ipsum dolor sit amet, ___?

[RC MM] Starting Values: samples_per_symbol=100.0000 interp=16 loop_react=0.3000
[RC MM] mu=0.2367 omega=None
[TX] Sending - Lorem ipsum dolor sit amet, ___?
[RC MM] Starting Values: samples_per_symbol=100.0000 interp=16 loop_react=0.3000
[RC MM] mu=0.5174 omega=None
[RC MM] Starting Values: samples_per_symbol=100.0000 interp=16 loop_react=0.3000
[RC MM] mu=0.2791 omega=None
[RC MM] Starting Values: samples_per_symbol=100.0000 interp=16 loop_react=0.3000
[RC MM] mu=0.4559 omega=None
[RX] SYNCWORD BER: 0.0
[RC MM] Starting Values: samples_per_symbol=100.0000 interp=16 loop_react=0.3000
[RC MM] mu=0.8838 omega=None
[RX] DATA BER: 0.0

[RX] Received: Lorem ipsum dolor sit amet, ___?

[TX] Sending - Lorem ipsum dolor sit amet, ___?
[RC MM] Starting Values: samples_per_symbol=100.0000 interp=16 loop_react=0.3000
[RC MM] mu=0.2512 omega=None
[RC MM] Starting Values: samples_per_symbol=100.0000 interp=16 loop_react=0.3000
[RC MM] mu=0.7553 omega=None
[RC MM] Starting Values: samples_per_symbol=100.0000 interp=16 loop_react=0.3000
[RC MM] mu=0.8193 omega=None
[RC MM] Starting Values: samples_per_symbol=100.0000 interp=16 loop_react=0.3000
[RC MM] mu=0.6390 omega=None
[RX] SYNCWORD BER: 0.0
[RC MM] Starting Values: samples_per_symbol=100.0000 interp=16 loop_react=0.3000
[RC MM] mu=0.3700 omega=None
[RX] DATA BER: 0.0

[RX] Received: Lorem ipsum dolor sit amet, ___?

[TX] Sending - Lorem ipsum dolor sit amet, ___?
[RC MM] Starting Values: samples_per_symbol=100.0000 interp=16 loop_react=0.3000
[RC MM] mu=0.8162 omega=None
[RC MM] Starting Values: samples_per_symbol=100.0000 interp=16 loop_react=0.3000
[RC MM] mu=0.3808 omega=None
[RC MM] Starting Values: samples_per_symbol=100.0000 interp=16 loop_react=0.3000
[RC MM] mu=0.9824 omega=None
[RC MM] Starting Values: samples_per_symbol=100.0000 interp=16 loop_react=0.3000
[RC MM] mu=0.9101 omega=None
[RX] SYNCWORD BER: 0.0
[RX] DATA BER: 0.0

[RX] Received: Lorem ipsum dolor sit amet, ___?

[RC MM] Starting Values: samples_per_symbol=100.0000 interp=16 loop_react=0.3000
[RC MM] mu=0.1305 omega=None
[TX] Sending - Lorem ipsum dolor sit amet, ___?
[RC MM] Starting Values: samples_per_symbol=100.0000 interp=16 loop_react=0.3000
[RC MM] mu=0.4343 omega=None
[RC MM] Starting Values: samples_per_symbol=100.0000 interp=16 loop_react=0.3000
[RC MM] mu=0.2011 omega=None
[RC MM] Starting Values: samples_per_symbol=100.0000 interp=16 loop_react=0.3000
[RC MM] mu=0.5899 omega=None
[RX] SYNCWORD BER: 0.0
[RC MM] Starting Values: samples_per_symbol=100.0000 interp=16 loop_react=0.3000
[RC MM] mu=0.5418 omega=None
[RX] DATA BER: 0.0

[RX] Received: Lorem ipsum dolor sit amet, ___?

[TX] Sending - Lorem ipsum dolor sit amet, ___?
[RC MM] Starting Values: samples_per_symbol=100.0000 interp=16 loop_react=0.3000
[RC MM] mu=0.3527 omega=None
[RC MM] Starting Values: samples_per_symbol=100.0000 interp=16 loop_react=0.3000
[RC MM] mu=0.4704 omega=None
[RC MM] Starting Values: samples_per_symbol=100.0000 interp=16 loop_react=0.3000
[RC MM] mu=0.0457 omega=None
[RC MM] Starting Values: samples_per_symbol=100.0000 interp=16 loop_react=0.3000
[RC MM] mu=0.7358 omega=None
[RX] SYNCWORD BER: 0.0
[RC MM] Starting Values: samples_per_symbol=100.0000 interp=16 loop_react=0.3000
[RC MM] mu=0.1334 omega=None
[RX] DATA BER: 0.0

[RX] Received: Lorem ipsum dolor sit amet, ___?

[TX] Sending - Lorem ipsum dolor sit amet, ___?
[RC MM] Starting Values: samples_per_symbol=100.0000 interp=16 loop_react=0.3000
[RC MM] mu=0.3480 omega=None
[RC MM] Starting Values: samples_per_symbol=100.0000 interp=16 loop_react=0.3000
[RC MM] mu=0.0989 omega=None
[RC MM] Starting Values: samples_per_symbol=100.0000 interp=16 loop_react=0.3000
[RC MM] mu=0.9378 omega=None
[RC MM] Starting Values: samples_per_symbol=100.0000 interp=16 loop_react=0.3000
[RC MM] mu=0.9835 omega=None
[RX] SYNCWORD BER: 0.0
[RC MM] Starting Values: samples_per_symbol=100.0000 interp=16 loop_react=0.3000
[RC MM] mu=0.7698 omega=None
[RX] DATA BER: 0.0
[RX] Dropping failed checksum
[TX] Sending - Lorem ipsum dolor sit amet, ___?
[RC MM] Starting Values: samples_per_symbol=100.0000 interp=16 loop_react=0.3000
[RC MM] mu=0.2005 omega=None
[RC MM] Starting Values: samples_per_symbol=100.0000 interp=16 loop_react=0.3000
[RC MM] mu=0.6707 omega=None
[RC MM] Starting Values: samples_per_symbol=100.0000 interp=16 loop_react=0.3000
[RC MM] mu=0.3222 omega=None
[RX] SYNCWORD BER: 0.0
[RC MM] Starting Values: samples_per_symbol=100.0000 interp=16 loop_react=0.3000
[RC MM] mu=0.4995 omega=None
[RX] DATA BER: 0.0

[RX] Received: Lorem ipsum dolor sit amet, ___?

[RC MM] Starting Values: samples_per_symbol=100.0000 interp=16 loop_react=0.3000
[RC MM] mu=0.7709 omega=None
[TX] Sending - Lorem ipsum dolor sit amet, ___?
[RC MM] Starting Values: samples_per_symbol=100.0000 interp=16 loop_react=0.3000
[RC MM] mu=0.2346 omega=None
[RC MM] Starting Values: samples_per_symbol=100.0000 interp=16 loop_react=0.3000
[RC MM] mu=0.6203 omega=None
[RC MM] Starting Values: samples_per_symbol=100.0000 interp=16 loop_react=0.3000
[RC MM] mu=0.5783 omega=None
[RX] SYNCWORD BER: 0.0
[RC MM] Starting Values: samples_per_symbol=100.0000 interp=16 loop_react=0.3000
[RC MM] mu=0.4704 omega=None
[RX] DATA BER: 0.0

[RX] Received: Lorem ipsum dolor sit amet, ___?

[TX] Sending - Lorem ipsum dolor sit amet, ___?
[RC MM] Starting Values: samples_per_symbol=100.0000 interp=16 loop_react=0.3000
[RC MM] mu=0.2372 omega=None
[RC MM] Starting Values: samples_per_symbol=100.0000 interp=16 loop_react=0.3000
[RC MM] mu=0.1453 omega=None
[RC MM] Starting Values: samples_per_symbol=100.0000 interp=16 loop_react=0.3000
[RC MM] mu=0.9160 omega=None
[RC MM] Starting Values: samples_per_symbol=100.0000 interp=16 loop_react=0.3000
[RC MM] mu=0.7473 omega=None
[RX] SYNCWORD BER: 0.0
[RC MM] Starting Values: samples_per_symbol=100.0000 interp=16 loop_react=0.3000
[RC MM] mu=0.2011 omega=None
[RX] DATA BER: 0.0

[RX] Received: Lorem ipsum dolor sit amet, ___?

[TX] Sending - Lorem ipsum dolor sit amet, ___?
[RC MM] Starting Values: samples_per_symbol=100.0000 interp=16 loop_react=0.3000
[RC MM] mu=0.2094 omega=None
[RC MM] Starting Values: samples_per_symbol=100.0000 interp=16 loop_react=0.3000
[RC MM] mu=0.0973 omega=None
[RC MM] Starting Values: samples_per_symbol=100.0000 interp=16 loop_react=0.3000
[RC MM] mu=0.9768 omega=None
[RC MM] Starting Values: samples_per_symbol=100.0000 interp=16 loop_react=0.3000
[RC MM] mu=0.1487 omega=None
[RX] SYNCWORD BER: 0.0
[RX] DATA BER: 0.0

[RX] Received: Lorem ipsum dolor sit amet, ___?

[RC MM] Starting Values: samples_per_symbol=100.0000 interp=16 loop_react=0.3000
[RC MM] mu=0.8460 omega=None
[TX] Sending - Lorem ipsum dolor sit amet, ___?
[RC MM] Starting Values: samples_per_symbol=100.0000 interp=16 loop_react=0.3000
[RC MM] mu=0.8653 omega=None
[RC MM] Starting Values: samples_per_symbol=100.0000 interp=16 loop_react=0.3000
[RC MM] mu=0.2204 omega=None
[RC MM] Starting Values: samples_per_symbol=100.0000 interp=16 loop_react=0.3000
[RC MM] mu=0.7957 omega=None
[RX] SYNCWORD BER: 0.0
[RC MM] Starting Values: samples_per_symbol=100.0000 interp=16 loop_react=0.3000
[RC MM] mu=0.5839 omega=None
[RX] DATA BER: 0.0

[RX] Received: Lorem ipsum dolor sit amet, ___?

[TX] Sending - Lorem ipsum dolor sit amet, ___?
[RC MM] Starting Values: samples_per_symbol=100.0000 interp=16 loop_react=0.3000
[RC MM] mu=0.3159 omega=None
[RC MM] Starting Values: samples_per_symbol=100.0000 interp=16 loop_react=0.3000
[RC MM] mu=0.8888 omega=None
[RC MM] Starting Values: samples_per_symbol=100.0000 interp=16 loop_react=0.3000
[RC MM] mu=0.9949 omega=None
[RC MM] Starting Values: samples_per_symbol=100.0000 interp=16 loop_react=0.3000
[RC MM] mu=0.4710 omega=None
[RX] SYNCWORD BER: 0.0
[RC MM] Starting Values: samples_per_symbol=100.0000 interp=16 loop_react=0.3000
[RC MM] mu=0.6662 omega=None
[RX] DATA BER: 0.0

[RX] Received: Lorem ipsum dolor sit amet, ___?

[TX] Sending - Lorem ipsum dolor sit amet, ___?
[RC MM] Starting Values: samples_per_symbol=100.0000 interp=16 loop_react=0.3000
[RC MM] mu=0.7270 omega=None
[RC MM] Starting Values: samples_per_symbol=100.0000 interp=16 loop_react=0.3000
[RC MM] mu=0.9200 omega=None
[RC MM] Starting Values: samples_per_symbol=100.0000 interp=16 loop_react=0.3000
[RC MM] mu=0.7237 omega=None
[RC MM] Starting Values: samples_per_symbol=100.0000 interp=16 loop_react=0.3000
[RC MM] mu=0.2790 omega=None
[RX] SYNCWORD BER: 0.21875
[RX] SYNCWORD BER: 0.53125
[RX] SYNCWORD BER: 0.34375
[RX] SYNCWORD BER: 0.5
[RX] SYNCWORD BER: 0.4375
[RX] SYNCWORD BER: 0.5
[RX] SYNCWORD BER: 0.53125
[RC MM] Starting Values: samples_per_symbol=100.0000 interp=16 loop_react=0.3000
[RC MM] mu=0.8758 omega=None
[TX] Sending - Lorem ipsum dolor sit amet, ___?
[RC MM] Starting Values: samples_per_symbol=100.0000 interp=16 loop_react=0.3000
[RC MM] mu=0.4990 omega=None
[RC MM] Starting Values: samples_per_symbol=100.0000 interp=16 loop_react=0.3000
[RC MM] mu=0.9095 omega=None
[RC MM] Starting Values: samples_per_symbol=100.0000 interp=16 loop_react=0.3000
[RC MM] mu=0.9314 omega=None
[RX] SYNCWORD BER: 0.0
[RC MM] Starting Values: samples_per_symbol=100.0000 interp=16 loop_react=0.3000
[RC MM] mu=0.1058 omega=None
[RX] DATA BER: 0.0

[RX] Received: Lorem ipsum dolor sit amet, ___?

[TX] Sending - Lorem ipsum dolor sit amet, ___?
[RC MM] Starting Values: samples_per_symbol=100.0000 interp=16 loop_react=0.3000
[RC MM] mu=0.3125 omega=None
[RC MM] Starting Values: samples_per_symbol=100.0000 interp=16 loop_react=0.3000
[RC MM] mu=0.9920 omega=None
[RC MM] Starting Values: samples_per_symbol=100.0000 interp=16 loop_react=0.3000
[RC MM] mu=0.4349 omega=None
[RC MM] Starting Values: samples_per_symbol=100.0000 interp=16 loop_react=0.3000
[RC MM] mu=0.9368 omega=None
[RX] SYNCWORD BER: 0.0
[RC MM] Starting Values: samples_per_symbol=100.0000 interp=16 loop_react=0.3000
[RC MM] mu=0.7296 omega=None
[RX] DATA BER: 0.0

[RX] Received: Lorem ipsum dolor sit amet, ___?

[TX] Sending - Lorem ipsum dolor sit amet, ___?
[RC MM] Starting Values: samples_per_symbol=100.0000 interp=16 loop_react=0.3000
[RC MM] mu=0.0633 omega=None
[RC MM] Starting Values: samples_per_symbol=100.0000 interp=16 loop_react=0.3000
[RC MM] mu=0.0137 omega=None
[RC MM] Starting Values: samples_per_symbol=100.0000 interp=16 loop_react=0.3000
[RC MM] mu=0.0266 omega=None
[RC MM] Starting Values: samples_per_symbol=100.0000 interp=16 loop_react=0.3000
[RC MM] mu=0.8793 omega=None
[RX] SYNCWORD BER: 0.0
[RC MM] Starting Values: samples_per_symbol=100.0000 interp=16 loop_react=0.3000
[RC MM] mu=0.6192 omega=None
[RX] DATA BER: 0.0

[RX] Received: Lorem ipsum dolor sit amet, ___?

[TX] Sending - Lorem ipsum dolor sit amet, ___?
[RC MM] Starting Values: samples_per_symbol=100.0000 interp=16 loop_react=0.3000
[RC MM] mu=0.8602 omega=None
[RC MM] Starting Values: samples_per_symbol=100.0000 interp=16 loop_react=0.3000
[RC MM] mu=0.3203 omega=None
[RC MM] Starting Values: samples_per_symbol=100.0000 interp=16 loop_react=0.3000
[RC MM] mu=0.9136 omega=None
[RC MM] Starting Values: samples_per_symbol=100.0000 interp=16 loop_react=0.3000
[RC MM] mu=0.9690 omega=None
[RX] SYNCWORD BER: 0.21875
[RX] SYNCWORD BER: 0.53125
[RX] SYNCWORD BER: 0.5
[RX] SYNCWORD BER: 0.4375
[RX] SYNCWORD BER: 0.5
[RC MM] Starting Values: samples_per_symbol=100.0000 interp=16 loop_react=0.3000
[RC MM] mu=0.1917 omega=None
[TX] Sending - Lorem ipsum dolor sit amet, ___?
[RC MM] Starting Values: samples_per_symbol=100.0000 interp=16 loop_react=0.3000
[RC MM] mu=0.2634 omega=None
[RC MM] Starting Values: samples_per_symbol=100.0000 interp=16 loop_react=0.3000
[RC MM] mu=0.5551 omega=None
[RC MM] Starting Values: samples_per_symbol=100.0000 interp=16 loop_react=0.3000
[RC MM] mu=0.8956 omega=None
[RX] SYNCWORD BER: 0.0
[RC MM] Starting Values: samples_per_symbol=100.0000 interp=16 loop_react=0.3000
[RC MM] mu=0.7484 omega=None
[RX] DATA BER: 0.0

[RX] Received: Lorem ipsum dolor sit amet, ___?

[TX] Sending - Lorem ipsum dolor sit amet, ___?
[RC MM] Starting Values: samples_per_symbol=100.0000 interp=16 loop_react=0.3000
[RC MM] mu=0.0385 omega=None
[RC MM] Starting Values: samples_per_symbol=100.0000 interp=16 loop_react=0.3000
[RC MM] mu=0.6312 omega=None
[RC MM] Starting Values: samples_per_symbol=100.0000 interp=16 loop_react=0.3000
[RC MM] mu=0.2363 omega=None
[RC MM] Starting Values: samples_per_symbol=100.0000 interp=16 loop_react=0.3000
[RC MM] mu=0.1394 omega=None
[RX] SYNCWORD BER: 0.0
[RC MM] Starting Values: samples_per_symbol=100.0000 interp=16 loop_react=0.3000
[RC MM] mu=0.9003 omega=None
[RX] DATA BER: 0.0

[RX] Received: Lorem ipsum dolor sit amet, ___?

[TX] Sending - Lorem ipsum dolor sit amet, ___?
[RC MM] Starting Values: samples_per_symbol=100.0000 interp=16 loop_react=0.3000
[RC MM] mu=0.5265 omega=None
[RC MM] Starting Values: samples_per_symbol=100.0000 interp=16 loop_react=0.3000
[RC MM] mu=0.3756 omega=None
[RC MM] Starting Values: samples_per_symbol=100.0000 interp=16 loop_react=0.3000
[RC MM] mu=0.5299 omega=None
[RC MM] Starting Values: samples_per_symbol=100.0000 interp=16 loop_react=0.3000
[RC MM] mu=0.2791 omega=None
[RX] SYNCWORD BER: 0.0
[RX] DATA BER: 0.0

[RX] Received: Lorem ipsum dolor sit amet, ___?

[RC MM] Starting Values: samples_per_symbol=100.0000 interp=16 loop_react=0.3000
[RC MM] mu=0.2284 omega=None
[TX] Sending - Lorem ipsum dolor sit amet, ___?
[RC MM] Starting Values: samples_per_symbol=100.0000 interp=16 loop_react=0.3000
[RC MM] mu=0.9487 omega=None
[RC MM] Starting Values: samples_per_symbol=100.0000 interp=16 loop_react=0.3000
[RC MM] mu=0.5599 omega=None
[RC MM] Starting Values: samples_per_symbol=100.0000 interp=16 loop_react=0.3000
[RC MM] mu=0.2938 omega=None
[RX] SYNCWORD BER: 0.28125
[RC MM] Starting Values: samples_per_symbol=100.0000 interp=16 loop_react=0.3000
[RC MM] mu=0.1264 omega=None
[TX] Sending - Lorem ipsum dolor sit amet, ___?
[RC MM] Starting Values: samples_per_symbol=100.0000 interp=16 loop_react=0.3000
[RC MM] mu=0.6105 omega=None
[RC MM] Starting Values: samples_per_symbol=100.0000 interp=16 loop_react=0.3000
[RC MM] mu=0.2315 omega=None
[RC MM] Starting Values: samples_per_symbol=100.0000 interp=16 loop_react=0.3000
[RC MM] mu=0.6487 omega=None
[RC MM] Starting Values: samples_per_symbol=100.0000 interp=16 loop_react=0.3000
[RC MM] mu=0.4556 omega=None
[RX] SYNCWORD BER: 0.0
[RC MM] Starting Values: samples_per_symbol=100.0000 interp=16 loop_react=0.3000
[RC MM] mu=0.4609 omega=None
[RX] DATA BER: 0.0

[RX] Received: Lorem ipsum dolor sit amet, ___?

[TX] Sending - Lorem ipsum dolor sit amet, ___?
[RC MM] Starting Values: samples_per_symbol=100.0000 interp=16 loop_react=0.3000
[RC MM] mu=0.5745 omega=None

