[INFO] [UHD] linux; GNU C++ version 15.2.0; Boost_109000; UHD_4.9.0.1-1ubuntu1
[INFO] [B200] Detected Device: B205mini
[INFO] [B200] Operating over USB 3.
[INFO] [B200] Initialize CODEC control...
[INFO] [B200] Initialize Radio control...
[INFO] [B200] Performing register loopback test... 
[INFO] [B200] Register loopback test passed
[INFO] [B200] Setting master clock rate selection to 'automatic'.
[INFO] [B200] Asking for clock rate 16.000000 MHz... 
[INFO] [B200] Actually got clock rate 16.000000 MHz.
OURS: UserFreqs(center=912035600.0, f0=-2400.0, f1=2400.0)
THEIRS: UserFreqs(center=912064400.0, f0=-2400.0, f1=2400.0)
RX GAIN: 40
TX GAIN: 40
SAMPLE RATE: 240000.0 (fs/2 == 120000.0)
SYMBOL RATE: 2400
FREQ SEP: 4800
BANDWIDTH: 9600
CUTOFF: 5000.0
[INFO] [B200] Asking for clock rate 61.440000 MHz... 
[INFO] [B200] Actually got clock rate 61.440000 MHz.
[RX] Starting
RECEIVE FRAME EXP DATA: b'0100110001101111011100100110010101101101001000000110100101110000011100110111010101101101001000000110010001101111011011000110111101110010001000000111001101101001011101000010000001100001011011010110010101110100001011000010000001011111010111110101111100111111' (debug is True)
BUFFER THRESHOLD: 100000 (CONTROL: 100000)
EXP3A: Stateful Symbol Timing - Control (original M&M interpolated)
You have 5 seconds to start the other user!
[RC MM] Starting Values: samples_per_symbol=100.0000 interp=16 loop_react=0.3000
[RC MM] mu=0.3445 omega=None
[RC MM] Starting Values: samples_per_symbol=100.0000 interp=16 loop_react=0.3000
[RC MM] mu=0.7520 omega=None
[RC MM] Starting Values: samples_per_symbol=100.0000 interp=16 loop_react=0.3000
[RC MM] mu=0.4704 omega=None
[RC MM] Starting Values: samples_per_symbol=100.0000 interp=16 loop_react=0.3000
[RC MM] mu=0.3945 omega=None
[RC MM] Starting Values: samples_per_symbol=100.0000 interp=16 loop_react=0.3000
[RC MM] mu=0.8718 omega=None
[RC MM] Starting Values: samples_per_symbol=100.0000 interp=16 loop_react=0.3000
[RC MM] mu=0.1722 omega=None
[RC MM] Starting Values: samples_per_symbol=100.0000 interp=16 loop_react=0.3000
[RC MM] mu=0.3648 omega=None
[RC MM] Starting Values: samples_per_symbol=100.0000 interp=16 loop_react=0.3000
[RC MM] mu=0.9365 omega=None
[RC MM] Starting Values: samples_per_symbol=100.0000 interp=16 loop_react=0.3000
[RC MM] mu=0.7751 omega=None
[RC MM] Starting Values: samples_per_symbol=100.0000 interp=16 loop_react=0.3000
[RC MM] mu=0.1967 omega=None
[RC MM] Starting Values: samples_per_symbol=100.0000 interp=16 loop_react=0.3000
[RC MM] mu=0.3123 omega=None
[RC MM] Starting Values: samples_per_symbol=100.0000 interp=16 loop_react=0.3000
[RC MM] mu=0.1146 omega=None
[RC MM] Starting Values: samples_per_symbol=100.0000 interp=16 loop_react=0.3000
[RC MM] mu=0.1519 omega=None
[TX] Sending - Lorem ipsum dolor sit amet, ___?
[RC MM] Starting Values: samples_per_symbol=100.0000 interp=16 loop_react=0.3000
[RC MM] mu=0.8925 omega=None
[RC MM] Starting Values: samples_per_symbol=100.0000 interp=16 loop_react=0.3000
[RC MM] mu=0.0203 omega=None
[RC MM] Starting Values: samples_per_symbol=100.0000 interp=16 loop_react=0.3000
[RC MM] mu=0.3641 omega=None
[RC MM] Starting Values: samples_per_symbol=100.0000 interp=16 loop_react=0.3000
[RC MM] mu=0.2327 omega=None
[RX] SYNCWORD BER: 0.03125
[RX] SYNCWORD BER: 0.59375
[RX] SYNCWORD BER: 0.40625
[RX] SYNCWORD BER: 0.5625
[RX] SYNCWORD BER: 0.5
[RX] SYNCWORD BER: 0.5
[RC MM] Starting Values: samples_per_symbol=100.0000 interp=16 loop_react=0.3000
[RC MM] mu=0.9707 omega=None
[TX] Sending - Lorem ipsum dolor sit amet, ___?
[RC MM] Starting Values: samples_per_symbol=100.0000 interp=16 loop_react=0.3000
[RC MM] mu=0.3011 omega=None
[RC MM] Starting Values: samples_per_symbol=100.0000 interp=16 loop_react=0.3000
[RC MM] mu=0.1695 omega=None
[RC MM] Starting Values: samples_per_symbol=100.0000 interp=16 loop_react=0.3000
[RC MM] mu=0.3941 omega=None
[RX] SYNCWORD BER: 0.0
[RC MM] Starting Values: samples_per_symbol=100.0000 interp=16 loop_react=0.3000
[RC MM] mu=0.3741 omega=None
[RX] DATA BER: 0.0

[RX] Received: Lorem ipsum dolor sit amet, ___?

[TX] Sending - Lorem ipsum dolor sit amet, ___?
[RC MM] Starting Values: samples_per_symbol=100.0000 interp=16 loop_react=0.3000
[RC MM] mu=0.5987 omega=None
[RC MM] Starting Values: samples_per_symbol=100.0000 interp=16 loop_react=0.3000
[RC MM] mu=0.8865 omega=None
[RC MM] Starting Values: samples_per_symbol=100.0000 interp=16 loop_react=0.3000
[RC MM] mu=0.6479 omega=None
[RC MM] Starting Values: samples_per_symbol=100.0000 interp=16 loop_react=0.3000
[RC MM] mu=0.2458 omega=None
[RX] SYNCWORD BER: 0.0
[RC MM] Starting Values: samples_per_symbol=100.0000 interp=16 loop_react=0.3000
[RC MM] mu=0.6264 omega=None
[RX] DATA BER: 0.0

[RX] Received: Lorem ipsum dolor sit amet, ___?

[TX] Sending - Lorem ipsum dolor sit amet, ___?
[RC MM] Starting Values: samples_per_symbol=100.0000 interp=16 loop_react=0.3000
[RC MM] mu=0.7162 omega=None
[RC MM] Starting Values: samples_per_symbol=100.0000 interp=16 loop_react=0.3000
[RC MM] mu=0.3890 omega=None
[RC MM] Starting Values: samples_per_symbol=100.0000 interp=16 loop_react=0.3000
[RC MM] mu=0.8316 omega=None
[RC MM] Starting Values: samples_per_symbol=100.0000 interp=16 loop_react=0.3000
[RC MM] mu=0.8102 omega=None
[RX] SYNCWORD BER: 0.0
[RX] DATA BER: 0.0

[RX] Received: Lorem ipsum dolor sit amet, ___?

[RC MM] Starting Values: samples_per_symbol=100.0000 interp=16 loop_react=0.3000
[RC MM] mu=0.6677 omega=None
[TX] Sending - Lorem ipsum dolor sit amet, ___?
[RC MM] Starting Values: samples_per_symbol=100.0000 interp=16 loop_react=0.3000
[RC MM] mu=0.5815 omega=None
[RC MM] Starting Values: samples_per_symbol=100.0000 interp=16 loop_react=0.3000
[RC MM] mu=0.4357 omega=None
[RC MM] Starting Values: samples_per_symbol=100.0000 interp=16 loop_react=0.3000
[RC MM] mu=0.8277 omega=None
[RX] SYNCWORD BER: 0.0
[RC MM] Starting Values: samples_per_symbol=100.0000 interp=16 loop_react=0.3000
[RC MM] mu=0.2741 omega=None
[RX] DATA BER: 0.0

[RX] Received: Lorem ipsum dolor sit amet, ___?

[TX] Sending - Lorem ipsum dolor sit amet, ___?
[RC MM] Starting Values: samples_per_symbol=100.0000 interp=16 loop_react=0.3000
[RC MM] mu=0.0046 omega=None
[RC MM] Starting Values: samples_per_symbol=100.0000 interp=16 loop_react=0.3000
[RC MM] mu=0.3168 omega=None
[RC MM] Starting Values: samples_per_symbol=100.0000 interp=16 loop_react=0.3000
[RC MM] mu=0.8595 omega=None
[RC MM] Starting Values: samples_per_symbol=100.0000 interp=16 loop_react=0.3000
[RC MM] mu=0.7860 omega=None
[RX] SYNCWORD BER: 0.0
[RC MM] Starting Values: samples_per_symbol=100.0000 interp=16 loop_react=0.3000
[RC MM] mu=0.4313 omega=None
[RX] DATA BER: 0.0

[RX] Received: Lorem ipsum dolor sit amet, ___?

[TX] Sending - Lorem ipsum dolor sit amet, ___?
[RC MM] Starting Values: samples_per_symbol=100.0000 interp=16 loop_react=0.3000
[RC MM] mu=0.8059 omega=None
[RC MM] Starting Values: samples_per_symbol=100.0000 interp=16 loop_react=0.3000
[RC MM] mu=0.8186 omega=None
[RC MM] Starting Values: samples_per_symbol=100.0000 interp=16 loop_react=0.3000
[RC MM] mu=0.3430 omega=None
[RC MM] Starting Values: samples_per_symbol=100.0000 interp=16 loop_react=0.3000
[RC MM] mu=0.2096 omega=None
[RX] SYNCWORD BER: 0.0
[RC MM] Starting Values: samples_per_symbol=100.0000 interp=16 loop_react=0.3000
[RC MM] mu=0.9760 omega=None
[RX] DATA BER: 0.0

[RX] Received: Lorem ipsum dolor sit amet, ___?

[TX] Sending - Lorem ipsum dolor sit amet, ___?
[RC MM] Starting Values: samples_per_symbol=100.0000 interp=16 loop_react=0.3000
[RC MM] mu=0.3925 omega=None
[RC MM] Starting Values: samples_per_symbol=100.0000 interp=16 loop_react=0.3000
[RC MM] mu=0.9296 omega=None
[RC MM] Starting Values: samples_per_symbol=100.0000 interp=16 loop_react=0.3000
[RC MM] mu=0.6822 omega=None
[RX] SYNCWORD BER: 0.25
[RX] SYNCWORD BER: 0.625
[RC MM] Starting Values: samples_per_symbol=100.0000 interp=16 loop_react=0.3000
[RC MM] mu=0.4283 omega=None
[RC MM] Starting Values: samples_per_symbol=100.0000 interp=16 loop_react=0.3000
[RC MM] mu=0.5351 omega=None
[TX] Sending - Lorem ipsum dolor sit amet, ___?
[RC MM] Starting Values: samples_per_symbol=100.0000 interp=16 loop_react=0.3000
[RC MM] mu=0.5152 omega=None
[RC MM] Starting Values: samples_per_symbol=100.0000 interp=16 loop_react=0.3000
[RC MM] mu=0.3522 omega=None
[RC MM] Starting Values: samples_per_symbol=100.0000 interp=16 loop_react=0.3000
[RC MM] mu=0.0840 omega=None
[RX] SYNCWORD BER: 0.0
[RC MM] Starting Values: samples_per_symbol=100.0000 interp=16 loop_react=0.3000
[RC MM] mu=0.0770 omega=None
[RX] DATA BER: 0.0

[RX] Received: Lorem ipsum dolor sit amet, ___?

[TX] Sending - Lorem ipsum dolor sit amet, ___?
[RC MM] Starting Values: samples_per_symbol=100.0000 interp=16 loop_react=0.3000
[RC MM] mu=0.0780 omega=None
[RC MM] Starting Values: samples_per_symbol=100.0000 interp=16 loop_react=0.3000
[RC MM] mu=0.7477 omega=None
[RC MM] Starting Values: samples_per_symbol=100.0000 interp=16 loop_react=0.3000
[RC MM] mu=0.5158 omega=None
[RC MM] Starting Values: samples_per_symbol=100.0000 interp=16 loop_react=0.3000
[RC MM] mu=0.2600 omega=None
[RX] SYNCWORD BER: 0.0
[RC MM] Starting Values: samples_per_symbol=100.0000 interp=16 loop_react=0.3000
[RC MM] mu=0.0355 omega=None
[RX] DATA BER: 0.0

[RX] Received: Lorem ipsum dolor sit amet, ___?

[TX] Sending - Lorem ipsum dolor sit amet, ___?
[RC MM] Starting Values: samples_per_symbol=100.0000 interp=16 loop_react=0.3000
[RC MM] mu=0.1652 omega=None
[RC MM] Starting Values: samples_per_symbol=100.0000 interp=16 loop_react=0.3000
[RC MM] mu=0.7908 omega=None
[RC MM] Starting Values: samples_per_symbol=100.0000 interp=16 loop_react=0.3000
[RC MM] mu=0.2886 omega=None
[RC MM] Starting Values: samples_per_symbol=100.0000 interp=16 loop_react=0.3000
[RC MM] mu=0.0013 omega=None
[RX] SYNCWORD BER: 0.0
[RX] DATA BER: 0.0

[RX] Received: Lorem ipsum dolor sit amet, ___?

[RC MM] Starting Values: samples_per_symbol=100.0000 interp=16 loop_react=0.3000
[RC MM] mu=0.9776 omega=None
[TX] Sending - Lorem ipsum dolor sit amet, ___?
[RC MM] Starting Values: samples_per_symbol=100.0000 interp=16 loop_react=0.3000
[RC MM] mu=0.3169 omega=None
[RC MM] Starting Values: samples_per_symbol=100.0000 interp=16 loop_react=0.3000
[RC MM] mu=0.8351 omega=None
[RC MM] Starting Values: samples_per_symbol=100.0000 interp=16 loop_react=0.3000
[RC MM] mu=0.4199 omega=None
[RX] SYNCWORD BER: 0.0
[RC MM] Starting Values: samples_per_symbol=100.0000 interp=16 loop_react=0.3000
[RC MM] mu=0.9074 omega=None
[RX] DATA BER: 0.0

[RX] Received: Lorem ipsum dolor sit amet, ___?

[TX] Sending - Lorem ipsum dolor sit amet, ___?
[RC MM] Starting Values: samples_per_symbol=100.0000 interp=16 loop_react=0.3000
[RC MM] mu=0.2221 omega=None
[RC MM] Starting Values: samples_per_symbol=100.0000 interp=16 loop_react=0.3000
[RC MM] mu=0.1242 omega=None
[RC MM] Starting Values: samples_per_symbol=100.0000 interp=16 loop_react=0.3000
[RC MM] mu=0.3268 omega=None
[RC MM] Starting Values: samples_per_symbol=100.0000 interp=16 loop_react=0.3000
[RC MM] mu=0.1392 omega=None
[RX] SYNCWORD BER: 0.0
[RC MM] Starting Values: samples_per_symbol=100.0000 interp=16 loop_react=0.3000
[RC MM] mu=0.5273 omega=None
[RX] DATA BER: 0.0

[RX] Received: Lorem ipsum dolor sit amet, ___?

[TX] Sending - Lorem ipsum dolor sit amet, ___?
[RC MM] Starting Values: samples_per_symbol=100.0000 interp=16 loop_react=0.3000
[RC MM] mu=0.0902 omega=None
[RC MM] Starting Values: samples_per_symbol=100.0000 interp=16 loop_react=0.3000
[RC MM] mu=0.5002 omega=None
[RC MM] Starting Values: samples_per_symbol=100.0000 interp=16 loop_react=0.3000
[RC MM] mu=0.6842 omega=None
[RC MM] Starting Values: samples_per_symbol=100.0000 interp=16 loop_react=0.3000
[RC MM] mu=0.9857 omega=None
[RX] SYNCWORD BER: 0.0
[RX] DATA BER: 0.0

[RX] Received: Lorem ipsum dolor sit amet, ___?

[RC MM] Starting Values: samples_per_symbol=100.0000 interp=16 loop_react=0.3000
[RC MM] mu=0.1786 omega=None
[TX] Sending - Lorem ipsum dolor sit amet, ___?
[RC MM] Starting Values: samples_per_symbol=100.0000 interp=16 loop_react=0.3000
[RC MM] mu=0.0613 omega=None
[RC MM] Starting Values: samples_per_symbol=100.0000 interp=16 loop_react=0.3000
[RC MM] mu=0.4999 omega=None
[RC MM] Starting Values: samples_per_symbol=100.0000 interp=16 loop_react=0.3000
[RC MM] mu=0.9408 omega=None
[RX] SYNCWORD BER: 0.0
[RC MM] Starting Values: samples_per_symbol=100.0000 interp=16 loop_react=0.3000
[RC MM] mu=0.9001 omega=None
[RX] DATA BER: 0.0

[RX] Received: Lorem ipsum dolor sit amet, ___?

[TX] Sending - Lorem ipsum dolor sit amet, ___?
[RC MM] Starting Values: samples_per_symbol=100.0000 interp=16 loop_react=0.3000
[RC MM] mu=0.6210 omega=None
[RC MM] Starting Values: samples_per_symbol=100.0000 interp=16 loop_react=0.3000
[RC MM] mu=0.8576 omega=None
[RC MM] Starting Values: samples_per_symbol=100.0000 interp=16 loop_react=0.3000
[RC MM] mu=0.4116 omega=None
[RC MM] Starting Values: samples_per_symbol=100.0000 interp=16 loop_react=0.3000
[RC MM] mu=0.1343 omega=None
[RX] SYNCWORD BER: 0.0
[RC MM] Starting Values: samples_per_symbol=100.0000 interp=16 loop_react=0.3000
[RC MM] mu=0.2144 omega=None
[RX] DATA BER: 0.0

[RX] Received: Lorem ipsum dolor sit amet, ___?

[TX] Sending - Lorem ipsum dolor sit amet, ___?
[RC MM] Starting Values: samples_per_symbol=100.0000 interp=16 loop_react=0.3000
[RC MM] mu=0.2283 omega=None
[RC MM] Starting Values: samples_per_symbol=100.0000 interp=16 loop_react=0.3000
[RC MM] mu=0.4090 omega=None
[RC MM] Starting Values: samples_per_symbol=100.0000 interp=16 loop_react=0.3000
[RC MM] mu=0.3221 omega=None
[RC MM] Starting Values: samples_per_symbol=100.0000 interp=16 loop_react=0.3000
[RC MM] mu=0.6502 omega=None
[RX] SYNCWORD BER: 0.53125
[RX] SYNCWORD BER: 0.5
[RX] SYNCWORD BER: 0.5625
[RX] SYNCWORD BER: 0.5
[RX] SYNCWORD BER: 0.46875
[RX] SYNCWORD BER: 0.65625
[RC MM] Starting Values: samples_per_symbol=100.0000 interp=16 loop_react=0.3000
[RC MM] mu=0.9850 omega=None
[TX] Sending - Lorem ipsum dolor sit amet, ___?
[RC MM] Starting Values: samples_per_symbol=100.0000 interp=16 loop_react=0.3000
[RC MM] mu=0.4256 omega=None
[RC MM] Starting Values: samples_per_symbol=100.0000 interp=16 loop_react=0.3000
[RC MM] mu=0.9179 omega=None
[RC MM] Starting Values: samples_per_symbol=100.0000 interp=16 loop_react=0.3000
[RC MM] mu=0.4561 omega=None
[RC MM] Starting Values: samples_per_symbol=100.0000 interp=16 loop_react=0.3000
[RC MM] mu=0.0240 omega=None
[RX] SYNCWORD BER: 0.03125
[RX] SYNCWORD BER: 0.59375
[RX] SYNCWORD BER: 0.40625
[RX] SYNCWORD BER: 0.5625
[RX] SYNCWORD BER: 0.5
[RX] SYNCWORD BER: 0.5
[RX] SYNCWORD BER: 0.625
[RC MM] Starting Values: samples_per_symbol=100.0000 interp=16 loop_react=0.3000
[RC MM] mu=0.5648 omega=None
[TX] Sending - Lorem ipsum dolor sit amet, ___?
[RC MM] Starting Values: samples_per_symbol=100.0000 interp=16 loop_react=0.3000
[RC MM] mu=0.3465 omega=None
[RC MM] Starting Values: samples_per_symbol=100.0000 interp=16 loop_react=0.3000
[RC MM] mu=0.3202 omega=None
[RC MM] Starting Values: samples_per_symbol=100.0000 interp=16 loop_react=0.3000
[RC MM] mu=0.1125 omega=None
[RX] SYNCWORD BER: 0.0
[RC MM] Starting Values: samples_per_symbol=100.0000 interp=16 loop_react=0.3000
[RC MM] mu=0.3854 omega=None
[RX] DATA BER: 0.0

[RX] Received: Lorem ipsum dolor sit amet, ___?

[TX] Sending - Lorem ipsum dolor sit amet, ___?
[RC MM] Starting Values: samples_per_symbol=100.0000 interp=16 loop_react=0.3000
[RC MM] mu=0.5937 omega=None
[RC MM] Starting Values: samples_per_symbol=100.0000 interp=16 loop_react=0.3000
[RC MM] mu=0.1264 omega=None
[RC MM] Starting Values: samples_per_symbol=100.0000 interp=16 loop_react=0.3000
[RC MM] mu=0.2517 omega=None
[RC MM] Starting Values: samples_per_symbol=100.0000 interp=16 loop_react=0.3000
[RC MM] mu=0.6039 omega=None
[RX] SYNCWORD BER: 0.0
[RC MM] Starting Values: samples_per_symbol=100.0000 interp=16 loop_react=0.3000
[RC MM] mu=0.4206 omega=None
[RX] DATA BER: 0.0

[RX] Received: Lorem ipsum dolor sit amet, ___?

[TX] Sending - Lorem ipsum dolor sit amet, ___?
[RC MM] Starting Values: samples_per_symbol=100.0000 interp=16 loop_react=0.3000
[RC MM] mu=0.7666 omega=None
[RC MM] Starting Values: samples_per_symbol=100.0000 interp=16 loop_react=0.3000
[RC MM] mu=0.5130 omega=None
[RC MM] Starting Values: samples_per_symbol=100.0000 interp=16 loop_react=0.3000
[RC MM] mu=0.1915 omega=None
[RC MM] Starting Values: samples_per_symbol=100.0000 interp=16 loop_react=0.3000
[RC MM] mu=0.5174 omega=None
[RX] SYNCWORD BER: 0.28125
[RX] SYNCWORD BER: 0.53125
[RC MM] Starting Values: samples_per_symbol=100.0000 interp=16 loop_react=0.3000
[RC MM] mu=0.0706 omega=None
[TX] Sending - Lorem ipsum dolor sit amet, ___?
[RC MM] Starting Values: samples_per_symbol=100.0000 interp=16 loop_react=0.3000
[RC MM] mu=0.1422 omega=None
[RC MM] Starting Values: samples_per_symbol=100.0000 interp=16 loop_react=0.3000
[RC MM] mu=0.1877 omega=None
[RC MM] Starting Values: samples_per_symbol=100.0000 interp=16 loop_react=0.3000
[RC MM] mu=0.6185 omega=None
[RX] SYNCWORD BER: 0.0
[RC MM] Starting Values: samples_per_symbol=100.0000 interp=16 loop_react=0.3000
[RC MM] mu=0.7598 omega=None
[RX] DATA BER: 0.0

[RX] Received: Lorem ipsum dolor sit amet, ___?

[TX] Sending - Lorem ipsum dolor sit amet, ___?
[RC MM] Starting Values: samples_per_symbol=100.0000 interp=16 loop_react=0.3000
[RC MM] mu=0.0318 omega=None
[RC MM] Starting Values: samples_per_symbol=100.0000 interp=16 loop_react=0.3000
[RC MM] mu=0.3345 omega=None
[RC MM] Starting Values: samples_per_symbol=100.0000 interp=16 loop_react=0.3000
[RC MM] mu=0.8574 omega=None
[RC MM] Starting Values: samples_per_symbol=100.0000 interp=16 loop_react=0.3000
[RC MM] mu=0.1903 omega=None
[RX] SYNCWORD BER: 0.0
[RC MM] Starting Values: samples_per_symbol=100.0000 interp=16 loop_react=0.3000
[RC MM] mu=0.5810 omega=None
[RX] DATA BER: 0.0

[RX] Received: Lorem ipsum dolor sit amet, ___?

[TX] Sending - Lorem ipsum dolor sit amet, ___?
[RC MM] Starting Values: samples_per_symbol=100.0000 interp=16 loop_react=0.3000
[RC MM] mu=0.5080 omega=None
[RC MM] Starting Values: samples_per_symbol=100.0000 interp=16 loop_react=0.3000
[RC MM] mu=0.0803 omega=None
[RC MM] Starting Values: samples_per_symbol=100.0000 interp=16 loop_react=0.3000
[RC MM] mu=0.0377 omega=None
[RC MM] Starting Values: samples_per_symbol=100.0000 interp=16 loop_react=0.3000
[RC MM] mu=0.0564 omega=None
[RX] SYNCWORD BER: 0.0
[RC MM] Starting Values: samples_per_symbol=100.0000 interp=16 loop_react=0.3000
[RC MM] mu=0.9077 omega=None
[RX] DATA BER: 0.0

[RX] Received: Lorem ipsum dolor sit amet, ___?

[TX] Sending - Lorem ipsum dolor sit amet, ___?
[RC MM] Starting Values: samples_per_symbol=100.0000 interp=16 loop_react=0.3000
[RC MM] mu=0.5067 omega=None
[RC MM] Starting Values: samples_per_symbol=100.0000 interp=16 loop_react=0.3000
[RC MM] mu=0.9191 omega=None
[RC MM] Starting Values: samples_per_symbol=100.0000 interp=16 loop_react=0.3000
[RC MM] mu=0.6090 omega=None
[RX] SYNCWORD BER: 0.0
[RC MM] Starting Values: samples_per_symbol=100.0000 interp=16 loop_react=0.3000
[RC MM] mu=0.8380 omega=None
[RX] DATA BER: 0.0

[RX] Received: Lorem ipsum dolor sit amet, ___?

[RC MM] Starting Values: samples_per_symbol=100.0000 interp=16 loop_react=0.3000
[RC MM] mu=0.6672 omega=None
[TX] Sending - Lorem ipsum dolor sit amet, ___?
[RC MM] Starting Values: samples_per_symbol=100.0000 interp=16 loop_react=0.3000
[RC MM] mu=0.3833 omega=None
[RC MM] Starting Values: samples_per_symbol=100.0000 interp=16 loop_react=0.3000
[RC MM] mu=0.4312 omega=None
[RC MM] Starting Values: samples_per_symbol=100.0000 interp=16 loop_react=0.3000
[RC MM] mu=0.1142 omega=None
[RX] SYNCWORD BER: 0.0
[RC MM] Starting Values: samples_per_symbol=100.0000 interp=16 loop_react=0.3000
[RC MM] mu=0.5578 omega=None
[RX] DATA BER: 0.0

[RX] Received: Lorem ipsum dolor sit amet, ___?

[TX] Sending - Lorem ipsum dolor sit amet, ___?
[RC MM] Starting Values: samples_per_symbol=100.0000 interp=16 loop_react=0.3000
[RC MM] mu=0.1612 omega=None
[RC MM] Starting Values: samples_per_symbol=100.0000 interp=16 loop_react=0.3000
[RC MM] mu=0.0439 omega=None
[RC MM] Starting Values: samples_per_symbol=100.0000 interp=16 loop_react=0.3000
[RC MM] mu=0.3990 omega=None
[RC MM] Starting Values: samples_per_symbol=100.0000 interp=16 loop_react=0.3000
[RC MM] mu=0.4214 omega=None
[RX] SYNCWORD BER: 0.53125
[RX] SYNCWORD BER: 0.5
[RX] SYNCWORD BER: 0.5625
[RX] SYNCWORD BER: 0.5
[RX] SYNCWORD BER: 0.46875
[RX] SYNCWORD BER: 0.65625
[RX] SYNCWORD BER: 0.40625
[RC MM] Starting Values: samples_per_symbol=100.0000 interp=16 loop_react=0.3000
[RC MM] mu=0.0647 omega=None
[TX] Sending - Lorem ipsum dolor sit amet, ___?
[RC MM] Starting Values: samples_per_symbol=100.0000 interp=16 loop_react=0.3000
[RC MM] mu=0.9921 omega=None
[RC MM] Starting Values: samples_per_symbol=100.0000 interp=16 loop_react=0.3000
[RC MM] mu=0.3708 omega=None
[RC MM] Starting Values: samples_per_symbol=100.0000 interp=16 loop_react=0.3000
[RC MM] mu=0.2265 omega=None
[RC MM] Starting Values: samples_per_symbol=100.0000 interp=16 loop_react=0.3000
[RC MM] mu=0.8970 omega=None
[RX] SYNCWORD BER: 0.28125
[RC MM] Starting Values: samples_per_symbol=100.0000 interp=16 loop_react=0.3000
[RC MM] mu=0.6767 omega=None
[TX] Sending - Lorem ipsum dolor sit amet, ___?
[RC MM] Starting Values: samples_per_symbol=100.0000 interp=16 loop_react=0.3000
[RC MM] mu=0.1876 omega=None
[RC MM] Starting Values: samples_per_symbol=100.0000 interp=16 loop_react=0.3000
[RC MM] mu=0.5108 omega=None
[RC MM] Starting Values: samples_per_symbol=100.0000 interp=16 loop_react=0.3000
[RC MM] mu=0.4819 omega=None
[RX] SYNCWORD BER: 0.0
[RC MM] Starting Values: samples_per_symbol=100.0000 interp=16 loop_react=0.3000
[RC MM] mu=0.6487 omega=None
[RX] DATA BER: 0.0

[RX] Received: Lorem ipsum dolor sit amet, ___?

[TX] Sending - Lorem ipsum dolor sit amet, ___?
[RC MM] Starting Values: samples_per_symbol=100.0000 interp=16 loop_react=0.3000
[RC MM] mu=0.8400 omega=None
[RC MM] Starting Values: samples_per_symbol=100.0000 interp=16 loop_react=0.3000
[RC MM] mu=0.7029 omega=None
[RC MM] Starting Values: samples_per_symbol=100.0000 interp=16 loop_react=0.3000
[RC MM] mu=0.8421 omega=None
[RC MM] Starting Values: samples_per_symbol=100.0000 interp=16 loop_react=0.3000
[RC MM] mu=0.7962 omega=None
[RX] SYNCWORD BER: 0.53125
[RX] SYNCWORD BER: 0.5
[RX] SYNCWORD BER: 0.5625
[RX] SYNCWORD BER: 0.5
[RX] SYNCWORD BER: 0.46875
[RX] SYNCWORD BER: 0.65625
[RC MM] Starting Values: samples_per_symbol=100.0000 interp=16 loop_react=0.3000
[RC MM] mu=0.5741 omega=None
[TX] Sending - Lorem ipsum dolor sit amet, ___?
[RC MM] Starting Values: samples_per_symbol=100.0000 interp=16 loop_react=0.3000
[RC MM] mu=0.8764 omega=None
[RC MM] Starting Values: samples_per_symbol=100.0000 interp=16 loop_react=0.3000
[RC MM] mu=0.7497 omega=None
[RC MM] Starting Values: samples_per_symbol=100.0000 interp=16 loop_react=0.3000
[RC MM] mu=0.1912 omega=None
[RC MM] Starting Values: samples_per_symbol=100.0000 interp=16 loop_react=0.3000
[RC MM] mu=0.8106 omega=None
[RX] SYNCWORD BER: 0.0
[RX] DATA BER: 0.0

[RX] Received: Lorem ipsum dolor sit amet, ___?

[RC MM] Starting Values: samples_per_symbol=100.0000 interp=16 loop_react=0.3000
[RC MM] mu=0.0391 omega=None
[TX] Sending - Lorem ipsum dolor sit amet, ___?
[RC MM] Starting Values: samples_per_symbol=100.0000 interp=16 loop_react=0.3000
[RC MM] mu=0.7092 omega=None
[RC MM] Starting Values: samples_per_symbol=100.0000 interp=16 loop_react=0.3000
[RC MM] mu=0.8651 omega=None
[RC MM] Starting Values: samples_per_symbol=100.0000 interp=16 loop_react=0.3000
[RC MM] mu=0.3532 omega=None
[RX] SYNCWORD BER: 0.0
[RC MM] Starting Values: samples_per_symbol=100.0000 interp=16 loop_react=0.3000
[RC MM] mu=0.3523 omega=None
[RX] DATA BER: 0.0

[RX] Received: Lorem ipsum dolor sit amet, ___?

[TX] Sending - Lorem ipsum dolor sit amet, ___?
[RC MM] Starting Values: samples_per_symbol=100.0000 interp=16 loop_react=0.3000
[RC MM] mu=0.7868 omega=None
[RC MM] Starting Values: samples_per_symbol=100.0000 interp=16 loop_react=0.3000
[RC MM] mu=0.8540 omega=None
[RC MM] Starting Values: samples_per_symbol=100.0000 interp=16 loop_react=0.3000
[RC MM] mu=0.6139 omega=None
[RC MM] Starting Values: samples_per_symbol=100.0000 interp=16 loop_react=0.3000
[RC MM] mu=0.0138 omega=None
[RX] SYNCWORD BER: 0.0
[RC MM] Starting Values: samples_per_symbol=100.0000 interp=16 loop_react=0.3000
[RC MM] mu=0.6083 omega=None
[RX] DATA BER: 0.0

[RX] Received: Lorem ipsum dolor sit amet, ___?

[TX] Sending - Lorem ipsum dolor sit amet, ___?
[RC MM] Starting Values: samples_per_symbol=100.0000 interp=16 loop_react=0.3000
[RC MM] mu=0.7443 omega=None
[RC MM] Starting Values: samples_per_symbol=100.0000 interp=16 loop_react=0.3000
[RC MM] mu=0.2055 omega=None
[RC MM] Starting Values: samples_per_symbol=100.0000 interp=16 loop_react=0.3000
[RC MM] mu=0.0450 omega=None
[RC MM] Starting Values: samples_per_symbol=100.0000 interp=16 loop_react=0.3000
[RC MM] mu=0.3235 omega=None
[RX] SYNCWORD BER: 0.0
[RC MM] Starting Values: samples_per_symbol=100.0000 interp=16 loop_react=0.3000
[RC MM] mu=0.8862 omega=None
[RX] DATA BER: 0.0

[RX] Received: Lorem ipsum dolor sit amet, ___?

[TX] Sending - Lorem ipsum dolor sit amet, ___?
[RC MM] Starting Values: samples_per_symbol=100.0000 interp=16 loop_react=0.3000
[RC MM] mu=0.8732 omega=None
[RC MM] Starting Values: samples_per_symbol=100.0000 interp=16 loop_react=0.3000
[RC MM] mu=0.2236 omega=None
[RC MM] Starting Values: samples_per_symbol=100.0000 interp=16 loop_react=0.3000
[RC MM] mu=0.0360 omega=None
[RC MM] Starting Values: samples_per_symbol=100.0000 interp=16 loop_react=0.3000
[RC MM] mu=0.4573 omega=None
[RX] SYNCWORD BER: 0.03125
[RX] SYNCWORD BER: 0.5625
[RX] SYNCWORD BER: 0.5625
[RX] SYNCWORD BER: 0.5
[RX] SYNCWORD BER: 0.5
[RX] SYNCWORD BER: 0.625
[RC MM] Starting Values: samples_per_symbol=100.0000 interp=16 loop_react=0.3000
[RC MM] mu=0.1258 omega=None
[TX] Sending - Lorem ipsum dolor sit amet, ___?
[RC MM] Starting Values: samples_per_symbol=100.0000 interp=16 loop_react=0.3000
[RC MM] mu=0.0825 omega=None
[RC MM] Starting Values: samples_per_symbol=100.0000 interp=16 loop_react=0.3000
[RC MM] mu=0.4918 omega=None
[RC MM] Starting Values: samples_per_symbol=100.0000 interp=16 loop_react=0.3000
[RC MM] mu=0.6149 omega=None
[RX] SYNCWORD BER: 0.0
[RC MM] Starting Values: samples_per_symbol=100.0000 interp=16 loop_react=0.3000
[RC MM] mu=0.1590 omega=None
[RX] DATA BER: 0.0

[RX] Received: Lorem ipsum dolor sit amet, ___?

[TX] Sending - Lorem ipsum dolor sit amet, ___?
[RC MM] Starting Values: samples_per_symbol=100.0000 interp=16 loop_react=0.3000
[RC MM] mu=0.7367 omega=None
[RC MM] Starting Values: samples_per_symbol=100.0000 interp=16 loop_react=0.3000
[RC MM] mu=0.4720 omega=None
[RC MM] Starting Values: samples_per_symbol=100.0000 interp=16 loop_react=0.3000
[RC MM] mu=0.7175 omega=None
[RC MM] Starting Values: samples_per_symbol=100.0000 interp=16 loop_react=0.3000
[RC MM] mu=0.2024 omega=None
[RX] SYNCWORD BER: 0.0
[RC MM] Starting Values: samples_per_symbol=100.0000 interp=16 loop_react=0.3000
[RC MM] mu=0.2027 omega=None
[RX] DATA BER: 0.0

[RX] Received: Lorem ipsum dolor sit amet, ___?

[TX] Sending - Lorem ipsum dolor sit amet, ___?
[RC MM] Starting Values: samples_per_symbol=100.0000 interp=16 loop_react=0.3000
[RC MM] mu=0.8190 omega=None
[RC MM] Starting Values: samples_per_symbol=100.0000 interp=16 loop_react=0.3000
[RC MM] mu=0.1963 omega=None
[RC MM] Starting Values: samples_per_symbol=100.0000 interp=16 loop_react=0.3000
[RC MM] mu=0.9869 omega=None
[RC MM] Starting Values: samples_per_symbol=100.0000 interp=16 loop_react=0.3000
[RC MM] mu=0.0575 omega=None
[RX] SYNCWORD BER: 0.0
[RX] DATA BER: 0.0

[RX] Received: Lorem ipsum dolor sit amet, ___?

[RC MM] Starting Values: samples_per_symbol=100.0000 interp=16 loop_react=0.3000
[RC MM] mu=0.9307 omega=None
[TX] Sending - Lorem ipsum dolor sit amet, ___?
[RC MM] Starting Values: samples_per_symbol=100.0000 interp=16 loop_react=0.3000
[RC MM] mu=0.0972 omega=None
[RC MM] Starting Values: samples_per_symbol=100.0000 interp=16 loop_react=0.3000
[RC MM] mu=0.1366 omega=None
[RC MM] Starting Values: samples_per_symbol=100.0000 interp=16 loop_react=0.3000
[RC MM] mu=0.7282 omega=None
[RX] SYNCWORD BER: 0.28125
[RC MM] Starting Values: samples_per_symbol=100.0000 interp=16 loop_react=0.3000
[RC MM] mu=0.1874 omega=None
[TX] Sending - Lorem ipsum dolor sit amet, ___?
[RC MM] Starting Values: samples_per_symbol=100.0000 interp=16 loop_react=0.3000
[RC MM] mu=0.8411 omega=None
[RC MM] Starting Values: samples_per_symbol=100.0000 interp=16 loop_react=0.3000
[RC MM] mu=0.0437 omega=None
[RC MM] Starting Values: samples_per_symbol=100.0000 interp=16 loop_react=0.3000
[RC MM] mu=0.1050 omega=None
[RC MM] Starting Values: samples_per_symbol=100.0000 interp=16 loop_react=0.3000
[RC MM] mu=0.0605 omega=None
[RX] SYNCWORD BER: 0.0
[RC MM] Starting Values: samples_per_symbol=100.0000 interp=16 loop_react=0.3000
[RC MM] mu=0.6052 omega=None
[RX] DATA BER: 0.0

[RX] Received: Lorem ipsum dolor sit amet, ___?

[TX] Sending - Lorem ipsum dolor sit amet, ___?
[RC MM] Starting Values: samples_per_symbol=100.0000 interp=16 loop_react=0.3000
[RC MM] mu=0.4751 omega=None
[RC MM] Starting Values: samples_per_symbol=100.0000 interp=16 loop_react=0.3000
[RC MM] mu=0.2803 omega=None
[RC MM] Starting Values: samples_per_symbol=100.0000 interp=16 loop_react=0.3000
[RC MM] mu=0.0184 omega=None
[RC MM] Starting Values: samples_per_symbol=100.0000 interp=16 loop_react=0.3000
[RC MM] mu=0.4484 omega=None
[RX] SYNCWORD BER: 0.0
[RC MM] Starting Values: samples_per_symbol=100.0000 interp=16 loop_react=0.3000
[RC MM] mu=0.3633 omega=None
[RX] DATA BER: 0.0

[RX] Received: Lorem ipsum dolor sit amet, ___?

[TX] Sending - Lorem ipsum dolor sit amet, ___?
[RC MM] Starting Values: samples_per_symbol=100.0000 interp=16 loop_react=0.3000
[RC MM] mu=0.5715 omega=None
[RC MM] Starting Values: samples_per_symbol=100.0000 interp=16 loop_react=0.3000
[RC MM] mu=0.6534 omega=None
[RC MM] Starting Values: samples_per_symbol=100.0000 interp=16 loop_react=0.3000
[RC MM] mu=0.4131 omega=None
[RX] SYNCWORD BER: 0.0
[RC MM] Starting Values: samples_per_symbol=100.0000 interp=16 loop_react=0.3000
[RC MM] mu=0.7439 omega=None
[RX] DATA BER: 0.0

[RX] Received: Lorem ipsum dolor sit amet, ___?

[RC MM] Starting Values: samples_per_symbol=100.0000 interp=16 loop_react=0.3000
[RC MM] mu=0.5426 omega=None
[TX] Sending - Lorem ipsum dolor sit amet, ___?
[RC MM] Starting Values: samples_per_symbol=100.0000 interp=16 loop_react=0.3000
[RC MM] mu=0.8308 omega=None
[RC MM] Starting Values: samples_per_symbol=100.0000 interp=16 loop_react=0.3000
[RC MM] mu=0.3172 omega=None
[RC MM] Starting Values: samples_per_symbol=100.0000 interp=16 loop_react=0.3000
[RC MM] mu=0.3940 omega=None
[RX] SYNCWORD BER: 0.0
[RC MM] Starting Values: samples_per_symbol=100.0000 interp=16 loop_react=0.3000
[RC MM] mu=0.7227 omega=None
[RX] DATA BER: 0.0

[RX] Received: Lorem ipsum dolor sit amet, ___?

[TX] Sending - Lorem ipsum dolor sit amet, ___?
[RC MM] Starting Values: samples_per_symbol=100.0000 interp=16 loop_react=0.3000
[RC MM] mu=0.5688 omega=None
[RC MM] Starting Values: samples_per_symbol=100.0000 interp=16 loop_react=0.3000
[RC MM] mu=0.1989 omega=None
[RC MM] Starting Values: samples_per_symbol=100.0000 interp=16 loop_react=0.3000
[RC MM] mu=0.6506 omega=None
[RC MM] Starting Values: samples_per_symbol=100.0000 interp=16 loop_react=0.3000
[RC MM] mu=0.0366 omega=None
[RX] SYNCWORD BER: 0.0
[RC MM] Starting Values: samples_per_symbol=100.0000 interp=16 loop_react=0.3000
[RC MM] mu=0.5538 omega=None
[RX] DATA BER: 0.0

[RX] Received: Lorem ipsum dolor sit amet, ___?

[TX] Sending - Lorem ipsum dolor sit amet, ___?
[RC MM] Starting Values: samples_per_symbol=100.0000 interp=16 loop_react=0.3000
[RC MM] mu=0.5493 omega=None
[RC MM] Starting Values: samples_per_symbol=100.0000 interp=16 loop_react=0.3000
[RC MM] mu=0.3059 omega=None
[RC MM] Starting Values: samples_per_symbol=100.0000 interp=16 loop_react=0.3000
[RC MM] mu=0.2975 omega=None
[RC MM] Starting Values: samples_per_symbol=100.0000 interp=16 loop_react=0.3000
[RC MM] mu=0.4381 omega=None
[RX] SYNCWORD BER: 0.0
[RX] DATA BER: 0.0

[RX] Received: Lorem ipsum dolor sit amet, ___?

[RC MM] Starting Values: samples_per_symbol=100.0000 interp=16 loop_react=0.3000
[RC MM] mu=0.2927 omega=None
[TX] Sending - Lorem ipsum dolor sit amet, ___?
[RC MM] Starting Values: samples_per_symbol=100.0000 interp=16 loop_react=0.3000
[RC MM] mu=0.4571 omega=None
[RC MM] Starting Values: samples_per_symbol=100.0000 interp=16 loop_react=0.3000
[RC MM] mu=0.8155 omega=None
[RC MM] Starting Values: samples_per_symbol=100.0000 interp=16 loop_react=0.3000
[RC MM] mu=0.3610 omega=None
[RX] SYNCWORD BER: 0.0
[RC MM] Starting Values: samples_per_symbol=100.0000 interp=16 loop_react=0.3000
[RC MM] mu=0.4426 omega=None
[RX] DATA BER: 0.0

[RX] Received: Lorem ipsum dolor sit amet, ___?

[TX] Sending - Lorem ipsum dolor sit amet, ___?
[RC MM] Starting Values: samples_per_symbol=100.0000 interp=16 loop_react=0.3000
[RC MM] mu=0.2923 omega=None
[RC MM] Starting Values: samples_per_symbol=100.0000 interp=16 loop_react=0.3000
[RC MM] mu=0.9523 omega=None
[RC MM] Starting Values: samples_per_symbol=100.0000 interp=16 loop_react=0.3000
[RC MM] mu=0.1028 omega=None
[RC MM] Starting Values: samples_per_symbol=100.0000 interp=16 loop_react=0.3000
[RC MM] mu=0.8252 omega=None
[RX] SYNCWORD BER: 0.46875
[RX] SYNCWORD BER: 0.4375
[RX] SYNCWORD BER: 0.625
[RX] SYNCWORD BER: 0.5
[RX] SYNCWORD BER: 0.46875
[RX] SYNCWORD BER: 0.625
[RC MM] Starting Values: samples_per_symbol=100.0000 interp=16 loop_react=0.3000
[RC MM] mu=0.2090 omega=None
[TX] Sending - Lorem ipsum dolor sit amet, ___?
[RC MM] Starting Values: samples_per_symbol=100.0000 interp=16 loop_react=0.3000
[RC MM] mu=0.7803 omega=None
[RC MM] Starting Values: samples_per_symbol=100.0000 interp=16 loop_react=0.3000
[RC MM] mu=0.6863 omega=None
[RC MM] Starting Values: samples_per_symbol=100.0000 interp=16 loop_react=0.3000
[RC MM] mu=0.0948 omega=None
[RC MM] Starting Values: samples_per_symbol=100.0000 interp=16 loop_react=0.3000
[RC MM] mu=0.7937 omega=None
[RX] SYNCWORD BER: 0.0
[RX] DATA BER: 0.0

[RX] Received: Lorem ipsum dolor sit amet, ___?

[RC MM] Starting Values: samples_per_symbol=100.0000 interp=16 loop_react=0.3000
[RC MM] mu=0.5587 omega=None
[TX] Sending - Lorem ipsum dolor sit amet, ___?
[RC MM] Starting Values: samples_per_symbol=100.0000 interp=16 loop_react=0.3000
[RC MM] mu=0.0175 omega=None
[RC MM] Starting Values: samples_per_symbol=100.0000 interp=16 loop_react=0.3000
[RC MM] mu=0.5081 omega=None
[RC MM] Starting Values: samples_per_symbol=100.0000 interp=16 loop_react=0.3000
[RC MM] mu=0.5103 omega=None
[RX] SYNCWORD BER: 0.0
[RC MM] Starting Values: samples_per_symbol=100.0000 interp=16 loop_react=0.3000
[RC MM] mu=0.6414 omega=None
[RX] DATA BER: 0.0

[RX] Received: Lorem ipsum dolor sit amet, ___?

[TX] Sending - Lorem ipsum dolor sit amet, ___?
[RC MM] Starting Values: samples_per_symbol=100.0000 interp=16 loop_react=0.3000
[RC MM] mu=0.8354 omega=None
[RC MM] Starting Values: samples_per_symbol=100.0000 interp=16 loop_react=0.3000
[RC MM] mu=0.5221 omega=None
[RC MM] Starting Values: samples_per_symbol=100.0000 interp=16 loop_react=0.3000
[RC MM] mu=0.0205 omega=None
[RC MM] Starting Values: samples_per_symbol=100.0000 interp=16 loop_react=0.3000
[RC MM] mu=0.8359 omega=None
[RX] SYNCWORD BER: 0.0
[RC MM] Starting Values: samples_per_symbol=100.0000 interp=16 loop_react=0.3000
[RC MM] mu=0.9688 omega=None
[RX] DATA BER: 0.0

[RX] Received: Lorem ipsum dolor sit amet, ___?

[TX] Sending - Lorem ipsum dolor sit amet, ___?
[RC MM] Starting Values: samples_per_symbol=100.0000 interp=16 loop_react=0.3000
[RC MM] mu=0.9339 omega=None
[RC MM] Starting Values: samples_per_symbol=100.0000 interp=16 loop_react=0.3000
[RC MM] mu=0.2384 omega=None
[RC MM] Starting Values: samples_per_symbol=100.0000 interp=16 loop_react=0.3000
[RC MM] mu=0.9179 omega=None
[RC MM] Starting Values: samples_per_symbol=100.0000 interp=16 loop_react=0.3000
[RC MM] mu=0.6971 omega=None
[RX] SYNCWORD BER: 0.0
[RC MM] Starting Values: samples_per_symbol=100.0000 interp=16 loop_react=0.3000
[RC MM] mu=0.3476 omega=None
[RX] DATA BER: 0.0

[RX] Received: Lorem ipsum dolor sit amet, ___?

[TX] Sending - Lorem ipsum dolor sit amet, ___?
[RC MM] Starting Values: samples_per_symbol=100.0000 interp=16 loop_react=0.3000
[RC MM] mu=0.0793 omega=None
[RC MM] Starting Values: samples_per_symbol=100.0000 interp=16 loop_react=0.3000
[RC MM] mu=0.9267 omega=None
[RC MM] Starting Values: samples_per_symbol=100.0000 interp=16 loop_react=0.3000
[RC MM] mu=0.3161 omega=None
[RC MM] Starting Values: samples_per_symbol=100.0000 interp=16 loop_react=0.3000
[RC MM] mu=0.0410 omega=None
[RX] SYNCWORD BER: 0.59375
[RX] SYNCWORD BER: 0.0
[RX] DATA BER: 0.0

[RX] Received: Lorem ipsum dolor sit amet, ___?

[RC MM] Starting Values: samples_per_symbol=100.0000 interp=16 loop_react=0.3000
[RC MM] mu=0.9216 omega=None
[TX] Sending - Lorem ipsum dolor sit amet, ___?
[RC MM] Starting Values: samples_per_symbol=100.0000 interp=16 loop_react=0.3000
[RC MM] mu=0.8356 omega=None
[RC MM] Starting Values: samples_per_symbol=100.0000 interp=16 loop_react=0.3000
[RC MM] mu=0.8555 omega=None
[RC MM] Starting Values: samples_per_symbol=100.0000 interp=16 loop_react=0.3000
[RC MM] mu=0.5122 omega=None
[RX] SYNCWORD BER: 0.0
[RC MM] Starting Values: samples_per_symbol=100.0000 interp=16 loop_react=0.3000
[RC MM] mu=0.2850 omega=None
[RX] DATA BER: 0.0

[RX] Received: Lorem ipsum dolor sit amet, ___?

[TX] Sending - Lorem ipsum dolor sit amet, ___?
[RC MM] Starting Values: samples_per_symbol=100.0000 interp=16 loop_react=0.3000
[RC MM] mu=0.4766 omega=None
[RC MM] Starting Values: samples_per_symbol=100.0000 interp=16 loop_react=0.3000
[RC MM] mu=0.8772 omega=None
[RC MM] Starting Values: samples_per_symbol=100.0000 interp=16 loop_react=0.3000
[RC MM] mu=0.7017 omega=None
[RC MM] Starting Values: samples_per_symbol=100.0000 interp=16 loop_react=0.3000
[RC MM] mu=0.5545 omega=None
[RX] SYNCWORD BER: 0.0
[RC MM] Starting Values: samples_per_symbol=100.0000 interp=16 loop_react=0.3000
[RC MM] mu=0.0085 omega=None
[RX] DATA BER: 0.0

[RX] Received: Lorem ipsum dolor sit amet, ___?

[TX] Sending - Lorem ipsum dolor sit amet, ___?
[RC MM] Starting Values: samples_per_symbol=100.0000 interp=16 loop_react=0.3000
[RC MM] mu=0.8167 omega=None
[RC MM] Starting Values: samples_per_symbol=100.0000 interp=16 loop_react=0.3000
[RC MM] mu=0.1377 omega=None
[RC MM] Starting Values: samples_per_symbol=100.0000 interp=16 loop_react=0.3000
[RC MM] mu=0.4729 omega=None
[RC MM] Starting Values: samples_per_symbol=100.0000 interp=16 loop_react=0.3000
[RC MM] mu=0.5234 omega=None
[RX] SYNCWORD BER: 0.0
[RX] DATA BER: 0.0

[RX] Received: Lorem ipsum dolor sit amet, ___?

[RC MM] Starting Values: samples_per_symbol=100.0000 interp=16 loop_react=0.3000
[RC MM] mu=0.0986 omega=None
[TX] Sending - Lorem ipsum dolor sit amet, ___?
[RC MM] Starting Values: samples_per_symbol=100.0000 interp=16 loop_react=0.3000
[RC MM] mu=0.6613 omega=None
[RC MM] Starting Values: samples_per_symbol=100.0000 interp=16 loop_react=0.3000
[RC MM] mu=0.1313 omega=None
[RC MM] Starting Values: samples_per_symbol=100.0000 interp=16 loop_react=0.3000
[RC MM] mu=0.8203 omega=None
[RX] SYNCWORD BER: 0.0
[RC MM] Starting Values: samples_per_symbol=100.0000 interp=16 loop_react=0.3000
[RC MM] mu=0.3693 omega=None
[RX] DATA BER: 0.0

[RX] Received: Lorem ipsum dolor sit amet, ___?

[TX] Sending - Lorem ipsum dolor sit amet, ___?
[RC MM] Starting Values: samples_per_symbol=100.0000 interp=16 loop_react=0.3000
[RC MM] mu=0.2772 omega=None
[RC MM] Starting Values: samples_per_symbol=100.0000 interp=16 loop_react=0.3000
[RC MM] mu=0.1172 omega=None
[RC MM] Starting Values: samples_per_symbol=100.0000 interp=16 loop_react=0.3000
[RC MM] mu=0.9322 omega=None
[RC MM] Starting Values: samples_per_symbol=100.0000 interp=16 loop_react=0.3000
[RC MM] mu=0.0089 omega=None
[RX] SYNCWORD BER: 0.53125
[RX] SYNCWORD BER: 0.5
[RX] SYNCWORD BER: 0.5625
[RX] SYNCWORD BER: 0.5
[RX] SYNCWORD BER: 0.46875
[RX] SYNCWORD BER: 0.65625
[RC MM] Starting Values: samples_per_symbol=100.0000 interp=16 loop_react=0.3000
[RC MM] mu=0.9488 omega=None
[TX] Sending - Lorem ipsum dolor sit amet, ___?
[RC MM] Starting Values: samples_per_symbol=100.0000 interp=16 loop_react=0.3000
[RC MM] mu=0.3011 omega=None
[RC MM] Starting Values: samples_per_symbol=100.0000 interp=16 loop_react=0.3000
[RC MM] mu=0.3043 omega=None
[RC MM] Starting Values: samples_per_symbol=100.0000 interp=16 loop_react=0.3000
[RC MM] mu=0.8528 omega=None
[RC MM] Starting Values: samples_per_symbol=100.0000 interp=16 loop_react=0.3000
[RC MM] mu=0.3590 omega=None
[RX] SYNCWORD BER: 0.0
[RC MM] Starting Values: samples_per_symbol=100.0000 interp=16 loop_react=0.3000
[RC MM] mu=0.8700 omega=None
[RX] DATA BER: 0.0

[RX] Received: Lorem ipsum dolor sit amet, ___?

[TX] Sending - Lorem ipsum dolor sit amet, ___?
[RC MM] Starting Values: samples_per_symbol=100.0000 interp=16 loop_react=0.3000
[RC MM] mu=0.4248 omega=None
[RC MM] Starting Values: samples_per_symbol=100.0000 interp=16 loop_react=0.3000
[RC MM] mu=0.5711 omega=None
[RC MM] Starting Values: samples_per_symbol=100.0000 interp=16 loop_react=0.3000
[RC MM] mu=0.1364 omega=None
[RX] SYNCWORD BER: 0.0
[RC MM] Starting Values: samples_per_symbol=100.0000 interp=16 loop_react=0.3000
[RC MM] mu=0.6524 omega=None
[RX] DATA BER: 0.0

[RX] Received: Lorem ipsum dolor sit amet, ___?

[RC MM] Starting Values: samples_per_symbol=100.0000 interp=16 loop_react=0.3000
[TX] Sending - Lorem ipsum dolor sit amet, ___?
[RC MM] mu=0.1786 omega=None
[RC MM] Starting Values: samples_per_symbol=100.0000 interp=16 loop_react=0.3000
[RC MM] mu=0.4725 omega=None
[RC MM] Starting Values: samples_per_symbol=100.0000 interp=16 loop_react=0.3000
[RC MM] mu=0.6377 omega=None
[RC MM] Starting Values: samples_per_symbol=100.0000 interp=16 loop_react=0.3000
[RC MM] mu=0.8829 omega=None
[RX] SYNCWORD BER: 0.0
[RC MM] Starting Values: samples_per_symbol=100.0000 interp=16 loop_react=0.3000
[RC MM] mu=0.7907 omega=None
[RX] DATA BER: 0.0

[RX] Received: Lorem ipsum dolor sit amet, ___?

[TX] Sending - Lorem ipsum dolor sit amet, ___?
[RC MM] Starting Values: samples_per_symbol=100.0000 interp=16 loop_react=0.3000
[RC MM] mu=0.1742 omega=None
[RC MM] Starting Values: samples_per_symbol=100.0000 interp=16 loop_react=0.3000
[RC MM] mu=0.5805 omega=None
[RC MM] Starting Values: samples_per_symbol=100.0000 interp=16 loop_react=0.3000
[RC MM] mu=0.3045 omega=None
[RC MM] Starting Values: samples_per_symbol=100.0000 interp=16 loop_react=0.3000
[RC MM] mu=0.4652 omega=None
[RX] SYNCWORD BER: 0.53125
[RX] SYNCWORD BER: 0.5
[RX] SYNCWORD BER: 0.5625
[RX] SYNCWORD BER: 0.5
[RX] SYNCWORD BER: 0.46875
[RX] SYNCWORD BER: 0.65625
[RX] SYNCWORD BER: 0.40625
[RC MM] Starting Values: samples_per_symbol=100.0000 interp=16 loop_react=0.3000
[RC MM] mu=0.4290 omega=None
[TX] Sending - Lorem ipsum dolor sit amet, ___?
[RC MM] Starting Values: samples_per_symbol=100.0000 interp=16 loop_react=0.3000
[RC MM] mu=0.7441 omega=None
[RC MM] Starting Values: samples_per_symbol=100.0000 interp=16 loop_react=0.3000
[RC MM] mu=0.1071 omega=None
[RC MM] Starting Values: samples_per_symbol=100.0000 interp=16 loop_react=0.3000
[RC MM] mu=0.7353 omega=None
[RC MM] Starting Values: samples_per_symbol=100.0000 interp=16 loop_react=0.3000
[RC MM] mu=0.7954 omega=None
[RX] SYNCWORD BER: 0.0
[RX] DATA BER: 0.0

[RX] Received: Lorem ipsum dolor sit amet, ___?

[RC MM] Starting Values: samples_per_symbol=100.0000 interp=16 loop_react=0.3000
[RC MM] mu=0.3353 omega=None
[TX] Sending - Lorem ipsum dolor sit amet, ___?
[RC MM] Starting Values: samples_per_symbol=100.0000 interp=16 loop_react=0.3000
[RC MM] mu=0.4414 omega=None
[RC MM] Starting Values: samples_per_symbol=100.0000 interp=16 loop_react=0.3000
[RC MM] mu=0.4984 omega=None
[RC MM] Starting Values: samples_per_symbol=100.0000 interp=16 loop_react=0.3000
[RC MM] mu=0.1156 omega=None
[RX] SYNCWORD BER: 0.0
[RC MM] Starting Values: samples_per_symbol=100.0000 interp=16 loop_react=0.3000
[RC MM] mu=0.1583 omega=None
[RX] DATA BER: 0.0

[RX] Received: Lorem ipsum dolor sit amet, ___?

[TX] Sending - Lorem ipsum dolor sit amet, ___?
[RC MM] Starting Values: samples_per_symbol=100.0000 interp=16 loop_react=0.3000
[RC MM] mu=0.5793 omega=None
[RC MM] Starting Values: samples_per_symbol=100.0000 interp=16 loop_react=0.3000
[RC MM] mu=0.2875 omega=None
[RC MM] Starting Values: samples_per_symbol=100.0000 interp=16 loop_react=0.3000
[RC MM] mu=0.5121 omega=None
[RC MM] Starting Values: samples_per_symbol=100.0000 interp=16 loop_react=0.3000
[RC MM] mu=0.6322 omega=None
[RX] SYNCWORD BER: 0.0
[RC MM] Starting Values: samples_per_symbol=100.0000 interp=16 loop_react=0.3000
[RC MM] mu=0.2105 omega=None
[RX] DATA BER: 0.0

[RX] Received: Lorem ipsum dolor sit amet, ___?

[TX] Sending - Lorem ipsum dolor sit amet, ___?
[RC MM] Starting Values: samples_per_symbol=100.0000 interp=16 loop_react=0.3000
[RC MM] mu=0.0081 omega=None
[RC MM] Starting Values: samples_per_symbol=100.0000 interp=16 loop_react=0.3000
[RC MM] mu=0.9350 omega=None

