[INFO] [UHD] linux; GNU C++ version 15.2.0; Boost_109000; UHD_4.9.0.1-1ubuntu1
[INFO] [B200] Detected Device: B205mini
[INFO] [B200] Operating over USB 3.
[INFO] [B200] Initialize CODEC control...
[INFO] [B200] Initialize Radio control...
[INFO] [B200] Performing register loopback test... 
[INFO] [B200] Register loopback test passed
[INFO] [B200] Setting master clock rate selection to 'automatic'.
[INFO] [B200] Asking for clock rate 16.000000 MHz... 
[INFO] [B200] Actually got clock rate 16.000000 MHz.
OURS: UserFreqs(center=912035600.0, f0=-2400.0, f1=2400.0)
THEIRS: UserFreqs(center=912064400.0, f0=-2400.0, f1=2400.0)
RX GAIN: 40
TX GAIN: 40
SAMPLE RATE: 240000.0 (fs/2 == 120000.0)
SYMBOL RATE: 2400
FREQ SEP: 4800
BANDWIDTH: 9600
CUTOFF: 5000.0
[INFO] [B200] Asking for clock rate 61.440000 MHz... 
[INFO] [B200] Actually got clock rate 61.440000 MHz.
[RX] Starting
RECEIVE FRAME EXP DATA: b'0100110001101111011100100110010101101101001000000110100101110000011100110111010101101101001000000110010001101111011011000110111101110010001000000111001101101001011101000010000001100001011011010110010101110100001011000010000001011111010111110101111100111111' (debug is True)
BUFFER THRESHOLD: 100000 (CONTROL: 100000)
EXP3F: Stateful Symbol Timing - Stateful M&M (interpolated w/ gain_mu override)
[MM] Starting Values: samples_per_symbol=100.0000 interp=16 gain_mu=0.3000 gain_omega=0.0225 omega_relative_limit=0.0050
[MM] mu=0.0000 omega=100.0000 (nominal=100.0000, clip=±0.50%) residual_len=0
You have 5 seconds to start the other user!
[MM] mu=0.6559 omega=100.0490 (nominal=100.0000, clip=±0.50%) residual_len=0
[MM] mu=0.9678 omega=100.0312 (nominal=100.0000, clip=±0.50%) residual_len=0
[MM] mu=0.5368 omega=100.0138 (nominal=100.0000, clip=±0.50%) residual_len=5
[MM] mu=0.5258 omega=99.9753 (nominal=100.0000, clip=±0.50%) residual_len=2
[MM] mu=0.7514 omega=99.8846 (nominal=100.0000, clip=±0.50%) residual_len=0
[MM] mu=0.1188 omega=99.8503 (nominal=100.0000, clip=±0.50%) residual_len=0
[MM] mu=0.2293 omega=99.7896 (nominal=100.0000, clip=±0.50%) residual_len=0
[MM] mu=0.8783 omega=99.9689 (nominal=100.0000, clip=±0.50%) residual_len=0
[MM] mu=0.7151 omega=99.7175 (nominal=100.0000, clip=±0.50%) residual_len=13
[MM] mu=0.3205 omega=99.9136 (nominal=100.0000, clip=±0.50%) residual_len=0
[MM] mu=0.8183 omega=99.8265 (nominal=100.0000, clip=±0.50%) residual_len=0
[MM] mu=0.4067 omega=99.8089 (nominal=100.0000, clip=±0.50%) residual_len=0
[MM] mu=0.4917 omega=99.9093 (nominal=100.0000, clip=±0.50%) residual_len=0
[MM] mu=0.4471 omega=99.8177 (nominal=100.0000, clip=±0.50%) residual_len=0
[RX] SYNCWORD BER: 0.0
[MM] mu=0.7778 omega=99.8103 (nominal=100.0000, clip=±0.50%) residual_len=8
[RX] DATA BER: 0.0
[RX] Dropping failed checksum
[TX] Sending - Lorem ipsum dolor sit amet, ___?[MM] mu=0.5721 omega=99.7970 (nominal=100.0000, clip=±0.50%) residual_len=0

[MM] mu=0.1873 omega=99.8417 (nominal=100.0000, clip=±0.50%) residual_len=0
[MM] mu=0.2206 omega=99.9245 (nominal=100.0000, clip=±0.50%) residual_len=0
[MM] mu=0.0670 omega=100.0559 (nominal=100.0000, clip=±0.50%) residual_len=0
[RX] SYNCWORD BER: 0.0
[MM] mu=0.4951 omega=100.0139 (nominal=100.0000, clip=±0.50%) residual_len=0
[RX] DATA BER: 0.0
[RX] Dropping failed checksum
[TX] Sending - Lorem ipsum dolor sit amet, ___?
[MM] mu=0.4936 omega=99.9074 (nominal=100.0000, clip=±0.50%) residual_len=0
[MM] mu=0.5207 omega=100.1224 (nominal=100.0000, clip=±0.50%) residual_len=0
[MM] mu=0.2050 omega=100.0240 (nominal=100.0000, clip=±0.50%) residual_len=0
[MM] mu=0.3704 omega=100.0442 (nominal=100.0000, clip=±0.50%) residual_len=0
[RX] SYNCWORD BER: 0.0
[MM] mu=0.7237 omega=100.2593 (nominal=100.0000, clip=±0.50%) residual_len=0
[RX] DATA BER: 0.0

[RX] Received: Lorem ipsum dolor sit amet, ___?

[TX] Sending - Lorem ipsum dolor sit amet, ___?
[MM] mu=0.4720 omega=100.1356 (nominal=100.0000, clip=±0.50%) residual_len=0
[MM] mu=0.0724 omega=100.1706 (nominal=100.0000, clip=±0.50%) residual_len=0
[MM] mu=0.3512 omega=100.2108 (nominal=100.0000, clip=±0.50%) residual_len=0
[MM] mu=0.4537 omega=100.1275 (nominal=100.0000, clip=±0.50%) residual_len=0
[RX] SYNCWORD BER: 0.0
[RX] DATA BER: 0.0078125
[RX] Dropping failed checksum
[MM] mu=0.0838 omega=100.0835 (nominal=100.0000, clip=±0.50%) residual_len=0
[TX] Sending - Lorem ipsum dolor sit amet, ___?
[MM] mu=0.2871 omega=100.0848 (nominal=100.0000, clip=±0.50%) residual_len=0
[MM] mu=0.6199 omega=100.0885 (nominal=100.0000, clip=±0.50%) residual_len=0
[MM] mu=0.5907 omega=100.1161 (nominal=100.0000, clip=±0.50%) residual_len=0
[RX] SYNCWORD BER: 0.0
[MM] mu=0.6892 omega=100.0282 (nominal=100.0000, clip=±0.50%) residual_len=0
[RX] DATA BER: 0.0
[RX] Dropping failed checksum
[TX] Sending - Lorem ipsum dolor sit amet, ___?
[MM] mu=0.3339 omega=100.1524 (nominal=100.0000, clip=±0.50%) residual_len=9
[MM] mu=0.8302 omega=100.1538 (nominal=100.0000, clip=±0.50%) residual_len=0
[MM] mu=0.2006 omega=100.0202 (nominal=100.0000, clip=±0.50%) residual_len=0
[MM] mu=0.5212 omega=100.0849 (nominal=100.0000, clip=±0.50%) residual_len=0
[RX] SYNCWORD BER: 0.0
[MM] mu=0.4785 omega=100.0127 (nominal=100.0000, clip=±0.50%) residual_len=0
[RX] DATA BER: 0.0

[RX] Received: Lorem ipsum dolor sit amet, ___?

[TX] Sending - Lorem ipsum dolor sit amet, ___?
[MM] mu=0.8607 omega=100.0088 (nominal=100.0000, clip=±0.50%) residual_len=10
[MM] mu=0.8373 omega=99.9939 (nominal=100.0000, clip=±0.50%) residual_len=0
[MM] mu=0.9454 omega=99.9797 (nominal=100.0000, clip=±0.50%) residual_len=0
[MM] mu=0.7423 omega=99.8828 (nominal=100.0000, clip=±0.50%) residual_len=0
[RX] SYNCWORD BER: 0.0
[RX] DATA BER: 0.0
[RX] Dropping failed checksum
[MM] mu=0.9992 omega=99.9422 (nominal=100.0000, clip=±0.50%) residual_len=8
[TX] Sending - Lorem ipsum dolor sit amet, ___?
[MM] mu=0.4706 omega=100.0952 (nominal=100.0000, clip=±0.50%) residual_len=0
[MM] mu=0.5782 omega=100.2780 (nominal=100.0000, clip=±0.50%) residual_len=0
[MM] mu=0.1399 omega=100.1900 (nominal=100.0000, clip=±0.50%) residual_len=0
[MM] mu=0.4854 omega=100.1416 (nominal=100.0000, clip=±0.50%) residual_len=0
[TX] Sending - Lorem ipsum dolor sit amet, ___?
[MM] mu=0.6616 omega=99.9540 (nominal=100.0000, clip=±0.50%) residual_len=0
[MM] mu=0.9762 omega=99.9916 (nominal=100.0000, clip=±0.50%) residual_len=0
[MM] mu=0.4485 omega=99.9641 (nominal=100.0000, clip=±0.50%) residual_len=0
[MM] mu=0.1438 omega=100.0558 (nominal=100.0000, clip=±0.50%) residual_len=0
[RX] SYNCWORD BER: 0.0
[MM] mu=0.3127 omega=100.0512 (nominal=100.0000, clip=±0.50%) residual_len=0
[RX] DATA BER: 0.0

[RX] Received: Lorem ipsum dolor sit amet, ___?

[TX] Sending - Lorem ipsum dolor sit amet, ___?
[MM] mu=0.1873 omega=100.1072 (nominal=100.0000, clip=±0.50%) residual_len=0
[MM] mu=0.6038 omega=99.8415 (nominal=100.0000, clip=±0.50%) residual_len=0
[MM] mu=0.3454 omega=99.9845 (nominal=100.0000, clip=±0.50%) residual_len=0
[MM] mu=0.7677 omega=99.9426 (nominal=100.0000, clip=±0.50%) residual_len=0
[RX] SYNCWORD BER: 0.0
[MM] mu=0.4549 omega=99.9892 (nominal=100.0000, clip=±0.50%) residual_len=0
[RX] DATA BER: 0.0
[RX] Dropping failed checksum
[TX] Sending - Lorem ipsum dolor sit amet, ___?
[MM] mu=0.9541 omega=99.8432 (nominal=100.0000, clip=±0.50%) residual_len=0
[MM] mu=0.2854 omega=99.8269 (nominal=100.0000, clip=±0.50%) residual_len=0
[MM] mu=0.0249 omega=99.8969 (nominal=100.0000, clip=±0.50%) residual_len=0
[MM] mu=0.1860 omega=99.8723 (nominal=100.0000, clip=±0.50%) residual_len=0
[RX] SYNCWORD BER: 0.0
[RX] DATA BER: 0.0
[RX] Dropping failed checksum
[MM] mu=0.4929 omega=99.8732 (nominal=100.0000, clip=±0.50%) residual_len=0
[TX] Sending - Lorem ipsum dolor sit amet, ___?
[MM] mu=0.1495 omega=99.9749 (nominal=100.0000, clip=±0.50%) residual_len=0
[MM] mu=0.4758 omega=100.0933 (nominal=100.0000, clip=±0.50%) residual_len=14
[MM] mu=0.4263 omega=99.9289 (nominal=100.0000, clip=±0.50%) residual_len=4
[RX] SYNCWORD BER: 0.53125
[RX] SYNCWORD BER: 0.5
[RX] SYNCWORD BER: 0.5625
[RX] SYNCWORD BER: 0.5
[RX] SYNCWORD BER: 0.46875
[RX] SYNCWORD BER: 0.65625
[RX] SYNCWORD BER: 0.40625
[MM] mu=0.1255 omega=99.9999 (nominal=100.0000, clip=±0.50%) residual_len=0
[TX] Sending - Lorem ipsum dolor sit amet, ___?
[MM] mu=0.6158 omega=100.0784 (nominal=100.0000, clip=±0.50%) residual_len=0
[MM] mu=0.5922 omega=99.9115 (nominal=100.0000, clip=±0.50%) residual_len=0
[MM] mu=0.0300 omega=99.8075 (nominal=100.0000, clip=±0.50%) residual_len=0
[MM] mu=0.7571 omega=99.8718 (nominal=100.0000, clip=±0.50%) residual_len=0
[RX] SYNCWORD BER: 0.28125
[RX] SYNCWORD BER: 0.5625
[RX] SYNCWORD BER: 0.5
[MM] mu=0.1959 omega=99.9161 (nominal=100.0000, clip=±0.50%) residual_len=8
[TX] Sending - Lorem ipsum dolor sit amet, ___?
[MM] mu=0.0029 omega=99.8249 (nominal=100.0000, clip=±0.50%) residual_len=0
[MM] mu=0.9426 omega=99.8568 (nominal=100.0000, clip=±0.50%) residual_len=0
[MM] mu=0.0613 omega=99.6170 (nominal=100.0000, clip=±0.50%) residual_len=0
[MM] mu=0.7879 omega=99.6144 (nominal=100.0000, clip=±0.50%) residual_len=0
[RX] SYNCWORD BER: 0.0
[RX] DATA BER: 0.234375
[RX] Dropping failed checksum
[MM] mu=0.8653 omega=99.5146 (nominal=100.0000, clip=±0.50%) residual_len=16
[TX] Sending - Lorem ipsum dolor sit amet, ___?
[MM] mu=0.3050 omega=99.7780 (nominal=100.0000, clip=±0.50%) residual_len=0
[MM] mu=0.7323 omega=99.9600 (nominal=100.0000, clip=±0.50%) residual_len=12
[MM] mu=0.5881 omega=99.9632 (nominal=100.0000, clip=±0.50%) residual_len=0
[RX] SYNCWORD BER: 0.0
[MM] mu=0.3703 omega=99.9885 (nominal=100.0000, clip=±0.50%) residual_len=0
[RX] DATA BER: 0.0

[RX] Received: Lorem ipsum dolor sit amet, ___?

[TX] Sending - Lorem ipsum dolor sit amet, ___?
[MM] mu=0.9394 omega=100.2597 (nominal=100.0000, clip=±0.50%) residual_len=0
[MM] mu=0.3778 omega=100.2079 (nominal=100.0000, clip=±0.50%) residual_len=0
[MM] mu=0.2404 omega=100.2763 (nominal=100.0000, clip=±0.50%) residual_len=0
[MM] mu=0.0886 omega=100.1916 (nominal=100.0000, clip=±0.50%) residual_len=0
[RX] SYNCWORD BER: 0.0
[MM] mu=0.0684 omega=100.1518 (nominal=100.0000, clip=±0.50%) residual_len=0
[RX] DATA BER: 0.0
[RX] Dropping failed checksum
[TX] Sending - Lorem ipsum dolor sit amet, ___?
[MM] mu=0.3708 omega=100.2121 (nominal=100.0000, clip=±0.50%) residual_len=0
[MM] mu=0.0909 omega=100.0862 (nominal=100.0000, clip=±0.50%) residual_len=0
[MM] mu=0.5143 omega=99.9379 (nominal=100.0000, clip=±0.50%) residual_len=1
[MM] mu=0.7630 omega=99.9604 (nominal=100.0000, clip=±0.50%) residual_len=0
[RX] SYNCWORD BER: 0.0
[MM] mu=0.0223 omega=99.7540 (nominal=100.0000, clip=±0.50%) residual_len=0
[RX] DATA BER: 0.0
[RX] Dropping failed checksum
[TX] Sending - Lorem ipsum dolor sit amet, ___?
[MM] mu=0.0139 omega=99.7987 (nominal=100.0000, clip=±0.50%) residual_len=0
[MM] mu=0.4568 omega=99.6727 (nominal=100.0000, clip=±0.50%) residual_len=0
[MM] mu=0.0052 omega=99.7523 (nominal=100.0000, clip=±0.50%) residual_len=0
[RX] SYNCWORD BER: 0.28125
[MM] mu=0.8455 omega=99.7742 (nominal=100.0000, clip=±0.50%) residual_len=0
[RX] SYNCWORD BER: 0.4375
[TX] Sending - Lorem ipsum dolor sit amet, ___?
[MM] mu=0.1803 omega=99.7857 (nominal=100.0000, clip=±0.50%) residual_len=0
[MM] mu=0.6495 omega=99.7265 (nominal=100.0000, clip=±0.50%) residual_len=0
[MM] mu=0.5074 omega=99.8426 (nominal=100.0000, clip=±0.50%) residual_len=0
[MM] mu=0.7063 omega=99.8130 (nominal=100.0000, clip=±0.50%) residual_len=0
[RX] SYNCWORD BER: 0.0
[MM] mu=0.8188 omega=99.7862 (nominal=100.0000, clip=±0.50%) residual_len=0
[RX] DATA BER: 0.14453125
[RX] Dropping failed checksum
[TX] Sending - Lorem ipsum dolor sit amet, ___?
[MM] mu=0.8644 omega=100.0177 (nominal=100.0000, clip=±0.50%) residual_len=8
[MM] mu=0.7914 omega=99.8712 (nominal=100.0000, clip=±0.50%) residual_len=0
[MM] mu=0.5332 omega=99.8133 (nominal=100.0000, clip=±0.50%) residual_len=0
[MM] mu=0.8415 omega=99.7948 (nominal=100.0000, clip=±0.50%) residual_len=4
[RX] SYNCWORD BER: 0.0
[MM] mu=0.2862 omega=99.5958 (nominal=100.0000, clip=±0.50%) residual_len=0
[RX] DATA BER: 0.0
[RX] Dropping failed checksum
[TX] Sending - Lorem ipsum dolor sit amet, ___?
[MM] mu=0.6976 omega=99.6024 (nominal=100.0000, clip=±0.50%) residual_len=0
[MM] mu=0.6151 omega=99.6419 (nominal=100.0000, clip=±0.50%) residual_len=4
[MM] mu=0.6544 omega=99.6309 (nominal=100.0000, clip=±0.50%) residual_len=0
[MM] mu=0.6434 omega=99.6570 (nominal=100.0000, clip=±0.50%) residual_len=0
[RX] SYNCWORD BER: 0.0
[RX] DATA BER: 0.1953125
[RX] Dropping failed checksum
[MM] mu=0.9061 omega=99.7830 (nominal=100.0000, clip=±0.50%) residual_len=0
[TX] Sending - Lorem ipsum dolor sit amet, ___?
[MM] mu=0.3664 omega=99.8626 (nominal=100.0000, clip=±0.50%) residual_len=0
[MM] mu=0.8694 omega=99.7118 (nominal=100.0000, clip=±0.50%) residual_len=0
[MM] mu=0.7148 omega=99.7275 (nominal=100.0000, clip=±0.50%) residual_len=0
[RX] SYNCWORD BER: 0.0
[MM] mu=0.6189 omega=99.6843 (nominal=100.0000, clip=±0.50%) residual_len=0
[RX] DATA BER: 0.1953125
[RX] Dropping failed checksum
[TX] Sending - Lorem ipsum dolor sit amet, ___?
[MM] mu=0.3290 omega=99.5925 (nominal=100.0000, clip=±0.50%) residual_len=0
[MM] mu=0.7259 omega=99.6840 (nominal=100.0000, clip=±0.50%) residual_len=0
[MM] mu=0.2395 omega=99.6073 (nominal=100.0000, clip=±0.50%) residual_len=14
[MM] mu=0.4516 omega=99.5811 (nominal=100.0000, clip=±0.50%) residual_len=0
[MM] mu=0.2384 omega=99.5750 (nominal=100.0000, clip=±0.50%) residual_len=0
[TX] Sending - Lorem ipsum dolor sit amet, ___?
[MM] mu=0.4989 omega=99.7745 (nominal=100.0000, clip=±0.50%) residual_len=0
[MM] mu=0.8829 omega=100.0197 (nominal=100.0000, clip=±0.50%) residual_len=0
[MM] mu=0.1087 omega=99.9036 (nominal=100.0000, clip=±0.50%) residual_len=0
[MM] mu=0.6866 omega=99.8834 (nominal=100.0000, clip=±0.50%) residual_len=0
[RX] SYNCWORD BER: 0.0
[RX] DATA BER: 0.0
[RX] Dropping failed checksum
[MM] mu=0.3534 omega=99.9781 (nominal=100.0000, clip=±0.50%) residual_len=0
[TX] Sending - Lorem ipsum dolor sit amet, ___?
[MM] mu=0.6798 omega=99.8596 (nominal=100.0000, clip=±0.50%) residual_len=0
[MM] mu=0.1582 omega=99.7760 (nominal=100.0000, clip=±0.50%) residual_len=0
[MM] mu=0.0044 omega=99.8284 (nominal=100.0000, clip=±0.50%) residual_len=0
[RX] SYNCWORD BER: 0.5
[RX] SYNCWORD BER: 0.5
[RX] SYNCWORD BER: 0.5
[RX] SYNCWORD BER: 0.5
[MM] mu=0.2375 omega=99.8369 (nominal=100.0000, clip=±0.50%) residual_len=12
[TX] Sending - Lorem ipsum dolor sit amet, ___?
[MM] mu=0.1803 omega=99.8358 (nominal=100.0000, clip=±0.50%) residual_len=0
[MM] mu=0.9293 omega=99.7824 (nominal=100.0000, clip=±0.50%) residual_len=7
[MM] mu=0.4196 omega=99.8370 (nominal=100.0000, clip=±0.50%) residual_len=12
[MM] mu=0.4225 omega=99.7825 (nominal=100.0000, clip=±0.50%) residual_len=0
[RX] SYNCWORD BER: 0.0
[MM] mu=0.8813 omega=99.7048 (nominal=100.0000, clip=±0.50%) residual_len=0
[RX] DATA BER: 0.25390625
[RX] Dropping failed checksum
[TX] Sending - Lorem ipsum dolor sit amet, ___?
[MM] mu=0.5571 omega=99.6577 (nominal=100.0000, clip=±0.50%) residual_len=0
[MM] mu=0.5653 omega=99.7262 (nominal=100.0000, clip=±0.50%) residual_len=0
[MM] mu=0.6529 omega=99.7030 (nominal=100.0000, clip=±0.50%) residual_len=0
[MM] mu=0.4242 omega=99.6214 (nominal=100.0000, clip=±0.50%) residual_len=0
[RX] SYNCWORD BER: 0.0
[MM] mu=0.5769 omega=99.5817 (nominal=100.0000, clip=±0.50%) residual_len=0
[RX] DATA BER: 0.234375
[RX] Dropping failed checksum
[TX] Sending - Lorem ipsum dolor sit amet, ___?
[MM] mu=0.9149 omega=99.6249 (nominal=100.0000, clip=±0.50%) residual_len=0
[MM] mu=0.1196 omega=99.5912 (nominal=100.0000, clip=±0.50%) residual_len=0
[MM] mu=0.9932 omega=99.7891 (nominal=100.0000, clip=±0.50%) residual_len=11
[MM] mu=0.9064 omega=99.7739 (nominal=100.0000, clip=±0.50%) residual_len=0
[RX] SYNCWORD BER: 0.0
[RX] DATA BER: 0.0703125
[RX] Dropping failed checksum
[MM] mu=0.6731 omega=99.8473 (nominal=100.0000, clip=±0.50%) residual_len=8
[TX] Sending - Lorem ipsum dolor sit amet, ___?
[MM] mu=0.2011 omega=99.9371 (nominal=100.0000, clip=±0.50%) residual_len=0
[MM] mu=0.1509 omega=99.8091 (nominal=100.0000, clip=±0.50%) residual_len=0
[MM] mu=0.8585 omega=99.5857 (nominal=100.0000, clip=±0.50%) residual_len=0
[RX] SYNCWORD BER: 0.46875
[RX] SYNCWORD BER: 0.59375
[MM] mu=0.3299 omega=99.5008 (nominal=100.0000, clip=±0.50%) residual_len=0
[TX] Sending - Lorem ipsum dolor sit amet, ___?
[MM] mu=0.8239 omega=99.5166 (nominal=100.0000, clip=±0.50%) residual_len=0
[MM] mu=0.8601 omega=99.5823 (nominal=100.0000, clip=±0.50%) residual_len=0
[MM] mu=0.8231 omega=99.6604 (nominal=100.0000, clip=±0.50%) residual_len=0
[MM] mu=0.4910 omega=99.7181 (nominal=100.0000, clip=±0.50%) residual_len=0
[MM] mu=0.7352 omega=99.6293 (nominal=100.0000, clip=±0.50%) residual_len=0
[TX] Sending - Lorem ipsum dolor sit amet, ___?
[MM] mu=0.0604 omega=99.6782 (nominal=100.0000, clip=±0.50%) residual_len=0
[MM] mu=0.0363 omega=99.6287 (nominal=100.0000, clip=±0.50%) residual_len=15
[MM] mu=0.2645 omega=99.6204 (nominal=100.0000, clip=±0.50%) residual_len=0
[MM] mu=0.5010 omega=99.5483 (nominal=100.0000, clip=±0.50%) residual_len=5
[MM] mu=0.2493 omega=99.5473 (nominal=100.0000, clip=±0.50%) residual_len=0
[TX] Sending - Lorem ipsum dolor sit amet, ___?
[MM] mu=0.0690 omega=99.7272 (nominal=100.0000, clip=±0.50%) residual_len=0
[MM] mu=0.1873 omega=99.8187 (nominal=100.0000, clip=±0.50%) residual_len=0
[MM] mu=0.2218 omega=99.7579 (nominal=100.0000, clip=±0.50%) residual_len=0
[MM] mu=0.0112 omega=99.8161 (nominal=100.0000, clip=±0.50%) residual_len=0
[TX] Sending - Lorem ipsum dolor sit amet, ___?
[MM] mu=0.2144 omega=99.8238 (nominal=100.0000, clip=±0.50%) residual_len=0
[MM] mu=0.3184 omega=99.7472 (nominal=100.0000, clip=±0.50%) residual_len=14
[MM] mu=0.6139 omega=99.7585 (nominal=100.0000, clip=±0.50%) residual_len=0
[MM] mu=0.3463 omega=99.7674 (nominal=100.0000, clip=±0.50%) residual_len=11
[RX] SYNCWORD BER: 0.0
[MM] mu=0.0049 omega=99.7558 (nominal=100.0000, clip=±0.50%) residual_len=0
[RX] DATA BER: 0.0546875
[RX] Dropping failed checksum
[TX] Sending - Lorem ipsum dolor sit amet, ___?
[MM] mu=0.7176 omega=99.5861 (nominal=100.0000, clip=±0.50%) residual_len=0
[MM] mu=0.0146 omega=99.5000 (nominal=100.0000, clip=±0.50%) residual_len=0
[MM] mu=0.5282 omega=99.6744 (nominal=100.0000, clip=±0.50%) residual_len=0
[MM] mu=0.5739 omega=99.6036 (nominal=100.0000, clip=±0.50%) residual_len=0
[RX] SYNCWORD BER: 0.0
[MM] mu=0.6027 omega=99.5533 (nominal=100.0000, clip=±0.50%) residual_len=0
[RX] DATA BER: 0.2734375
[RX] Dropping failed checksum
[TX] Sending - Lorem ipsum dolor sit amet, ___?
[MM] mu=0.2960 omega=99.6205 (nominal=100.0000, clip=±0.50%) residual_len=0
[MM] mu=0.8480 omega=99.5030 (nominal=100.0000, clip=±0.50%) residual_len=15
[MM] mu=0.6359 omega=99.6883 (nominal=100.0000, clip=±0.50%) residual_len=0
[RX] SYNCWORD BER: 0.0
[MM] mu=0.5822 omega=99.7053 (nominal=100.0000, clip=±0.50%) residual_len=0
[RX] DATA BER: 0.3203125
[RX] Dropping failed checksum
[MM] mu=0.8873 omega=99.7627 (nominal=100.0000, clip=±0.50%) residual_len=0
[TX] Sending - Lorem ipsum dolor sit amet, ___?
[MM] mu=0.5090 omega=99.5570 (nominal=100.0000, clip=±0.50%) residual_len=0
[MM] mu=0.8320 omega=99.6955 (nominal=100.0000, clip=±0.50%) residual_len=0
[MM] mu=0.4394 omega=99.7709 (nominal=100.0000, clip=±0.50%) residual_len=0
[RX] SYNCWORD BER: 0.0
[MM] mu=0.3536 omega=99.8076 (nominal=100.0000, clip=±0.50%) residual_len=0
[RX] DATA BER: 0.2421875
[RX] Dropping failed checksum
[TX] Sending - Lorem ipsum dolor sit amet, ___?
[MM] mu=0.6709 omega=99.6749 (nominal=100.0000, clip=±0.50%) residual_len=0
[MM] mu=0.7566 omega=99.8126 (nominal=100.0000, clip=±0.50%) residual_len=0
[MM] mu=0.4836 omega=100.0229 (nominal=100.0000, clip=±0.50%) residual_len=0
[MM] mu=0.0939 omega=99.8544 (nominal=100.0000, clip=±0.50%) residual_len=0
[RX] SYNCWORD BER: 0.0
[MM] mu=0.1665 omega=99.8683 (nominal=100.0000, clip=±0.50%) residual_len=0
[RX] DATA BER: 0.0
[RX] Dropping failed checksum
[TX] Sending - Lorem ipsum dolor sit amet, ___?
[MM] mu=0.2700 omega=99.9280 (nominal=100.0000, clip=±0.50%) residual_len=2
[MM] mu=0.2730 omega=99.9318 (nominal=100.0000, clip=±0.50%) residual_len=0
[MM] mu=0.6291 omega=99.9049 (nominal=100.0000, clip=±0.50%) residual_len=14
[MM] mu=0.0661 omega=99.9184 (nominal=100.0000, clip=±0.50%) residual_len=0
[RX] SYNCWORD BER: 0.0
[RX] DATA BER: 0.0
[RX] Dropping failed checksum
[MM] mu=0.2141 omega=99.9232 (nominal=100.0000, clip=±0.50%) residual_len=0
[TX] Sending - Lorem ipsum dolor sit amet, ___?
[MM] mu=0.2805 omega=99.9803 (nominal=100.0000, clip=±0.50%) residual_len=0
[MM] mu=0.0402 omega=100.0279 (nominal=100.0000, clip=±0.50%) residual_len=0
[MM] mu=0.5858 omega=99.9797 (nominal=100.0000, clip=±0.50%) residual_len=9
[RX] SYNCWORD BER: 0.0
[MM] mu=0.1229 omega=100.1488 (nominal=100.0000, clip=±0.50%) residual_len=0
[RX] DATA BER: 0.0

[RX] Received: Lorem ipsum dolor sit amet, ___?

[TX] Sending - Lorem ipsum dolor sit amet, ___?
[MM] mu=0.6638 omega=100.0786 (nominal=100.0000, clip=±0.50%) residual_len=0
[MM] mu=0.4838 omega=100.0523 (nominal=100.0000, clip=±0.50%) residual_len=0
[MM] mu=0.2264 omega=100.0142 (nominal=100.0000, clip=±0.50%) residual_len=0
[MM] mu=0.8004 omega=100.0355 (nominal=100.0000, clip=±0.50%) residual_len=0
[RX] SYNCWORD BER: 0.0
[MM] mu=0.9571 omega=99.8318 (nominal=100.0000, clip=±0.50%) residual_len=0
[RX] DATA BER: 0.0

[RX] Received: Lorem ipsum dolor sit amet, ___?

[TX] Sending - Lorem ipsum dolor sit amet, ___?
[MM] mu=0.6605 omega=99.9451 (nominal=100.0000, clip=±0.50%) residual_len=0
[MM] mu=0.6075 omega=99.9909 (nominal=100.0000, clip=±0.50%) residual_len=0
[MM] mu=0.1292 omega=100.0126 (nominal=100.0000, clip=±0.50%) residual_len=0
[MM] mu=0.1094 omega=100.0096 (nominal=100.0000, clip=±0.50%) residual_len=0
[RX] SYNCWORD BER: 0.0
[RX] DATA BER: 0.0

[RX] Received: Lorem ipsum dolor sit amet, ___?

[MM] mu=0.9396 omega=99.9778 (nominal=100.0000, clip=±0.50%) residual_len=0
[TX] Sending - Lorem ipsum dolor sit amet, ___?
[MM] mu=0.8474 omega=99.8799 (nominal=100.0000, clip=±0.50%) residual_len=16
[MM] mu=0.2320 omega=99.7182 (nominal=100.0000, clip=±0.50%) residual_len=14
[MM] mu=0.8516 omega=99.7511 (nominal=100.0000, clip=±0.50%) residual_len=0
[RX] SYNCWORD BER: 0.0
[MM] mu=0.8467 omega=99.6112 (nominal=100.0000, clip=±0.50%) residual_len=16
[RX] DATA BER: 0.15234375
[RX] Dropping failed checksum
[TX] Sending - Lorem ipsum dolor sit amet, ___?
[MM] mu=0.1986 omega=99.5544 (nominal=100.0000, clip=±0.50%) residual_len=0
[MM] mu=0.1764 omega=99.5200 (nominal=100.0000, clip=±0.50%) residual_len=0
[MM] mu=0.2191 omega=99.5538 (nominal=100.0000, clip=±0.50%) residual_len=0
[MM] mu=0.8803 omega=99.5678 (nominal=100.0000, clip=±0.50%) residual_len=0
[RX] SYNCWORD BER: 0.0
[MM] mu=0.3810 omega=99.5000 (nominal=100.0000, clip=±0.50%) residual_len=0
[RX] DATA BER: 0.26171875
[RX] Dropping failed checksum
[TX] Sending - Lorem ipsum dolor sit amet, ___?
[MM] mu=0.0190 omega=99.5450 (nominal=100.0000, clip=±0.50%) residual_len=0
[MM] mu=0.7106 omega=99.6402 (nominal=100.0000, clip=±0.50%) residual_len=14
[MM] mu=0.1100 omega=99.5603 (nominal=100.0000, clip=±0.50%) residual_len=0
[MM] mu=0.2125 omega=99.5047 (nominal=100.0000, clip=±0.50%) residual_len=0
[MM] mu=0.1125 omega=99.5463 (nominal=100.0000, clip=±0.50%) residual_len=0
[TX] Sending - Lorem ipsum dolor sit amet, ___?
[MM] mu=0.2019 omega=99.5756 (nominal=100.0000, clip=±0.50%) residual_len=0
[MM] mu=0.2194 omega=99.6184 (nominal=100.0000, clip=±0.50%) residual_len=0
[MM] mu=0.9128 omega=99.7668 (nominal=100.0000, clip=±0.50%) residual_len=0
[MM] mu=0.9574 omega=99.7532 (nominal=100.0000, clip=±0.50%) residual_len=0
[MM] mu=0.3278 omega=99.7222 (nominal=100.0000, clip=±0.50%) residual_len=0
[TX] Sending - Lorem ipsum dolor sit amet, ___?
[MM] mu=0.7969 omega=99.8158 (nominal=100.0000, clip=±0.50%) residual_len=0
[MM] mu=0.0279 omega=99.9147 (nominal=100.0000, clip=±0.50%) residual_len=0
[MM] mu=0.8255 omega=99.9051 (nominal=100.0000, clip=±0.50%) residual_len=2
[RX] SYNCWORD BER: 0.46875
[RX] SYNCWORD BER: 0.5
[RX] SYNCWORD BER: 0.5625
[RX] SYNCWORD BER: 0.4375
[RX] SYNCWORD BER: 0.46875
[RX] SYNCWORD BER: 0.5
[RX] SYNCWORD BER: 0.5
[MM] mu=0.5912 omega=99.7763 (nominal=100.0000, clip=±0.50%) residual_len=0
[TX] Sending - Lorem ipsum dolor sit amet, ___?
[MM] mu=0.1707 omega=99.7331 (nominal=100.0000, clip=±0.50%) residual_len=0
[MM] mu=0.1786 omega=99.5930 (nominal=100.0000, clip=±0.50%) residual_len=0
[MM] mu=0.2777 omega=99.7050 (nominal=100.0000, clip=±0.50%) residual_len=2
[MM] mu=0.3174 omega=99.6298 (nominal=100.0000, clip=±0.50%) residual_len=0
[RX] SYNCWORD BER: 0.0
[MM] mu=0.5002 omega=99.6671 (nominal=100.0000, clip=±0.50%) residual_len=0
[RX] DATA BER: 0.2890625
[RX] Dropping failed checksum
[TX] Sending - Lorem ipsum dolor sit amet, ___?
[MM] mu=0.6739 omega=99.8743 (nominal=100.0000, clip=±0.50%) residual_len=0
[MM] mu=0.3338 omega=99.7784 (nominal=100.0000, clip=±0.50%) residual_len=0
[MM] mu=0.9442 omega=99.7096 (nominal=100.0000, clip=±0.50%) residual_len=0
[MM] mu=0.7018 omega=99.6312 (nominal=100.0000, clip=±0.50%) residual_len=0
[RX] SYNCWORD BER: 0.1875
[RX] SYNCWORD BER: 0.5625
[MM] mu=0.1902 omega=99.6726 (nominal=100.0000, clip=±0.50%) residual_len=0
[TX] Sending - Lorem ipsum dolor sit amet, ___?
[MM] mu=0.0662 omega=99.5472 (nominal=100.0000, clip=±0.50%) residual_len=0
[MM] mu=0.1024 omega=99.6573 (nominal=100.0000, clip=±0.50%) residual_len=0
[MM] mu=0.0757 omega=99.7417 (nominal=100.0000, clip=±0.50%) residual_len=0
[RX] SYNCWORD BER: 0.0
[MM] mu=0.8470 omega=99.7765 (nominal=100.0000, clip=±0.50%) residual_len=0
[RX] DATA BER: 0.265625
[RX] Dropping failed checksum
[TX] Sending - Lorem ipsum dolor sit amet, ___?
[MM] mu=0.8169 omega=99.6548 (nominal=100.0000, clip=±0.50%) residual_len=0
[MM] mu=0.1089 omega=99.6121 (nominal=100.0000, clip=±0.50%) residual_len=2
[MM] mu=0.9476 omega=99.5244 (nominal=100.0000, clip=±0.50%) residual_len=0
[MM] mu=0.1803 omega=99.5444 (nominal=100.0000, clip=±0.50%) residual_len=0
[RX] SYNCWORD BER: 0.53125
[RX] SYNCWORD BER: 0.46875
[RX] SYNCWORD BER: 0.53125
[RX] SYNCWORD BER: 0.0625
[MM] mu=0.4840 omega=99.5102 (nominal=100.0000, clip=±0.50%) residual_len=0
[TX] Sending - Lorem ipsum dolor sit amet, ___?
[MM] mu=0.1337 omega=99.5004 (nominal=100.0000, clip=±0.50%) residual_len=0
[MM] mu=0.9683 omega=99.5872 (nominal=100.0000, clip=±0.50%) residual_len=0
[MM] mu=0.9289 omega=99.7176 (nominal=100.0000, clip=±0.50%) residual_len=0
[MM] mu=0.1453 omega=99.7056 (nominal=100.0000, clip=±0.50%) residual_len=0
[RX] SYNCWORD BER: 0.0
[MM] mu=0.3650 omega=99.6377 (nominal=100.0000, clip=±0.50%) residual_len=0
[RX] DATA BER: 0.16796875
[RX] Dropping failed checksum
[TX] Sending - Lorem ipsum dolor sit amet, ___?
[MM] mu=0.9330 omega=99.6337 (nominal=100.0000, clip=±0.50%) residual_len=0
[MM] mu=0.2970 omega=99.7766 (nominal=100.0000, clip=±0.50%) residual_len=0
[MM] mu=0.6165 omega=99.6958 (nominal=100.0000, clip=±0.50%) residual_len=0
[MM] mu=0.3407 omega=99.5958 (nominal=100.0000, clip=±0.50%) residual_len=0
[RX] SYNCWORD BER: 0.0
[RX] DATA BER: 0.234375
[RX] Dropping failed checksum
[TX] Sending - Lorem ipsum dolor sit amet, ___?[MM] mu=0.1482 omega=99.7320 (nominal=100.0000, clip=±0.50%) residual_len=0

[MM] mu=0.0225 omega=99.7533 (nominal=100.0000, clip=±0.50%) residual_len=0
[MM] mu=0.9320 omega=99.5891 (nominal=100.0000, clip=±0.50%) residual_len=0
[MM] mu=0.7653 omega=99.5722 (nominal=100.0000, clip=±0.50%) residual_len=0
[MM] mu=0.6768 omega=99.7331 (nominal=100.0000, clip=±0.50%) residual_len=0
[TX] Sending - Lorem ipsum dolor sit amet, ___?
[MM] mu=0.7463 omega=99.6896 (nominal=100.0000, clip=±0.50%) residual_len=0
[MM] mu=0.4992 omega=99.6733 (nominal=100.0000, clip=±0.50%) residual_len=0
[MM] mu=0.4969 omega=99.7677 (nominal=100.0000, clip=±0.50%) residual_len=11
[MM] mu=0.6437 omega=99.7778 (nominal=100.0000, clip=±0.50%) residual_len=0
[RX] SYNCWORD BER: 0.0
[MM] mu=0.8614 omega=99.6502 (nominal=100.0000, clip=±0.50%) residual_len=11
[RX] DATA BER: 0.08984375
[RX] Dropping failed checksum
[TX] Sending - Lorem ipsum dolor sit amet, ___?
[MM] mu=0.9778 omega=99.6637 (nominal=100.0000, clip=±0.50%) residual_len=0
[MM] mu=0.2613 omega=99.8477 (nominal=100.0000, clip=±0.50%) residual_len=10
[MM] mu=0.4611 omega=99.9588 (nominal=100.0000, clip=±0.50%) residual_len=0
[MM] mu=0.7436 omega=99.8524 (nominal=100.0000, clip=±0.50%) residual_len=0
[RX] SYNCWORD BER: 0.0
[RX] DATA BER: 0.0
[RX] Dropping failed checksum
[MM] mu=0.2547 omega=100.0187 (nominal=100.0000, clip=±0.50%) residual_len=0
[TX] Sending - Lorem ipsum dolor sit amet, ___?
[MM] mu=0.3126 omega=99.9578 (nominal=100.0000, clip=±0.50%) residual_len=0
[MM] mu=0.9210 omega=99.9662 (nominal=100.0000, clip=±0.50%) residual_len=0
[MM] mu=0.8913 omega=100.0670 (nominal=100.0000, clip=±0.50%) residual_len=0
[RX] SYNCWORD BER: 0.0
[MM] mu=0.4735 omega=100.0105 (nominal=100.0000, clip=±0.50%) residual_len=0
[RX] DATA BER: 0.0

[RX] Received: Lorem ipsum dolor sit amet, ___?

[TX] Sending - Lorem ipsum dolor sit amet, ___?
[MM] mu=0.8405 omega=100.1846 (nominal=100.0000, clip=±0.50%) residual_len=0
[MM] mu=0.6535 omega=100.1906 (nominal=100.0000, clip=±0.50%) residual_len=0
[MM] mu=0.0740 omega=100.3385 (nominal=100.0000, clip=±0.50%) residual_len=0
[MM] mu=0.1814 omega=100.3776 (nominal=100.0000, clip=±0.50%) residual_len=0
[RX] SYNCWORD BER: 0.0
[MM] mu=0.9217 omega=100.4946 (nominal=100.0000, clip=±0.50%) residual_len=0
[RX] DATA BER: 0.3046875
[RX] Dropping failed checksum
[TX] Sending - Lorem ipsum dolor sit amet, ___?
[MM] mu=0.8087 omega=100.4276 (nominal=100.0000, clip=±0.50%) residual_len=0
[MM] mu=0.8925 omega=100.3616 (nominal=100.0000, clip=±0.50%) residual_len=0
[MM] mu=0.4475 omega=100.3657 (nominal=100.0000, clip=±0.50%) residual_len=0
[MM] mu=0.4512 omega=100.3720 (nominal=100.0000, clip=±0.50%) residual_len=5
[RX] SYNCWORD BER: 0.0
[MM] mu=0.6739 omega=100.4729 (nominal=100.0000, clip=±0.50%) residual_len=0
[RX] DATA BER: 0.26171875
[RX] Dropping failed checksum
[TX] Sending - Lorem ipsum dolor sit amet, ___?
[MM] mu=0.0261 omega=100.3293 (nominal=100.0000, clip=±0.50%) residual_len=0
[MM] mu=0.2975 omega=100.2102 (nominal=100.0000, clip=±0.50%) residual_len=0
[MM] mu=0.6717 omega=100.2095 (nominal=100.0000, clip=±0.50%) residual_len=0
[RX] SYNCWORD BER: 0.0
[MM] mu=0.2299 omega=100.1536 (nominal=100.0000, clip=±0.50%) residual_len=5
[RX] DATA BER: 0.0
[RX] Dropping failed checksum
[TX] Sending - Lorem ipsum dolor sit amet, ___?
[MM] mu=0.8280 omega=99.8717 (nominal=100.0000, clip=±0.50%) residual_len=0
[MM] mu=0.2814 omega=99.9476 (nominal=100.0000, clip=±0.50%) residual_len=0
[MM] mu=0.7451 omega=100.1271 (nominal=100.0000, clip=±0.50%) residual_len=0
[MM] mu=0.9786 omega=100.1904 (nominal=100.0000, clip=±0.50%) residual_len=11
[MM] mu=0.0753 omega=100.0871 (nominal=100.0000, clip=±0.50%) residual_len=0
[TX] Sending - Lorem ipsum dolor sit amet, ___?
[MM] mu=0.7419 omega=99.9590 (nominal=100.0000, clip=±0.50%) residual_len=0
[MM] mu=0.2285 omega=99.9065 (nominal=100.0000, clip=±0.50%) residual_len=2
[MM] mu=0.9676 omega=99.9185 (nominal=100.0000, clip=±0.50%) residual_len=0
[MM] mu=0.4371 omega=99.8568 (nominal=100.0000, clip=±0.50%) residual_len=15
[RX] SYNCWORD BER: 0.0
[MM] mu=0.1008 omega=99.7696 (nominal=100.0000, clip=±0.50%) residual_len=0
[RX] DATA BER: 0.0
[RX] Dropping failed checksum
[TX] Sending - Lorem ipsum dolor sit amet, ___?
[MM] mu=0.7514 omega=99.6738 (nominal=100.0000, clip=±0.50%) residual_len=7
[MM] mu=0.4978 omega=99.8037 (nominal=100.0000, clip=±0.50%) residual_len=0
[MM] mu=0.2957 omega=99.7811 (nominal=100.0000, clip=±0.50%) residual_len=0
[MM] mu=0.3778 omega=99.7513 (nominal=100.0000, clip=±0.50%) residual_len=0
[MM] mu=0.5504 omega=99.8019 (nominal=100.0000, clip=±0.50%) residual_len=8
[TX] Sending - Lorem ipsum dolor sit amet, ___?
[MM] mu=0.5933 omega=99.8273 (nominal=100.0000, clip=±0.50%) residual_len=0
[MM] mu=0.4413 omega=99.7620 (nominal=100.0000, clip=±0.50%) residual_len=0
[MM] mu=0.7036 omega=99.7319 (nominal=100.0000, clip=±0.50%) residual_len=0
[RX] SYNCWORD BER: 0.0
[MM] mu=0.9192 omega=99.6237 (nominal=100.0000, clip=±0.50%) residual_len=0
[RX] DATA BER: 0.234375
[RX] Dropping failed checksum
[TX] Sending - Lorem ipsum dolor sit amet, ___?
[MM] mu=0.1681 omega=99.5468 (nominal=100.0000, clip=±0.50%) residual_len=0
[MM] mu=0.4381 omega=99.7210 (nominal=100.0000, clip=±0.50%) residual_len=0
[MM] mu=0.5816 omega=99.6257 (nominal=100.0000, clip=±0.50%) residual_len=0
[MM] mu=0.5321 omega=99.6785 (nominal=100.0000, clip=±0.50%) residual_len=0
[RX] SYNCWORD BER: 0.0
[MM] mu=0.5655 omega=99.6740 (nominal=100.0000, clip=±0.50%) residual_len=0
[RX] DATA BER: 0.22265625
[RX] Dropping failed checksum
[TX] Sending - Lorem ipsum dolor sit amet, ___?
[MM] mu=0.3004 omega=99.6101 (nominal=100.0000, clip=±0.50%) residual_len=0
[MM] mu=0.4690 omega=99.6868 (nominal=100.0000, clip=±0.50%) residual_len=0
[MM] mu=0.0033 omega=99.7645 (nominal=100.0000, clip=±0.50%) residual_len=0
[MM] mu=0.4511 omega=99.7039 (nominal=100.0000, clip=±0.50%) residual_len=0
[RX] SYNCWORD BER: 0.0
[RX] DATA BER: 0.14453125
[RX] Dropping failed checksum
[MM] mu=0.7728 omega=99.6751 (nominal=100.0000, clip=±0.50%) residual_len=7
[TX] Sending - Lorem ipsum dolor sit amet, ___?
[MM] mu=0.4274 omega=99.5432 (nominal=100.0000, clip=±0.50%) residual_len=0
[MM] mu=0.6016 omega=99.5848 (nominal=100.0000, clip=±0.50%) residual_len=0
[MM] mu=0.8483 omega=99.5967 (nominal=100.0000, clip=±0.50%) residual_len=0
[RX] SYNCWORD BER: 0.0
[MM] mu=0.8714 omega=99.5871 (nominal=100.0000, clip=±0.50%) residual_len=0
[RX] DATA BER: 0.3671875
[RX] Dropping failed checksum
[TX] Sending - Lorem ipsum dolor sit amet, ___?
[MM] mu=0.1854 omega=99.6107 (nominal=100.0000, clip=±0.50%) residual_len=0
[MM] mu=0.5493 omega=99.5951 (nominal=100.0000, clip=±0.50%) residual_len=5
[MM] mu=0.3528 omega=99.5144 (nominal=100.0000, clip=±0.50%) residual_len=2
[MM] mu=0.9347 omega=99.6069 (nominal=100.0000, clip=±0.50%) residual_len=0
[MM] mu=0.4372 omega=99.6272 (nominal=100.0000, clip=±0.50%) residual_len=11
[TX] Sending - Lorem ipsum dolor sit amet, ___?
[MM] mu=0.5430 omega=99.6633 (nominal=100.0000, clip=±0.50%) residual_len=0
[MM] mu=0.4196 omega=99.5805 (nominal=100.0000, clip=±0.50%) residual_len=0
[MM] mu=0.1096 omega=99.5540 (nominal=100.0000, clip=±0.50%) residual_len=0
[MM] mu=0.7601 omega=99.5042 (nominal=100.0000, clip=±0.50%) residual_len=0
[RX] SYNCWORD BER: 0.5
[RX] SYNCWORD BER: 0.5
[RX] SYNCWORD BER: 0.5
[RX] SYNCWORD BER: 0.5625
[RX] SYNCWORD BER: 0.125
[MM] mu=0.9867 omega=99.5096 (nominal=100.0000, clip=±0.50%) residual_len=4
[TX] Sending - Lorem ipsum dolor sit amet, ___?
[MM] mu=0.6804 omega=99.5489 (nominal=100.0000, clip=±0.50%) residual_len=0
[MM] mu=0.0262 omega=99.5620 (nominal=100.0000, clip=±0.50%) residual_len=0
[MM] mu=0.9644 omega=99.8394 (nominal=100.0000, clip=±0.50%) residual_len=0
[RX] SYNCWORD BER: 0.5
[RX] SYNCWORD BER: 0.5
[RX] SYNCWORD BER: 0.5
[RX] SYNCWORD BER: 0.5
[MM] mu=0.3620 omega=99.7417 (nominal=100.0000, clip=±0.50%) residual_len=0
[RX] SYNCWORD BER: 0.5
[RX] SYNCWORD BER: 0.5
[RX] SYNCWORD BER: 0.5
[TX] Sending - Lorem ipsum dolor sit amet, ___?
[MM] mu=0.6167 omega=99.6755 (nominal=100.0000, clip=±0.50%) residual_len=0
[MM] mu=0.9796 omega=99.8606 (nominal=100.0000, clip=±0.50%) residual_len=0
[MM] mu=0.1260 omega=99.9505 (nominal=100.0000, clip=±0.50%) residual_len=0
[MM] mu=0.8560 omega=99.8990 (nominal=100.0000, clip=±0.50%) residual_len=0
[RX] SYNCWORD BER: 0.0
[MM] mu=0.8931 omega=99.9199 (nominal=100.0000, clip=±0.50%) residual_len=0
[RX] DATA BER: 0.0
[RX] Dropping failed checksum
[TX] Sending - Lorem ipsum dolor sit amet, ___?
[MM] mu=0.8526 omega=100.0071 (nominal=100.0000, clip=±0.50%) residual_len=0
[MM] mu=0.8696 omega=100.0165 (nominal=100.0000, clip=±0.50%) residual_len=0
[MM] mu=0.6523 omega=99.9851 (nominal=100.0000, clip=±0.50%) residual_len=0
[MM] mu=0.7104 omega=100.0828 (nominal=100.0000, clip=±0.50%) residual_len=0
[RX] SYNCWORD BER: 0.0
[MM] mu=0.1986 omega=99.8347 (nominal=100.0000, clip=±0.50%) residual_len=0
[RX] DATA BER: 0.0

[RX] Received: Lorem ipsum dolor sit amet, ___?

[TX] Sending - Lorem ipsum dolor sit amet, ___?
[MM] mu=0.0101 omega=100.0636 (nominal=100.0000, clip=±0.50%) residual_len=0
[MM] mu=0.4775 omega=100.0145 (nominal=100.0000, clip=±0.50%) residual_len=0
[MM] mu=0.9729 omega=99.9931 (nominal=100.0000, clip=±0.50%) residual_len=0
[MM] mu=0.2245 omega=99.9352 (nominal=100.0000, clip=±0.50%) residual_len=0
[RX] SYNCWORD BER: 0.0
[RX] DATA BER: 0.0

[RX] Received: Lorem ipsum dolor sit amet, ___?

[MM] mu=0.4953 omega=99.9634 (nominal=100.0000, clip=±0.50%) residual_len=0
[TX] Sending - Lorem ipsum dolor sit amet, ___?
[MM] mu=0.0134 omega=100.0404 (nominal=100.0000, clip=±0.50%) residual_len=0
[MM] mu=0.2444 omega=100.1140 (nominal=100.0000, clip=±0.50%) residual_len=0
[MM] mu=0.0355 omega=100.0658 (nominal=100.0000, clip=±0.50%) residual_len=8
[RX] SYNCWORD BER: 0.0
[MM] mu=0.2471 omega=99.9921 (nominal=100.0000, clip=±0.50%) residual_len=0
[RX] DATA BER: 0.0

[RX] Received: Lorem ipsum dolor sit amet, ___?

[TX] Sending - Lorem ipsum dolor sit amet, ___?
[MM] mu=0.7727 omega=99.8296 (nominal=100.0000, clip=±0.50%) residual_len=0
[MM] mu=0.3303 omega=99.7061 (nominal=100.0000, clip=±0.50%) residual_len=12
[MM] mu=0.0348 omega=99.6948 (nominal=100.0000, clip=±0.50%) residual_len=0
[MM] mu=0.1993 omega=99.7048 (nominal=100.0000, clip=±0.50%) residual_len=0
[RX] SYNCWORD BER: 0.0
[MM] mu=0.6339 omega=99.7279 (nominal=100.0000, clip=±0.50%) residual_len=11
[RX] DATA BER: 0.1328125
[RX] Dropping failed checksum
[TX] Sending - Lorem ipsum dolor sit amet, ___?
[MM] mu=0.6633 omega=99.7116 (nominal=100.0000, clip=±0.50%) residual_len=12
[MM] mu=0.7643 omega=99.8002 (nominal=100.0000, clip=±0.50%) residual_len=0
[MM] mu=0.1579 omega=99.8065 (nominal=100.0000, clip=±0.50%) residual_len=0
[MM] mu=0.3534 omega=99.7467 (nominal=100.0000, clip=±0.50%) residual_len=0
[RX] SYNCWORD BER: 0.0
[RX] DATA BER: 0.171875
[RX] Dropping failed checksum
[MM] mu=0.8843 omega=99.8383 (nominal=100.0000, clip=±0.50%) residual_len=8
[TX] Sending - Lorem ipsum dolor sit amet, ___?
[MM] mu=0.0551 omega=99.8255 (nominal=100.0000, clip=±0.50%) residual_len=0
[MM] mu=0.3268 omega=99.7063 (nominal=100.0000, clip=±0.50%) residual_len=0
[MM] mu=0.6235 omega=99.6069 (nominal=100.0000, clip=±0.50%) residual_len=0
[RX] SYNCWORD BER: 0.0
[MM] mu=0.7593 omega=99.5921 (nominal=100.0000, clip=±0.50%) residual_len=0
[RX] DATA BER: 0.328125
[RX] Dropping failed checksum

